
[36m
*** Info ***
'execute_on' parameter specified in [Outputs] block is ignored for object 'checkpoint'.
Define this object in its own sub-block of [Outputs] to modify its execution schedule.[39m
Framework Information:
MOOSE Version:           git commit abafb58b on 2026-02-20
LibMesh Version:         
PETSc Version:           3.24.4
SLEPc Version:           3.24.0
Current Time:            Sun Sep 20 15:04:08 2026
Executable Timestamp:    Sun Sep 20 14:26:45 2026

Input File(s):
  /home/jfoster/projects/research/reactive_transport/anisotropic-biot-tensor/.agent-runtime/moose-fe-goal-2026-09-20/implementation/runs/mms_time_fine32_0.005/input.i

Command Line Argument(s):
  --n-threads=1

Command Line Input Argument(s):
  Outputs/file_base=/home/jfoster/projects/research/reactive_transport/anisotropic-biot-tensor/.agent-runtime/moose-fe-goal-2026-09-20/implementation/runs/mms_time_fine32_0.005/solution

Checkpoint:
  Wall Time Interval:      Every 3600 s
  User Checkpoint:         Disabled
  # Checkpoints Kept:      2
  Execute On:              TIMESTEP_END 

Parallelism:
  Num Processors:          1
  Num Threads:             1

Mesh: 
  Parallel Type:           replicated
  Mesh Dimension:          2
  Spatial Dimension:       2
  Nodes:                   4225
  Elems:                   1024
  Num Subdomains:          1

Nonlinear System:
  Num DOFs:                9539
  Num Local DOFs:          9539
  Variables:               { "ux" "uy" } "p" 
  Finite Element Types:    "LAGRANGE" "LAGRANGE" 
  Approximation Orders:    "SECOND" "FIRST" 

Auxiliary System:
  Num DOFs:                14530
  Num Local DOFs:          14530
  Variables:               { "J" "Jbar" "solid_fraction" "stability" "energy" "B12" "sigma11" "sigma22" 
                             "sigma12" } "mass_reaction" "force_reaction" 
  Finite Element Types:    "MONOMIAL" "LAGRANGE" "LAGRANGE" 
  Approximation Orders:    "CONSTANT" "FIRST" "SECOND" 

Execution Information:
  Executioner:             Transient
  TimeStepper:             ConstantDT
  TimeIntegrator(s):       ImplicitEuler
  Solver Mode:             NEWTON 
  PETSc Preconditioner:    lu 
  MOOSE Preconditioner:    SMP 
[31mLEGACY MODES ENABLED:[39m
 This application uses the legacy material output option: material properties are output only on TIMESTEP_END, not INITIAL. To remove this message, set 'use_legacy_material_output' to false in this application. If there are gold output files that contain material property output for which output occurs on INITIAL, then these will generate diffs due to zero values being stored, and these tests should be re-golded.
[39m
[31mLEGACY MODES ENABLED:[39m
 This application uses the legacy initial residual evaluation behavior. The legacy behavior performs an often times redundant residual evaluation before the solution modifying objects are executed prior to the initial (0th nonlinear iteration) residual evaluation. The new behavior skips that redundant residual evaluation unless the parameter Executioner/use_pre_smo_residual is set to true. To remove this message and enable the new behavior, set the parameter 'use_legacy_initial_residual_evaluation_behavior' to false in *App.C. Some tests that rely on the side effects of the legacy behavior may fail/diff and should be re-golded.
[39m

Time Step 0, time = 0

Postprocessor Values:
+----------------+----------------+----------------+----------------+
| time           | p_l2           | ux_l2          | uy_l2          |
+----------------+----------------+----------------+----------------+
|   0.000000e+00 |   0.000000e+00 |   0.000000e+00 |   0.000000e+00 |
+----------------+----------------+----------------+----------------+

Warning, Exodus files cannot have titles longer than 80 characters.  Your title will be truncated.

Time Step 1, time = 0.005, dt = 0.005
 * Nonlinear |R| = [32m7.873329e-04[39m (Before preset BCs, predictors, correctors, and constraints)
 0 Nonlinear |R| = [32m6.787027e-03[39m
      0 Linear |R| = [32m6.787027e-03[39m
      1 Linear |R| = [32m4.802943e-17[39m
 1 Nonlinear |R| = [32m1.399197e-15[39m
[32m Solve Converged![39m

Postprocessor Values:
+----------------+----------------+----------------+----------------+
| time           | p_l2           | ux_l2          | uy_l2          |
+----------------+----------------+----------------+----------------+
|   0.000000e+00 |   0.000000e+00 |   0.000000e+00 |   0.000000e+00 |
|   5.000000e-03 |   3.747916e-08 |   1.835139e-10 |   1.879662e-10 |
+----------------+----------------+----------------+----------------+


Time Step 2, time = 0.01, dt = 0.005
 * Nonlinear |R| = [32m7.873047e-04[39m (Before preset BCs, predictors, correctors, and constraints)
 0 Nonlinear |R| = [32m6.786856e-03[39m
      0 Linear |R| = [32m6.786856e-03[39m
      1 Linear |R| = [32m4.964103e-17[39m
 1 Nonlinear |R| = [32m1.980811e-15[39m
[32m Solve Converged![39m

Postprocessor Values:
+----------------+----------------+----------------+----------------+
| time           | p_l2           | ux_l2          | uy_l2          |
+----------------+----------------+----------------+----------------+
|   0.000000e+00 |   0.000000e+00 |   0.000000e+00 |   0.000000e+00 |
|   5.000000e-03 |   3.747916e-08 |   1.835139e-10 |   1.879662e-10 |
|   1.000000e-02 |   7.716417e-08 |   3.706090e-10 |   3.796819e-10 |
+----------------+----------------+----------------+----------------+


Time Step 3, time = 0.015, dt = 0.005
 * Nonlinear |R| = [32m7.872647e-04[39m (Before preset BCs, predictors, correctors, and constraints)
 0 Nonlinear |R| = [32m6.786516e-03[39m
      0 Linear |R| = [32m6.786516e-03[39m
      1 Linear |R| = [32m4.730265e-17[39m
 1 Nonlinear |R| = [32m1.981865e-15[39m
[32m Solve Converged![39m

Postprocessor Values:
+----------------+----------------+----------------+----------------+
| time           | p_l2           | ux_l2          | uy_l2          |
+----------------+----------------+----------------+----------------+
|   0.000000e+00 |   0.000000e+00 |   0.000000e+00 |   0.000000e+00 |
|   5.000000e-03 |   3.747916e-08 |   1.835139e-10 |   1.879662e-10 |
|   1.000000e-02 |   7.716417e-08 |   3.706090e-10 |   3.796819e-10 |
|   1.500000e-02 |   1.170934e-07 |   5.581576e-10 |   5.718355e-10 |
+----------------+----------------+----------------+----------------+


Time Step 4, time = 0.02, dt = 0.005
 * Nonlinear |R| = [32m7.872056e-04[39m (Before preset BCs, predictors, correctors, and constraints)
 0 Nonlinear |R| = [32m6.786007e-03[39m
      0 Linear |R| = [32m6.786007e-03[39m
      1 Linear |R| = [32m5.273116e-17[39m
 1 Nonlinear |R| = [32m2.015056e-15[39m
[32m Solve Converged![39m

Postprocessor Values:
+----------------+----------------+----------------+----------------+
| time           | p_l2           | ux_l2          | uy_l2          |
+----------------+----------------+----------------+----------------+
|   0.000000e+00 |   0.000000e+00 |   0.000000e+00 |   0.000000e+00 |
|   5.000000e-03 |   3.747916e-08 |   1.835139e-10 |   1.879662e-10 |
|   1.000000e-02 |   7.716417e-08 |   3.706090e-10 |   3.796819e-10 |
|   1.500000e-02 |   1.170934e-07 |   5.581576e-10 |   5.718355e-10 |
|   2.000000e-02 |   1.570523e-07 |   7.457633e-10 |   7.640365e-10 |
+----------------+----------------+----------------+----------------+


Time Step 5, time = 0.025, dt = 0.005
 * Nonlinear |R| = [32m7.871268e-04[39m (Before preset BCs, predictors, correctors, and constraints)
 0 Nonlinear |R| = [32m6.785329e-03[39m
      0 Linear |R| = [32m6.785329e-03[39m
      1 Linear |R| = [32m5.012217e-17[39m
 1 Nonlinear |R| = [32m1.992494e-15[39m
[32m Solve Converged![39m

Postprocessor Values:
+----------------+----------------+----------------+----------------+
| time           | p_l2           | ux_l2          | uy_l2          |
+----------------+----------------+----------------+----------------+
|   0.000000e+00 |   0.000000e+00 |   0.000000e+00 |   0.000000e+00 |
|   5.000000e-03 |   3.747916e-08 |   1.835139e-10 |   1.879662e-10 |
|   1.000000e-02 |   7.716417e-08 |   3.706090e-10 |   3.796819e-10 |
|   1.500000e-02 |   1.170934e-07 |   5.581576e-10 |   5.718355e-10 |
|   2.000000e-02 |   1.570523e-07 |   7.457633e-10 |   7.640365e-10 |
|   2.500000e-02 |   1.970132e-07 |   9.333659e-10 |   9.562303e-10 |
+----------------+----------------+----------------+----------------+


Time Step 6, time = 0.03, dt = 0.005
 * Nonlinear |R| = [32m7.870284e-04[39m (Before preset BCs, predictors, correctors, and constraints)
 0 Nonlinear |R| = [32m6.784480e-03[39m
      0 Linear |R| = [32m6.784480e-03[39m
      1 Linear |R| = [32m5.104266e-17[39m
 1 Nonlinear |R| = [32m1.991227e-15[39m
[32m Solve Converged![39m

Postprocessor Values:
+----------------+----------------+----------------+----------------+
| time           | p_l2           | ux_l2          | uy_l2          |
+----------------+----------------+----------------+----------------+
|   0.000000e+00 |   0.000000e+00 |   0.000000e+00 |   0.000000e+00 |
|   5.000000e-03 |   3.747916e-08 |   1.835139e-10 |   1.879662e-10 |
|   1.000000e-02 |   7.716417e-08 |   3.706090e-10 |   3.796819e-10 |
|   1.500000e-02 |   1.170934e-07 |   5.581576e-10 |   5.718355e-10 |
|   2.000000e-02 |   1.570523e-07 |   7.457633e-10 |   7.640365e-10 |
|   2.500000e-02 |   1.970132e-07 |   9.333659e-10 |   9.562303e-10 |
|   3.000000e-02 |   2.369710e-07 |   1.120951e-09 |   1.148404e-09 |
+----------------+----------------+----------------+----------------+


Time Step 7, time = 0.035, dt = 0.005
 * Nonlinear |R| = [32m7.869103e-04[39m (Before preset BCs, predictors, correctors, and constraints)
 0 Nonlinear |R| = [32m6.783462e-03[39m
      0 Linear |R| = [32m6.783462e-03[39m
      1 Linear |R| = [32m4.709039e-17[39m
 1 Nonlinear |R| = [32m1.970328e-15[39m
[32m Solve Converged![39m

Postprocessor Values:
+----------------+----------------+----------------+----------------+
| time           | p_l2           | ux_l2          | uy_l2          |
+----------------+----------------+----------------+----------------+
|   0.000000e+00 |   0.000000e+00 |   0.000000e+00 |   0.000000e+00 |
|   5.000000e-03 |   3.747916e-08 |   1.835139e-10 |   1.879662e-10 |
|   1.000000e-02 |   7.716417e-08 |   3.706090e-10 |   3.796819e-10 |
|   1.500000e-02 |   1.170934e-07 |   5.581576e-10 |   5.718355e-10 |
|   2.000000e-02 |   1.570523e-07 |   7.457633e-10 |   7.640365e-10 |
|   2.500000e-02 |   1.970132e-07 |   9.333659e-10 |   9.562303e-10 |
|   3.000000e-02 |   2.369710e-07 |   1.120951e-09 |   1.148404e-09 |
|   3.500000e-02 |   2.769236e-07 |   1.308510e-09 |   1.340551e-09 |
+----------------+----------------+----------------+----------------+


Time Step 8, time = 0.04, dt = 0.005
 * Nonlinear |R| = [32m7.867726e-04[39m (Before preset BCs, predictors, correctors, and constraints)
 0 Nonlinear |R| = [32m6.782275e-03[39m
      0 Linear |R| = [32m6.782275e-03[39m
      1 Linear |R| = [32m4.737499e-17[39m
 1 Nonlinear |R| = [32m1.982013e-15[39m
[32m Solve Converged![39m

Postprocessor Values:
+----------------+----------------+----------------+----------------+
| time           | p_l2           | ux_l2          | uy_l2          |
+----------------+----------------+----------------+----------------+
|   0.000000e+00 |   0.000000e+00 |   0.000000e+00 |   0.000000e+00 |
|   5.000000e-03 |   3.747916e-08 |   1.835139e-10 |   1.879662e-10 |
|   1.000000e-02 |   7.716417e-08 |   3.706090e-10 |   3.796819e-10 |
|   1.500000e-02 |   1.170934e-07 |   5.581576e-10 |   5.718355e-10 |
|   2.000000e-02 |   1.570523e-07 |   7.457633e-10 |   7.640365e-10 |
|   2.500000e-02 |   1.970132e-07 |   9.333659e-10 |   9.562303e-10 |
|   3.000000e-02 |   2.369710e-07 |   1.120951e-09 |   1.148404e-09 |
|   3.500000e-02 |   2.769236e-07 |   1.308510e-09 |   1.340551e-09 |
|   4.000000e-02 |   3.168698e-07 |   1.496038e-09 |   1.532666e-09 |
+----------------+----------------+----------------+----------------+


Time Step 9, time = 0.045, dt = 0.005
 * Nonlinear |R| = [32m7.866152e-04[39m (Before preset BCs, predictors, correctors, and constraints)
 0 Nonlinear |R| = [32m6.780918e-03[39m
      0 Linear |R| = [32m6.780918e-03[39m
      1 Linear |R| = [32m7.221722e-17[39m
 1 Nonlinear |R| = [32m2.015190e-15[39m
[32m Solve Converged![39m

Postprocessor Values:
+----------------+----------------+----------------+----------------+
| time           | p_l2           | ux_l2          | uy_l2          |
+----------------+----------------+----------------+----------------+
|   0.000000e+00 |   0.000000e+00 |   0.000000e+00 |   0.000000e+00 |
|   5.000000e-03 |   3.747916e-08 |   1.835139e-10 |   1.879662e-10 |
|   1.000000e-02 |   7.716417e-08 |   3.706090e-10 |   3.796819e-10 |
|   1.500000e-02 |   1.170934e-07 |   5.581576e-10 |   5.718355e-10 |
|   2.000000e-02 |   1.570523e-07 |   7.457633e-10 |   7.640365e-10 |
|   2.500000e-02 |   1.970132e-07 |   9.333659e-10 |   9.562303e-10 |
|   3.000000e-02 |   2.369710e-07 |   1.120951e-09 |   1.148404e-09 |
|   3.500000e-02 |   2.769236e-07 |   1.308510e-09 |   1.340551e-09 |
|   4.000000e-02 |   3.168698e-07 |   1.496038e-09 |   1.532666e-09 |
|   4.500000e-02 |   3.568084e-07 |   1.683530e-09 |   1.724743e-09 |
+----------------+----------------+----------------+----------------+


Time Step 10, time = 0.05, dt = 0.005
 * Nonlinear |R| = [32m7.864381e-04[39m (Before preset BCs, predictors, correctors, and constraints)
 0 Nonlinear |R| = [32m6.779391e-03[39m
      0 Linear |R| = [32m6.779391e-03[39m
      1 Linear |R| = [32m4.587346e-17[39m
 1 Nonlinear |R| = [32m2.002692e-15[39m
[32m Solve Converged![39m

Postprocessor Values:
+----------------+----------------+----------------+----------------+
| time           | p_l2           | ux_l2          | uy_l2          |
+----------------+----------------+----------------+----------------+
|   0.000000e+00 |   0.000000e+00 |   0.000000e+00 |   0.000000e+00 |
|   5.000000e-03 |   3.747916e-08 |   1.835139e-10 |   1.879662e-10 |
|   1.000000e-02 |   7.716417e-08 |   3.706090e-10 |   3.796819e-10 |
|   1.500000e-02 |   1.170934e-07 |   5.581576e-10 |   5.718355e-10 |
|   2.000000e-02 |   1.570523e-07 |   7.457633e-10 |   7.640365e-10 |
|   2.500000e-02 |   1.970132e-07 |   9.333659e-10 |   9.562303e-10 |
|   3.000000e-02 |   2.369710e-07 |   1.120951e-09 |   1.148404e-09 |
|   3.500000e-02 |   2.769236e-07 |   1.308510e-09 |   1.340551e-09 |
|   4.000000e-02 |   3.168698e-07 |   1.496038e-09 |   1.532666e-09 |
|   4.500000e-02 |   3.568084e-07 |   1.683530e-09 |   1.724743e-09 |
|   5.000000e-02 |   3.967383e-07 |   1.870981e-09 |   1.916777e-09 |
+----------------+----------------+----------------+----------------+


Time Step 11, time = 0.055, dt = 0.005
 * Nonlinear |R| = [32m7.862413e-04[39m (Before preset BCs, predictors, correctors, and constraints)
 0 Nonlinear |R| = [32m6.777695e-03[39m
      0 Linear |R| = [32m6.777695e-03[39m
      1 Linear |R| = [32m4.585714e-17[39m
 1 Nonlinear |R| = [32m2.022686e-15[39m
[32m Solve Converged![39m

Postprocessor Values:
+----------------+----------------+----------------+----------------+
| time           | p_l2           | ux_l2          | uy_l2          |
+----------------+----------------+----------------+----------------+
|   0.000000e+00 |   0.000000e+00 |   0.000000e+00 |   0.000000e+00 |
|   5.000000e-03 |   3.747916e-08 |   1.835139e-10 |   1.879662e-10 |
|   1.000000e-02 |   7.716417e-08 |   3.706090e-10 |   3.796819e-10 |
|   1.500000e-02 |   1.170934e-07 |   5.581576e-10 |   5.718355e-10 |
|   2.000000e-02 |   1.570523e-07 |   7.457633e-10 |   7.640365e-10 |
|   2.500000e-02 |   1.970132e-07 |   9.333659e-10 |   9.562303e-10 |
|   3.000000e-02 |   2.369710e-07 |   1.120951e-09 |   1.148404e-09 |
|   3.500000e-02 |   2.769236e-07 |   1.308510e-09 |   1.340551e-09 |
|   4.000000e-02 |   3.168698e-07 |   1.496038e-09 |   1.532666e-09 |
|   4.500000e-02 |   3.568084e-07 |   1.683530e-09 |   1.724743e-09 |
|   5.000000e-02 |   3.967383e-07 |   1.870981e-09 |   1.916777e-09 |
|   5.500000e-02 |   4.366584e-07 |   2.058385e-09 |   2.108764e-09 |
+----------------+----------------+----------------+----------------+


Time Step 12, time = 0.06, dt = 0.005
 * Nonlinear |R| = [32m7.860249e-04[39m (Before preset BCs, predictors, correctors, and constraints)
 0 Nonlinear |R| = [32m6.775830e-03[39m
      0 Linear |R| = [32m6.775830e-03[39m
      1 Linear |R| = [32m5.379264e-17[39m
 1 Nonlinear |R| = [32m2.033795e-15[39m
[32m Solve Converged![39m

Postprocessor Values:
+----------------+----------------+----------------+----------------+
| time           | p_l2           | ux_l2          | uy_l2          |
+----------------+----------------+----------------+----------------+
|   0.000000e+00 |   0.000000e+00 |   0.000000e+00 |   0.000000e+00 |
|   5.000000e-03 |   3.747916e-08 |   1.835139e-10 |   1.879662e-10 |
|   1.000000e-02 |   7.716417e-08 |   3.706090e-10 |   3.796819e-10 |
|   1.500000e-02 |   1.170934e-07 |   5.581576e-10 |   5.718355e-10 |
|   2.000000e-02 |   1.570523e-07 |   7.457633e-10 |   7.640365e-10 |
|   2.500000e-02 |   1.970132e-07 |   9.333659e-10 |   9.562303e-10 |
|   3.000000e-02 |   2.369710e-07 |   1.120951e-09 |   1.148404e-09 |
|   3.500000e-02 |   2.769236e-07 |   1.308510e-09 |   1.340551e-09 |
|   4.000000e-02 |   3.168698e-07 |   1.496038e-09 |   1.532666e-09 |
|   4.500000e-02 |   3.568084e-07 |   1.683530e-09 |   1.724743e-09 |
|   5.000000e-02 |   3.967383e-07 |   1.870981e-09 |   1.916777e-09 |
|   5.500000e-02 |   4.366584e-07 |   2.058385e-09 |   2.108764e-09 |
|   6.000000e-02 |   4.765678e-07 |   2.245738e-09 |   2.300699e-09 |
+----------------+----------------+----------------+----------------+


Time Step 13, time = 0.065, dt = 0.005
 * Nonlinear |R| = [32m7.857889e-04[39m (Before preset BCs, predictors, correctors, and constraints)
 0 Nonlinear |R| = [32m6.773795e-03[39m
      0 Linear |R| = [32m6.773795e-03[39m
      1 Linear |R| = [32m4.825595e-17[39m
 1 Nonlinear |R| = [32m2.050229e-15[39m
[32m Solve Converged![39m

Postprocessor Values:
+----------------+----------------+----------------+----------------+
| time           | p_l2           | ux_l2          | uy_l2          |
+----------------+----------------+----------------+----------------+
|   0.000000e+00 |   0.000000e+00 |   0.000000e+00 |   0.000000e+00 |
|   5.000000e-03 |   3.747916e-08 |   1.835139e-10 |   1.879662e-10 |
|   1.000000e-02 |   7.716417e-08 |   3.706090e-10 |   3.796819e-10 |
|   1.500000e-02 |   1.170934e-07 |   5.581576e-10 |   5.718355e-10 |
|   2.000000e-02 |   1.570523e-07 |   7.457633e-10 |   7.640365e-10 |
|   2.500000e-02 |   1.970132e-07 |   9.333659e-10 |   9.562303e-10 |
|   3.000000e-02 |   2.369710e-07 |   1.120951e-09 |   1.148404e-09 |
|   3.500000e-02 |   2.769236e-07 |   1.308510e-09 |   1.340551e-09 |
|   4.000000e-02 |   3.168698e-07 |   1.496038e-09 |   1.532666e-09 |
|   4.500000e-02 |   3.568084e-07 |   1.683530e-09 |   1.724743e-09 |
|   5.000000e-02 |   3.967383e-07 |   1.870981e-09 |   1.916777e-09 |
|   5.500000e-02 |   4.366584e-07 |   2.058385e-09 |   2.108764e-09 |
|   6.000000e-02 |   4.765678e-07 |   2.245738e-09 |   2.300699e-09 |
|   6.500000e-02 |   5.164653e-07 |   2.433036e-09 |   2.492576e-09 |
+----------------+----------------+----------------+----------------+


Time Step 14, time = 0.07, dt = 0.005
 * Nonlinear |R| = [32m7.855332e-04[39m (Before preset BCs, predictors, correctors, and constraints)
 0 Nonlinear |R| = [32m6.771591e-03[39m
      0 Linear |R| = [32m6.771591e-03[39m
      1 Linear |R| = [32m5.027460e-17[39m
 1 Nonlinear |R| = [32m1.963799e-15[39m
[32m Solve Converged![39m

Postprocessor Values:
+----------------+----------------+----------------+----------------+
| time           | p_l2           | ux_l2          | uy_l2          |
+----------------+----------------+----------------+----------------+
|   0.000000e+00 |   0.000000e+00 |   0.000000e+00 |   0.000000e+00 |
|   5.000000e-03 |   3.747916e-08 |   1.835139e-10 |   1.879662e-10 |
|   1.000000e-02 |   7.716417e-08 |   3.706090e-10 |   3.796819e-10 |
|   1.500000e-02 |   1.170934e-07 |   5.581576e-10 |   5.718355e-10 |
|   2.000000e-02 |   1.570523e-07 |   7.457633e-10 |   7.640365e-10 |
|   2.500000e-02 |   1.970132e-07 |   9.333659e-10 |   9.562303e-10 |
|   3.000000e-02 |   2.369710e-07 |   1.120951e-09 |   1.148404e-09 |
|   3.500000e-02 |   2.769236e-07 |   1.308510e-09 |   1.340551e-09 |
|   4.000000e-02 |   3.168698e-07 |   1.496038e-09 |   1.532666e-09 |
|   4.500000e-02 |   3.568084e-07 |   1.683530e-09 |   1.724743e-09 |
|   5.000000e-02 |   3.967383e-07 |   1.870981e-09 |   1.916777e-09 |
|   5.500000e-02 |   4.366584e-07 |   2.058385e-09 |   2.108764e-09 |
|   6.000000e-02 |   4.765678e-07 |   2.245738e-09 |   2.300699e-09 |
|   6.500000e-02 |   5.164653e-07 |   2.433036e-09 |   2.492576e-09 |
|   7.000000e-02 |   5.563500e-07 |   2.620273e-09 |   2.684391e-09 |
+----------------+----------------+----------------+----------------+


Time Step 15, time = 0.075, dt = 0.005
 * Nonlinear |R| = [32m7.852578e-04[39m (Before preset BCs, predictors, correctors, and constraints)
 0 Nonlinear |R| = [32m6.769217e-03[39m
      0 Linear |R| = [32m6.769217e-03[39m
      1 Linear |R| = [32m6.877308e-17[39m
 1 Nonlinear |R| = [32m2.008237e-15[39m
[32m Solve Converged![39m

Postprocessor Values:
+----------------+----------------+----------------+----------------+
| time           | p_l2           | ux_l2          | uy_l2          |
+----------------+----------------+----------------+----------------+
:                :                :                :                :
|   5.000000e-03 |   3.747916e-08 |   1.835139e-10 |   1.879662e-10 |
|   1.000000e-02 |   7.716417e-08 |   3.706090e-10 |   3.796819e-10 |
|   1.500000e-02 |   1.170934e-07 |   5.581576e-10 |   5.718355e-10 |
|   2.000000e-02 |   1.570523e-07 |   7.457633e-10 |   7.640365e-10 |
|   2.500000e-02 |   1.970132e-07 |   9.333659e-10 |   9.562303e-10 |
|   3.000000e-02 |   2.369710e-07 |   1.120951e-09 |   1.148404e-09 |
|   3.500000e-02 |   2.769236e-07 |   1.308510e-09 |   1.340551e-09 |
|   4.000000e-02 |   3.168698e-07 |   1.496038e-09 |   1.532666e-09 |
|   4.500000e-02 |   3.568084e-07 |   1.683530e-09 |   1.724743e-09 |
|   5.000000e-02 |   3.967383e-07 |   1.870981e-09 |   1.916777e-09 |
|   5.500000e-02 |   4.366584e-07 |   2.058385e-09 |   2.108764e-09 |
|   6.000000e-02 |   4.765678e-07 |   2.245738e-09 |   2.300699e-09 |
|   6.500000e-02 |   5.164653e-07 |   2.433036e-09 |   2.492576e-09 |
|   7.000000e-02 |   5.563500e-07 |   2.620273e-09 |   2.684391e-09 |
|   7.500000e-02 |   5.962209e-07 |   2.807444e-09 |   2.876139e-09 |
+----------------+----------------+----------------+----------------+


Time Step 16, time = 0.08, dt = 0.005
 * Nonlinear |R| = [32m7.849628e-04[39m (Before preset BCs, predictors, correctors, and constraints)
 0 Nonlinear |R| = [32m6.766674e-03[39m
      0 Linear |R| = [32m6.766674e-03[39m
      1 Linear |R| = [32m4.717270e-17[39m
 1 Nonlinear |R| = [32m2.025850e-15[39m
[32m Solve Converged![39m

Postprocessor Values:
+----------------+----------------+----------------+----------------+
| time           | p_l2           | ux_l2          | uy_l2          |
+----------------+----------------+----------------+----------------+
:                :                :                :                :
|   1.000000e-02 |   7.716417e-08 |   3.706090e-10 |   3.796819e-10 |
|   1.500000e-02 |   1.170934e-07 |   5.581576e-10 |   5.718355e-10 |
|   2.000000e-02 |   1.570523e-07 |   7.457633e-10 |   7.640365e-10 |
|   2.500000e-02 |   1.970132e-07 |   9.333659e-10 |   9.562303e-10 |
|   3.000000e-02 |   2.369710e-07 |   1.120951e-09 |   1.148404e-09 |
|   3.500000e-02 |   2.769236e-07 |   1.308510e-09 |   1.340551e-09 |
|   4.000000e-02 |   3.168698e-07 |   1.496038e-09 |   1.532666e-09 |
|   4.500000e-02 |   3.568084e-07 |   1.683530e-09 |   1.724743e-09 |
|   5.000000e-02 |   3.967383e-07 |   1.870981e-09 |   1.916777e-09 |
|   5.500000e-02 |   4.366584e-07 |   2.058385e-09 |   2.108764e-09 |
|   6.000000e-02 |   4.765678e-07 |   2.245738e-09 |   2.300699e-09 |
|   6.500000e-02 |   5.164653e-07 |   2.433036e-09 |   2.492576e-09 |
|   7.000000e-02 |   5.563500e-07 |   2.620273e-09 |   2.684391e-09 |
|   7.500000e-02 |   5.962209e-07 |   2.807444e-09 |   2.876139e-09 |
|   8.000000e-02 |   6.360769e-07 |   2.994546e-09 |   3.067816e-09 |
+----------------+----------------+----------------+----------------+


Time Step 17, time = 0.085, dt = 0.005
 * Nonlinear |R| = [32m7.846482e-04[39m (Before preset BCs, predictors, correctors, and constraints)
 0 Nonlinear |R| = [32m6.763962e-03[39m
      0 Linear |R| = [32m6.763962e-03[39m
      1 Linear |R| = [32m4.793587e-17[39m
 1 Nonlinear |R| = [32m1.968766e-15[39m
[32m Solve Converged![39m

Postprocessor Values:
+----------------+----------------+----------------+----------------+
| time           | p_l2           | ux_l2          | uy_l2          |
+----------------+----------------+----------------+----------------+
:                :                :                :                :
|   1.500000e-02 |   1.170934e-07 |   5.581576e-10 |   5.718355e-10 |
|   2.000000e-02 |   1.570523e-07 |   7.457633e-10 |   7.640365e-10 |
|   2.500000e-02 |   1.970132e-07 |   9.333659e-10 |   9.562303e-10 |
|   3.000000e-02 |   2.369710e-07 |   1.120951e-09 |   1.148404e-09 |
|   3.500000e-02 |   2.769236e-07 |   1.308510e-09 |   1.340551e-09 |
|   4.000000e-02 |   3.168698e-07 |   1.496038e-09 |   1.532666e-09 |
|   4.500000e-02 |   3.568084e-07 |   1.683530e-09 |   1.724743e-09 |
|   5.000000e-02 |   3.967383e-07 |   1.870981e-09 |   1.916777e-09 |
|   5.500000e-02 |   4.366584e-07 |   2.058385e-09 |   2.108764e-09 |
|   6.000000e-02 |   4.765678e-07 |   2.245738e-09 |   2.300699e-09 |
|   6.500000e-02 |   5.164653e-07 |   2.433036e-09 |   2.492576e-09 |
|   7.000000e-02 |   5.563500e-07 |   2.620273e-09 |   2.684391e-09 |
|   7.500000e-02 |   5.962209e-07 |   2.807444e-09 |   2.876139e-09 |
|   8.000000e-02 |   6.360769e-07 |   2.994546e-09 |   3.067816e-09 |
|   8.500000e-02 |   6.759170e-07 |   3.181573e-09 |   3.259416e-09 |
+----------------+----------------+----------------+----------------+


Time Step 18, time = 0.09, dt = 0.005
 * Nonlinear |R| = [32m7.843140e-04[39m (Before preset BCs, predictors, correctors, and constraints)
 0 Nonlinear |R| = [32m6.761081e-03[39m
      0 Linear |R| = [32m6.761081e-03[39m
      1 Linear |R| = [32m4.891712e-17[39m
 1 Nonlinear |R| = [32m2.003647e-15[39m
[32m Solve Converged![39m

Postprocessor Values:
+----------------+----------------+----------------+----------------+
| time           | p_l2           | ux_l2          | uy_l2          |
+----------------+----------------+----------------+----------------+
:                :                :                :                :
|   2.000000e-02 |   1.570523e-07 |   7.457633e-10 |   7.640365e-10 |
|   2.500000e-02 |   1.970132e-07 |   9.333659e-10 |   9.562303e-10 |
|   3.000000e-02 |   2.369710e-07 |   1.120951e-09 |   1.148404e-09 |
|   3.500000e-02 |   2.769236e-07 |   1.308510e-09 |   1.340551e-09 |
|   4.000000e-02 |   3.168698e-07 |   1.496038e-09 |   1.532666e-09 |
|   4.500000e-02 |   3.568084e-07 |   1.683530e-09 |   1.724743e-09 |
|   5.000000e-02 |   3.967383e-07 |   1.870981e-09 |   1.916777e-09 |
|   5.500000e-02 |   4.366584e-07 |   2.058385e-09 |   2.108764e-09 |
|   6.000000e-02 |   4.765678e-07 |   2.245738e-09 |   2.300699e-09 |
|   6.500000e-02 |   5.164653e-07 |   2.433036e-09 |   2.492576e-09 |
|   7.000000e-02 |   5.563500e-07 |   2.620273e-09 |   2.684391e-09 |
|   7.500000e-02 |   5.962209e-07 |   2.807444e-09 |   2.876139e-09 |
|   8.000000e-02 |   6.360769e-07 |   2.994546e-09 |   3.067816e-09 |
|   8.500000e-02 |   6.759170e-07 |   3.181573e-09 |   3.259416e-09 |
|   9.000000e-02 |   7.157403e-07 |   3.368520e-09 |   3.450934e-09 |
+----------------+----------------+----------------+----------------+


Time Step 19, time = 0.095, dt = 0.005
 * Nonlinear |R| = [32m7.839602e-04[39m (Before preset BCs, predictors, correctors, and constraints)
 0 Nonlinear |R| = [32m6.758031e-03[39m
      0 Linear |R| = [32m6.758031e-03[39m
      1 Linear |R| = [32m7.346963e-17[39m
 1 Nonlinear |R| = [32m2.006697e-15[39m
[32m Solve Converged![39m

Postprocessor Values:
+----------------+----------------+----------------+----------------+
| time           | p_l2           | ux_l2          | uy_l2          |
+----------------+----------------+----------------+----------------+
:                :                :                :                :
|   2.500000e-02 |   1.970132e-07 |   9.333659e-10 |   9.562303e-10 |
|   3.000000e-02 |   2.369710e-07 |   1.120951e-09 |   1.148404e-09 |
|   3.500000e-02 |   2.769236e-07 |   1.308510e-09 |   1.340551e-09 |
|   4.000000e-02 |   3.168698e-07 |   1.496038e-09 |   1.532666e-09 |
|   4.500000e-02 |   3.568084e-07 |   1.683530e-09 |   1.724743e-09 |
|   5.000000e-02 |   3.967383e-07 |   1.870981e-09 |   1.916777e-09 |
|   5.500000e-02 |   4.366584e-07 |   2.058385e-09 |   2.108764e-09 |
|   6.000000e-02 |   4.765678e-07 |   2.245738e-09 |   2.300699e-09 |
|   6.500000e-02 |   5.164653e-07 |   2.433036e-09 |   2.492576e-09 |
|   7.000000e-02 |   5.563500e-07 |   2.620273e-09 |   2.684391e-09 |
|   7.500000e-02 |   5.962209e-07 |   2.807444e-09 |   2.876139e-09 |
|   8.000000e-02 |   6.360769e-07 |   2.994546e-09 |   3.067816e-09 |
|   8.500000e-02 |   6.759170e-07 |   3.181573e-09 |   3.259416e-09 |
|   9.000000e-02 |   7.157403e-07 |   3.368520e-09 |   3.450934e-09 |
|   9.500000e-02 |   7.555457e-07 |   3.555384e-09 |   3.642366e-09 |
+----------------+----------------+----------------+----------------+


Time Step 20, time = 0.1, dt = 0.005
 * Nonlinear |R| = [32m7.835868e-04[39m (Before preset BCs, predictors, correctors, and constraints)
 0 Nonlinear |R| = [32m6.754812e-03[39m
      0 Linear |R| = [32m6.754812e-03[39m
      1 Linear |R| = [32m4.806106e-17[39m
 1 Nonlinear |R| = [32m2.024728e-15[39m
[32m Solve Converged![39m

Postprocessor Values:
+----------------+----------------+----------------+----------------+
| time           | p_l2           | ux_l2          | uy_l2          |
+----------------+----------------+----------------+----------------+
:                :                :                :                :
|   3.000000e-02 |   2.369710e-07 |   1.120951e-09 |   1.148404e-09 |
|   3.500000e-02 |   2.769236e-07 |   1.308510e-09 |   1.340551e-09 |
|   4.000000e-02 |   3.168698e-07 |   1.496038e-09 |   1.532666e-09 |
|   4.500000e-02 |   3.568084e-07 |   1.683530e-09 |   1.724743e-09 |
|   5.000000e-02 |   3.967383e-07 |   1.870981e-09 |   1.916777e-09 |
|   5.500000e-02 |   4.366584e-07 |   2.058385e-09 |   2.108764e-09 |
|   6.000000e-02 |   4.765678e-07 |   2.245738e-09 |   2.300699e-09 |
|   6.500000e-02 |   5.164653e-07 |   2.433036e-09 |   2.492576e-09 |
|   7.000000e-02 |   5.563500e-07 |   2.620273e-09 |   2.684391e-09 |
|   7.500000e-02 |   5.962209e-07 |   2.807444e-09 |   2.876139e-09 |
|   8.000000e-02 |   6.360769e-07 |   2.994546e-09 |   3.067816e-09 |
|   8.500000e-02 |   6.759170e-07 |   3.181573e-09 |   3.259416e-09 |
|   9.000000e-02 |   7.157403e-07 |   3.368520e-09 |   3.450934e-09 |
|   9.500000e-02 |   7.555457e-07 |   3.555384e-09 |   3.642366e-09 |
|   1.000000e-01 |   7.953322e-07 |   3.742158e-09 |   3.833707e-09 |
+----------------+----------------+----------------+----------------+


Time Step 21, time = 0.105, dt = 0.005
 * Nonlinear |R| = [32m7.831938e-04[39m (Before preset BCs, predictors, correctors, and constraints)
 0 Nonlinear |R| = [32m6.751424e-03[39m
      0 Linear |R| = [32m6.751424e-03[39m
      1 Linear |R| = [32m4.824218e-17[39m
 1 Nonlinear |R| = [32m2.022927e-15[39m
[32m Solve Converged![39m

Postprocessor Values:
+----------------+----------------+----------------+----------------+
| time           | p_l2           | ux_l2          | uy_l2          |
+----------------+----------------+----------------+----------------+
:                :                :                :                :
|   3.500000e-02 |   2.769236e-07 |   1.308510e-09 |   1.340551e-09 |
|   4.000000e-02 |   3.168698e-07 |   1.496038e-09 |   1.532666e-09 |
|   4.500000e-02 |   3.568084e-07 |   1.683530e-09 |   1.724743e-09 |
|   5.000000e-02 |   3.967383e-07 |   1.870981e-09 |   1.916777e-09 |
|   5.500000e-02 |   4.366584e-07 |   2.058385e-09 |   2.108764e-09 |
|   6.000000e-02 |   4.765678e-07 |   2.245738e-09 |   2.300699e-09 |
|   6.500000e-02 |   5.164653e-07 |   2.433036e-09 |   2.492576e-09 |
|   7.000000e-02 |   5.563500e-07 |   2.620273e-09 |   2.684391e-09 |
|   7.500000e-02 |   5.962209e-07 |   2.807444e-09 |   2.876139e-09 |
|   8.000000e-02 |   6.360769e-07 |   2.994546e-09 |   3.067816e-09 |
|   8.500000e-02 |   6.759170e-07 |   3.181573e-09 |   3.259416e-09 |
|   9.000000e-02 |   7.157403e-07 |   3.368520e-09 |   3.450934e-09 |
|   9.500000e-02 |   7.555457e-07 |   3.555384e-09 |   3.642366e-09 |
|   1.000000e-01 |   7.953322e-07 |   3.742158e-09 |   3.833707e-09 |
|   1.050000e-01 |   8.350989e-07 |   3.928839e-09 |   4.024953e-09 |
+----------------+----------------+----------------+----------------+


Time Step 22, time = 0.11, dt = 0.005
 * Nonlinear |R| = [32m7.827812e-04[39m (Before preset BCs, predictors, correctors, and constraints)
 0 Nonlinear |R| = [32m6.747868e-03[39m
      0 Linear |R| = [32m6.747868e-03[39m
      1 Linear |R| = [32m4.990656e-17[39m
 1 Nonlinear |R| = [32m2.043614e-15[39m
[32m Solve Converged![39m

Postprocessor Values:
+----------------+----------------+----------------+----------------+
| time           | p_l2           | ux_l2          | uy_l2          |
+----------------+----------------+----------------+----------------+
:                :                :                :                :
|   4.000000e-02 |   3.168698e-07 |   1.496038e-09 |   1.532666e-09 |
|   4.500000e-02 |   3.568084e-07 |   1.683530e-09 |   1.724743e-09 |
|   5.000000e-02 |   3.967383e-07 |   1.870981e-09 |   1.916777e-09 |
|   5.500000e-02 |   4.366584e-07 |   2.058385e-09 |   2.108764e-09 |
|   6.000000e-02 |   4.765678e-07 |   2.245738e-09 |   2.300699e-09 |
|   6.500000e-02 |   5.164653e-07 |   2.433036e-09 |   2.492576e-09 |
|   7.000000e-02 |   5.563500e-07 |   2.620273e-09 |   2.684391e-09 |
|   7.500000e-02 |   5.962209e-07 |   2.807444e-09 |   2.876139e-09 |
|   8.000000e-02 |   6.360769e-07 |   2.994546e-09 |   3.067816e-09 |
|   8.500000e-02 |   6.759170e-07 |   3.181573e-09 |   3.259416e-09 |
|   9.000000e-02 |   7.157403e-07 |   3.368520e-09 |   3.450934e-09 |
|   9.500000e-02 |   7.555457e-07 |   3.555384e-09 |   3.642366e-09 |
|   1.000000e-01 |   7.953322e-07 |   3.742158e-09 |   3.833707e-09 |
|   1.050000e-01 |   8.350989e-07 |   3.928839e-09 |   4.024953e-09 |
|   1.100000e-01 |   8.748447e-07 |   4.115422e-09 |   4.216098e-09 |
+----------------+----------------+----------------+----------------+


Time Step 23, time = 0.115, dt = 0.005
 * Nonlinear |R| = [32m7.823490e-04[39m (Before preset BCs, predictors, correctors, and constraints)
 0 Nonlinear |R| = [32m6.744142e-03[39m
      0 Linear |R| = [32m6.744142e-03[39m
      1 Linear |R| = [32m4.722447e-17[39m
 1 Nonlinear |R| = [32m2.000864e-15[39m
[32m Solve Converged![39m

Postprocessor Values:
+----------------+----------------+----------------+----------------+
| time           | p_l2           | ux_l2          | uy_l2          |
+----------------+----------------+----------------+----------------+
:                :                :                :                :
|   4.500000e-02 |   3.568084e-07 |   1.683530e-09 |   1.724743e-09 |
|   5.000000e-02 |   3.967383e-07 |   1.870981e-09 |   1.916777e-09 |
|   5.500000e-02 |   4.366584e-07 |   2.058385e-09 |   2.108764e-09 |
|   6.000000e-02 |   4.765678e-07 |   2.245738e-09 |   2.300699e-09 |
|   6.500000e-02 |   5.164653e-07 |   2.433036e-09 |   2.492576e-09 |
|   7.000000e-02 |   5.563500e-07 |   2.620273e-09 |   2.684391e-09 |
|   7.500000e-02 |   5.962209e-07 |   2.807444e-09 |   2.876139e-09 |
|   8.000000e-02 |   6.360769e-07 |   2.994546e-09 |   3.067816e-09 |
|   8.500000e-02 |   6.759170e-07 |   3.181573e-09 |   3.259416e-09 |
|   9.000000e-02 |   7.157403e-07 |   3.368520e-09 |   3.450934e-09 |
|   9.500000e-02 |   7.555457e-07 |   3.555384e-09 |   3.642366e-09 |
|   1.000000e-01 |   7.953322e-07 |   3.742158e-09 |   3.833707e-09 |
|   1.050000e-01 |   8.350989e-07 |   3.928839e-09 |   4.024953e-09 |
|   1.100000e-01 |   8.748447e-07 |   4.115422e-09 |   4.216098e-09 |
|   1.150000e-01 |   9.145686e-07 |   4.301902e-09 |   4.407137e-09 |
+----------------+----------------+----------------+----------------+


Time Step 24, time = 0.12, dt = 0.005
 * Nonlinear |R| = [32m7.818973e-04[39m (Before preset BCs, predictors, correctors, and constraints)
 0 Nonlinear |R| = [32m6.740249e-03[39m
      0 Linear |R| = [32m6.740249e-03[39m
      1 Linear |R| = [32m4.901306e-17[39m
 1 Nonlinear |R| = [32m1.973518e-15[39m
[32m Solve Converged![39m

Postprocessor Values:
+----------------+----------------+----------------+----------------+
| time           | p_l2           | ux_l2          | uy_l2          |
+----------------+----------------+----------------+----------------+
:                :                :                :                :
|   5.000000e-02 |   3.967383e-07 |   1.870981e-09 |   1.916777e-09 |
|   5.500000e-02 |   4.366584e-07 |   2.058385e-09 |   2.108764e-09 |
|   6.000000e-02 |   4.765678e-07 |   2.245738e-09 |   2.300699e-09 |
|   6.500000e-02 |   5.164653e-07 |   2.433036e-09 |   2.492576e-09 |
|   7.000000e-02 |   5.563500e-07 |   2.620273e-09 |   2.684391e-09 |
|   7.500000e-02 |   5.962209e-07 |   2.807444e-09 |   2.876139e-09 |
|   8.000000e-02 |   6.360769e-07 |   2.994546e-09 |   3.067816e-09 |
|   8.500000e-02 |   6.759170e-07 |   3.181573e-09 |   3.259416e-09 |
|   9.000000e-02 |   7.157403e-07 |   3.368520e-09 |   3.450934e-09 |
|   9.500000e-02 |   7.555457e-07 |   3.555384e-09 |   3.642366e-09 |
|   1.000000e-01 |   7.953322e-07 |   3.742158e-09 |   3.833707e-09 |
|   1.050000e-01 |   8.350989e-07 |   3.928839e-09 |   4.024953e-09 |
|   1.100000e-01 |   8.748447e-07 |   4.115422e-09 |   4.216098e-09 |
|   1.150000e-01 |   9.145686e-07 |   4.301902e-09 |   4.407137e-09 |
|   1.200000e-01 |   9.542697e-07 |   4.488275e-09 |   4.598066e-09 |
+----------------+----------------+----------------+----------------+


Time Step 25, time = 0.125, dt = 0.005
 * Nonlinear |R| = [32m7.814261e-04[39m (Before preset BCs, predictors, correctors, and constraints)
 0 Nonlinear |R| = [32m6.736186e-03[39m
      0 Linear |R| = [32m6.736186e-03[39m
      1 Linear |R| = [32m4.815440e-17[39m
 1 Nonlinear |R| = [32m2.026171e-15[39m
[32m Solve Converged![39m

Postprocessor Values:
+----------------+----------------+----------------+----------------+
| time           | p_l2           | ux_l2          | uy_l2          |
+----------------+----------------+----------------+----------------+
:                :                :                :                :
|   5.500000e-02 |   4.366584e-07 |   2.058385e-09 |   2.108764e-09 |
|   6.000000e-02 |   4.765678e-07 |   2.245738e-09 |   2.300699e-09 |
|   6.500000e-02 |   5.164653e-07 |   2.433036e-09 |   2.492576e-09 |
|   7.000000e-02 |   5.563500e-07 |   2.620273e-09 |   2.684391e-09 |
|   7.500000e-02 |   5.962209e-07 |   2.807444e-09 |   2.876139e-09 |
|   8.000000e-02 |   6.360769e-07 |   2.994546e-09 |   3.067816e-09 |
|   8.500000e-02 |   6.759170e-07 |   3.181573e-09 |   3.259416e-09 |
|   9.000000e-02 |   7.157403e-07 |   3.368520e-09 |   3.450934e-09 |
|   9.500000e-02 |   7.555457e-07 |   3.555384e-09 |   3.642366e-09 |
|   1.000000e-01 |   7.953322e-07 |   3.742158e-09 |   3.833707e-09 |
|   1.050000e-01 |   8.350989e-07 |   3.928839e-09 |   4.024953e-09 |
|   1.100000e-01 |   8.748447e-07 |   4.115422e-09 |   4.216098e-09 |
|   1.150000e-01 |   9.145686e-07 |   4.301902e-09 |   4.407137e-09 |
|   1.200000e-01 |   9.542697e-07 |   4.488275e-09 |   4.598066e-09 |
|   1.250000e-01 |   9.939470e-07 |   4.674535e-09 |   4.788881e-09 |
+----------------+----------------+----------------+----------------+


Time Step 26, time = 0.13, dt = 0.005
 * Nonlinear |R| = [32m7.809353e-04[39m (Before preset BCs, predictors, correctors, and constraints)
 0 Nonlinear |R| = [32m6.731955e-03[39m
      0 Linear |R| = [32m6.731955e-03[39m
      1 Linear |R| = [32m4.735698e-17[39m
 1 Nonlinear |R| = [32m2.026548e-15[39m
[32m Solve Converged![39m

Postprocessor Values:
+----------------+----------------+----------------+----------------+
| time           | p_l2           | ux_l2          | uy_l2          |
+----------------+----------------+----------------+----------------+
:                :                :                :                :
|   6.000000e-02 |   4.765678e-07 |   2.245738e-09 |   2.300699e-09 |
|   6.500000e-02 |   5.164653e-07 |   2.433036e-09 |   2.492576e-09 |
|   7.000000e-02 |   5.563500e-07 |   2.620273e-09 |   2.684391e-09 |
|   7.500000e-02 |   5.962209e-07 |   2.807444e-09 |   2.876139e-09 |
|   8.000000e-02 |   6.360769e-07 |   2.994546e-09 |   3.067816e-09 |
|   8.500000e-02 |   6.759170e-07 |   3.181573e-09 |   3.259416e-09 |
|   9.000000e-02 |   7.157403e-07 |   3.368520e-09 |   3.450934e-09 |
|   9.500000e-02 |   7.555457e-07 |   3.555384e-09 |   3.642366e-09 |
|   1.000000e-01 |   7.953322e-07 |   3.742158e-09 |   3.833707e-09 |
|   1.050000e-01 |   8.350989e-07 |   3.928839e-09 |   4.024953e-09 |
|   1.100000e-01 |   8.748447e-07 |   4.115422e-09 |   4.216098e-09 |
|   1.150000e-01 |   9.145686e-07 |   4.301902e-09 |   4.407137e-09 |
|   1.200000e-01 |   9.542697e-07 |   4.488275e-09 |   4.598066e-09 |
|   1.250000e-01 |   9.939470e-07 |   4.674535e-09 |   4.788881e-09 |
|   1.300000e-01 |   1.033599e-06 |   4.860678e-09 |   4.979575e-09 |
+----------------+----------------+----------------+----------------+


Time Step 27, time = 0.135, dt = 0.005
 * Nonlinear |R| = [32m7.804250e-04[39m (Before preset BCs, predictors, correctors, and constraints)
 0 Nonlinear |R| = [32m6.727556e-03[39m
      0 Linear |R| = [32m6.727556e-03[39m
      1 Linear |R| = [32m4.746551e-17[39m
 1 Nonlinear |R| = [32m2.016151e-15[39m
[32m Solve Converged![39m

Postprocessor Values:
+----------------+----------------+----------------+----------------+
| time           | p_l2           | ux_l2          | uy_l2          |
+----------------+----------------+----------------+----------------+
:                :                :                :                :
|   6.500000e-02 |   5.164653e-07 |   2.433036e-09 |   2.492576e-09 |
|   7.000000e-02 |   5.563500e-07 |   2.620273e-09 |   2.684391e-09 |
|   7.500000e-02 |   5.962209e-07 |   2.807444e-09 |   2.876139e-09 |
|   8.000000e-02 |   6.360769e-07 |   2.994546e-09 |   3.067816e-09 |
|   8.500000e-02 |   6.759170e-07 |   3.181573e-09 |   3.259416e-09 |
|   9.000000e-02 |   7.157403e-07 |   3.368520e-09 |   3.450934e-09 |
|   9.500000e-02 |   7.555457e-07 |   3.555384e-09 |   3.642366e-09 |
|   1.000000e-01 |   7.953322e-07 |   3.742158e-09 |   3.833707e-09 |
|   1.050000e-01 |   8.350989e-07 |   3.928839e-09 |   4.024953e-09 |
|   1.100000e-01 |   8.748447e-07 |   4.115422e-09 |   4.216098e-09 |
|   1.150000e-01 |   9.145686e-07 |   4.301902e-09 |   4.407137e-09 |
|   1.200000e-01 |   9.542697e-07 |   4.488275e-09 |   4.598066e-09 |
|   1.250000e-01 |   9.939470e-07 |   4.674535e-09 |   4.788881e-09 |
|   1.300000e-01 |   1.033599e-06 |   4.860678e-09 |   4.979575e-09 |
|   1.350000e-01 |   1.073226e-06 |   5.046701e-09 |   5.170145e-09 |
+----------------+----------------+----------------+----------------+


Time Step 28, time = 0.14, dt = 0.005
 * Nonlinear |R| = [32m7.798951e-04[39m (Before preset BCs, predictors, correctors, and constraints)
 0 Nonlinear |R| = [32m6.722989e-03[39m
      0 Linear |R| = [32m6.722989e-03[39m
      1 Linear |R| = [32m5.244309e-17[39m
 1 Nonlinear |R| = [32m2.023839e-15[39m
[32m Solve Converged![39m

Postprocessor Values:
+----------------+----------------+----------------+----------------+
| time           | p_l2           | ux_l2          | uy_l2          |
+----------------+----------------+----------------+----------------+
:                :                :                :                :
|   7.000000e-02 |   5.563500e-07 |   2.620273e-09 |   2.684391e-09 |
|   7.500000e-02 |   5.962209e-07 |   2.807444e-09 |   2.876139e-09 |
|   8.000000e-02 |   6.360769e-07 |   2.994546e-09 |   3.067816e-09 |
|   8.500000e-02 |   6.759170e-07 |   3.181573e-09 |   3.259416e-09 |
|   9.000000e-02 |   7.157403e-07 |   3.368520e-09 |   3.450934e-09 |
|   9.500000e-02 |   7.555457e-07 |   3.555384e-09 |   3.642366e-09 |
|   1.000000e-01 |   7.953322e-07 |   3.742158e-09 |   3.833707e-09 |
|   1.050000e-01 |   8.350989e-07 |   3.928839e-09 |   4.024953e-09 |
|   1.100000e-01 |   8.748447e-07 |   4.115422e-09 |   4.216098e-09 |
|   1.150000e-01 |   9.145686e-07 |   4.301902e-09 |   4.407137e-09 |
|   1.200000e-01 |   9.542697e-07 |   4.488275e-09 |   4.598066e-09 |
|   1.250000e-01 |   9.939470e-07 |   4.674535e-09 |   4.788881e-09 |
|   1.300000e-01 |   1.033599e-06 |   4.860678e-09 |   4.979575e-09 |
|   1.350000e-01 |   1.073226e-06 |   5.046701e-09 |   5.170145e-09 |
|   1.400000e-01 |   1.112826e-06 |   5.232596e-09 |   5.360586e-09 |
+----------------+----------------+----------------+----------------+


Time Step 29, time = 0.145, dt = 0.005
 * Nonlinear |R| = [32m7.793458e-04[39m (Before preset BCs, predictors, correctors, and constraints)
 0 Nonlinear |R| = [32m6.718253e-03[39m
      0 Linear |R| = [32m6.718253e-03[39m
      1 Linear |R| = [32m5.470835e-17[39m
 1 Nonlinear |R| = [32m2.037658e-15[39m
[32m Solve Converged![39m

Postprocessor Values:
+----------------+----------------+----------------+----------------+
| time           | p_l2           | ux_l2          | uy_l2          |
+----------------+----------------+----------------+----------------+
:                :                :                :                :
|   7.500000e-02 |   5.962209e-07 |   2.807444e-09 |   2.876139e-09 |
|   8.000000e-02 |   6.360769e-07 |   2.994546e-09 |   3.067816e-09 |
|   8.500000e-02 |   6.759170e-07 |   3.181573e-09 |   3.259416e-09 |
|   9.000000e-02 |   7.157403e-07 |   3.368520e-09 |   3.450934e-09 |
|   9.500000e-02 |   7.555457e-07 |   3.555384e-09 |   3.642366e-09 |
|   1.000000e-01 |   7.953322e-07 |   3.742158e-09 |   3.833707e-09 |
|   1.050000e-01 |   8.350989e-07 |   3.928839e-09 |   4.024953e-09 |
|   1.100000e-01 |   8.748447e-07 |   4.115422e-09 |   4.216098e-09 |
|   1.150000e-01 |   9.145686e-07 |   4.301902e-09 |   4.407137e-09 |
|   1.200000e-01 |   9.542697e-07 |   4.488275e-09 |   4.598066e-09 |
|   1.250000e-01 |   9.939470e-07 |   4.674535e-09 |   4.788881e-09 |
|   1.300000e-01 |   1.033599e-06 |   4.860678e-09 |   4.979575e-09 |
|   1.350000e-01 |   1.073226e-06 |   5.046701e-09 |   5.170145e-09 |
|   1.400000e-01 |   1.112826e-06 |   5.232596e-09 |   5.360586e-09 |
|   1.450000e-01 |   1.152398e-06 |   5.418362e-09 |   5.550893e-09 |
+----------------+----------------+----------------+----------------+


Time Step 30, time = 0.15, dt = 0.005
 * Nonlinear |R| = [32m7.787770e-04[39m (Before preset BCs, predictors, correctors, and constraints)
 0 Nonlinear |R| = [32m6.713350e-03[39m
      0 Linear |R| = [32m6.713350e-03[39m
      1 Linear |R| = [32m4.496087e-17[39m
 1 Nonlinear |R| = [32m2.025536e-15[39m
[32m Solve Converged![39m

Postprocessor Values:
+----------------+----------------+----------------+----------------+
| time           | p_l2           | ux_l2          | uy_l2          |
+----------------+----------------+----------------+----------------+
:                :                :                :                :
|   8.000000e-02 |   6.360769e-07 |   2.994546e-09 |   3.067816e-09 |
|   8.500000e-02 |   6.759170e-07 |   3.181573e-09 |   3.259416e-09 |
|   9.000000e-02 |   7.157403e-07 |   3.368520e-09 |   3.450934e-09 |
|   9.500000e-02 |   7.555457e-07 |   3.555384e-09 |   3.642366e-09 |
|   1.000000e-01 |   7.953322e-07 |   3.742158e-09 |   3.833707e-09 |
|   1.050000e-01 |   8.350989e-07 |   3.928839e-09 |   4.024953e-09 |
|   1.100000e-01 |   8.748447e-07 |   4.115422e-09 |   4.216098e-09 |
|   1.150000e-01 |   9.145686e-07 |   4.301902e-09 |   4.407137e-09 |
|   1.200000e-01 |   9.542697e-07 |   4.488275e-09 |   4.598066e-09 |
|   1.250000e-01 |   9.939470e-07 |   4.674535e-09 |   4.788881e-09 |
|   1.300000e-01 |   1.033599e-06 |   4.860678e-09 |   4.979575e-09 |
|   1.350000e-01 |   1.073226e-06 |   5.046701e-09 |   5.170145e-09 |
|   1.400000e-01 |   1.112826e-06 |   5.232596e-09 |   5.360586e-09 |
|   1.450000e-01 |   1.152398e-06 |   5.418362e-09 |   5.550893e-09 |
|   1.500000e-01 |   1.191941e-06 |   5.603991e-09 |   5.741062e-09 |
+----------------+----------------+----------------+----------------+


Time Step 31, time = 0.155, dt = 0.005
 * Nonlinear |R| = [32m7.781887e-04[39m (Before preset BCs, predictors, correctors, and constraints)
 0 Nonlinear |R| = [32m6.708279e-03[39m
      0 Linear |R| = [32m6.708279e-03[39m
      1 Linear |R| = [32m4.837164e-17[39m
 1 Nonlinear |R| = [32m2.012091e-15[39m
[32m Solve Converged![39m

Postprocessor Values:
+----------------+----------------+----------------+----------------+
| time           | p_l2           | ux_l2          | uy_l2          |
+----------------+----------------+----------------+----------------+
:                :                :                :                :
|   8.500000e-02 |   6.759170e-07 |   3.181573e-09 |   3.259416e-09 |
|   9.000000e-02 |   7.157403e-07 |   3.368520e-09 |   3.450934e-09 |
|   9.500000e-02 |   7.555457e-07 |   3.555384e-09 |   3.642366e-09 |
|   1.000000e-01 |   7.953322e-07 |   3.742158e-09 |   3.833707e-09 |
|   1.050000e-01 |   8.350989e-07 |   3.928839e-09 |   4.024953e-09 |
|   1.100000e-01 |   8.748447e-07 |   4.115422e-09 |   4.216098e-09 |
|   1.150000e-01 |   9.145686e-07 |   4.301902e-09 |   4.407137e-09 |
|   1.200000e-01 |   9.542697e-07 |   4.488275e-09 |   4.598066e-09 |
|   1.250000e-01 |   9.939470e-07 |   4.674535e-09 |   4.788881e-09 |
|   1.300000e-01 |   1.033599e-06 |   4.860678e-09 |   4.979575e-09 |
|   1.350000e-01 |   1.073226e-06 |   5.046701e-09 |   5.170145e-09 |
|   1.400000e-01 |   1.112826e-06 |   5.232596e-09 |   5.360586e-09 |
|   1.450000e-01 |   1.152398e-06 |   5.418362e-09 |   5.550893e-09 |
|   1.500000e-01 |   1.191941e-06 |   5.603991e-09 |   5.741062e-09 |
|   1.550000e-01 |   1.231454e-06 |   5.789481e-09 |   5.931086e-09 |
+----------------+----------------+----------------+----------------+


Time Step 32, time = 0.16, dt = 0.005
 * Nonlinear |R| = [32m7.775810e-04[39m (Before preset BCs, predictors, correctors, and constraints)
 0 Nonlinear |R| = [32m6.703040e-03[39m
      0 Linear |R| = [32m6.703040e-03[39m
      1 Linear |R| = [32m4.780418e-17[39m
 1 Nonlinear |R| = [32m2.022702e-15[39m
[32m Solve Converged![39m

Postprocessor Values:
+----------------+----------------+----------------+----------------+
| time           | p_l2           | ux_l2          | uy_l2          |
+----------------+----------------+----------------+----------------+
:                :                :                :                :
|   9.000000e-02 |   7.157403e-07 |   3.368520e-09 |   3.450934e-09 |
|   9.500000e-02 |   7.555457e-07 |   3.555384e-09 |   3.642366e-09 |
|   1.000000e-01 |   7.953322e-07 |   3.742158e-09 |   3.833707e-09 |
|   1.050000e-01 |   8.350989e-07 |   3.928839e-09 |   4.024953e-09 |
|   1.100000e-01 |   8.748447e-07 |   4.115422e-09 |   4.216098e-09 |
|   1.150000e-01 |   9.145686e-07 |   4.301902e-09 |   4.407137e-09 |
|   1.200000e-01 |   9.542697e-07 |   4.488275e-09 |   4.598066e-09 |
|   1.250000e-01 |   9.939470e-07 |   4.674535e-09 |   4.788881e-09 |
|   1.300000e-01 |   1.033599e-06 |   4.860678e-09 |   4.979575e-09 |
|   1.350000e-01 |   1.073226e-06 |   5.046701e-09 |   5.170145e-09 |
|   1.400000e-01 |   1.112826e-06 |   5.232596e-09 |   5.360586e-09 |
|   1.450000e-01 |   1.152398e-06 |   5.418362e-09 |   5.550893e-09 |
|   1.500000e-01 |   1.191941e-06 |   5.603991e-09 |   5.741062e-09 |
|   1.550000e-01 |   1.231454e-06 |   5.789481e-09 |   5.931086e-09 |
|   1.600000e-01 |   1.270937e-06 |   5.974826e-09 |   6.120963e-09 |
+----------------+----------------+----------------+----------------+


Time Step 33, time = 0.165, dt = 0.005
 * Nonlinear |R| = [32m7.769538e-04[39m (Before preset BCs, predictors, correctors, and constraints)
 0 Nonlinear |R| = [32m6.697633e-03[39m
      0 Linear |R| = [32m6.697633e-03[39m
      1 Linear |R| = [32m4.668377e-17[39m
 1 Nonlinear |R| = [32m2.022889e-15[39m
[32m Solve Converged![39m

Postprocessor Values:
+----------------+----------------+----------------+----------------+
| time           | p_l2           | ux_l2          | uy_l2          |
+----------------+----------------+----------------+----------------+
:                :                :                :                :
|   9.500000e-02 |   7.555457e-07 |   3.555384e-09 |   3.642366e-09 |
|   1.000000e-01 |   7.953322e-07 |   3.742158e-09 |   3.833707e-09 |
|   1.050000e-01 |   8.350989e-07 |   3.928839e-09 |   4.024953e-09 |
|   1.100000e-01 |   8.748447e-07 |   4.115422e-09 |   4.216098e-09 |
|   1.150000e-01 |   9.145686e-07 |   4.301902e-09 |   4.407137e-09 |
|   1.200000e-01 |   9.542697e-07 |   4.488275e-09 |   4.598066e-09 |
|   1.250000e-01 |   9.939470e-07 |   4.674535e-09 |   4.788881e-09 |
|   1.300000e-01 |   1.033599e-06 |   4.860678e-09 |   4.979575e-09 |
|   1.350000e-01 |   1.073226e-06 |   5.046701e-09 |   5.170145e-09 |
|   1.400000e-01 |   1.112826e-06 |   5.232596e-09 |   5.360586e-09 |
|   1.450000e-01 |   1.152398e-06 |   5.418362e-09 |   5.550893e-09 |
|   1.500000e-01 |   1.191941e-06 |   5.603991e-09 |   5.741062e-09 |
|   1.550000e-01 |   1.231454e-06 |   5.789481e-09 |   5.931086e-09 |
|   1.600000e-01 |   1.270937e-06 |   5.974826e-09 |   6.120963e-09 |
|   1.650000e-01 |   1.310388e-06 |   6.160021e-09 |   6.310686e-09 |
+----------------+----------------+----------------+----------------+


Time Step 34, time = 0.17, dt = 0.005
 * Nonlinear |R| = [32m7.763072e-04[39m (Before preset BCs, predictors, correctors, and constraints)
 0 Nonlinear |R| = [32m6.692059e-03[39m
      0 Linear |R| = [32m6.692059e-03[39m
      1 Linear |R| = [32m5.242180e-17[39m
 1 Nonlinear |R| = [32m2.064149e-15[39m
[32m Solve Converged![39m

Postprocessor Values:
+----------------+----------------+----------------+----------------+
| time           | p_l2           | ux_l2          | uy_l2          |
+----------------+----------------+----------------+----------------+
:                :                :                :                :
|   1.000000e-01 |   7.953322e-07 |   3.742158e-09 |   3.833707e-09 |
|   1.050000e-01 |   8.350989e-07 |   3.928839e-09 |   4.024953e-09 |
|   1.100000e-01 |   8.748447e-07 |   4.115422e-09 |   4.216098e-09 |
|   1.150000e-01 |   9.145686e-07 |   4.301902e-09 |   4.407137e-09 |
|   1.200000e-01 |   9.542697e-07 |   4.488275e-09 |   4.598066e-09 |
|   1.250000e-01 |   9.939470e-07 |   4.674535e-09 |   4.788881e-09 |
|   1.300000e-01 |   1.033599e-06 |   4.860678e-09 |   4.979575e-09 |
|   1.350000e-01 |   1.073226e-06 |   5.046701e-09 |   5.170145e-09 |
|   1.400000e-01 |   1.112826e-06 |   5.232596e-09 |   5.360586e-09 |
|   1.450000e-01 |   1.152398e-06 |   5.418362e-09 |   5.550893e-09 |
|   1.500000e-01 |   1.191941e-06 |   5.603991e-09 |   5.741062e-09 |
|   1.550000e-01 |   1.231454e-06 |   5.789481e-09 |   5.931086e-09 |
|   1.600000e-01 |   1.270937e-06 |   5.974826e-09 |   6.120963e-09 |
|   1.650000e-01 |   1.310388e-06 |   6.160021e-09 |   6.310686e-09 |
|   1.700000e-01 |   1.349806e-06 |   6.345063e-09 |   6.500252e-09 |
+----------------+----------------+----------------+----------------+


Time Step 35, time = 0.175, dt = 0.005
 * Nonlinear |R| = [32m7.756412e-04[39m (Before preset BCs, predictors, correctors, and constraints)
 0 Nonlinear |R| = [32m6.686318e-03[39m
      0 Linear |R| = [32m6.686318e-03[39m
      1 Linear |R| = [32m5.456913e-17[39m
 1 Nonlinear |R| = [32m2.030403e-15[39m
[32m Solve Converged![39m

Postprocessor Values:
+----------------+----------------+----------------+----------------+
| time           | p_l2           | ux_l2          | uy_l2          |
+----------------+----------------+----------------+----------------+
:                :                :                :                :
|   1.050000e-01 |   8.350989e-07 |   3.928839e-09 |   4.024953e-09 |
|   1.100000e-01 |   8.748447e-07 |   4.115422e-09 |   4.216098e-09 |
|   1.150000e-01 |   9.145686e-07 |   4.301902e-09 |   4.407137e-09 |
|   1.200000e-01 |   9.542697e-07 |   4.488275e-09 |   4.598066e-09 |
|   1.250000e-01 |   9.939470e-07 |   4.674535e-09 |   4.788881e-09 |
|   1.300000e-01 |   1.033599e-06 |   4.860678e-09 |   4.979575e-09 |
|   1.350000e-01 |   1.073226e-06 |   5.046701e-09 |   5.170145e-09 |
|   1.400000e-01 |   1.112826e-06 |   5.232596e-09 |   5.360586e-09 |
|   1.450000e-01 |   1.152398e-06 |   5.418362e-09 |   5.550893e-09 |
|   1.500000e-01 |   1.191941e-06 |   5.603991e-09 |   5.741062e-09 |
|   1.550000e-01 |   1.231454e-06 |   5.789481e-09 |   5.931086e-09 |
|   1.600000e-01 |   1.270937e-06 |   5.974826e-09 |   6.120963e-09 |
|   1.650000e-01 |   1.310388e-06 |   6.160021e-09 |   6.310686e-09 |
|   1.700000e-01 |   1.349806e-06 |   6.345063e-09 |   6.500252e-09 |
|   1.750000e-01 |   1.389190e-06 |   6.529946e-09 |   6.689655e-09 |
+----------------+----------------+----------------+----------------+


Time Step 36, time = 0.18, dt = 0.005
 * Nonlinear |R| = [32m7.749558e-04[39m (Before preset BCs, predictors, correctors, and constraints)
 0 Nonlinear |R| = [32m6.680410e-03[39m
      0 Linear |R| = [32m6.680410e-03[39m
      1 Linear |R| = [32m5.130466e-17[39m
 1 Nonlinear |R| = [32m2.025859e-15[39m
[32m Solve Converged![39m

Postprocessor Values:
+----------------+----------------+----------------+----------------+
| time           | p_l2           | ux_l2          | uy_l2          |
+----------------+----------------+----------------+----------------+
:                :                :                :                :
|   1.100000e-01 |   8.748447e-07 |   4.115422e-09 |   4.216098e-09 |
|   1.150000e-01 |   9.145686e-07 |   4.301902e-09 |   4.407137e-09 |
|   1.200000e-01 |   9.542697e-07 |   4.488275e-09 |   4.598066e-09 |
|   1.250000e-01 |   9.939470e-07 |   4.674535e-09 |   4.788881e-09 |
|   1.300000e-01 |   1.033599e-06 |   4.860678e-09 |   4.979575e-09 |
|   1.350000e-01 |   1.073226e-06 |   5.046701e-09 |   5.170145e-09 |
|   1.400000e-01 |   1.112826e-06 |   5.232596e-09 |   5.360586e-09 |
|   1.450000e-01 |   1.152398e-06 |   5.418362e-09 |   5.550893e-09 |
|   1.500000e-01 |   1.191941e-06 |   5.603991e-09 |   5.741062e-09 |
|   1.550000e-01 |   1.231454e-06 |   5.789481e-09 |   5.931086e-09 |
|   1.600000e-01 |   1.270937e-06 |   5.974826e-09 |   6.120963e-09 |
|   1.650000e-01 |   1.310388e-06 |   6.160021e-09 |   6.310686e-09 |
|   1.700000e-01 |   1.349806e-06 |   6.345063e-09 |   6.500252e-09 |
|   1.750000e-01 |   1.389190e-06 |   6.529946e-09 |   6.689655e-09 |
|   1.800000e-01 |   1.428540e-06 |   6.714665e-09 |   6.878891e-09 |
+----------------+----------------+----------------+----------------+


Time Step 37, time = 0.185, dt = 0.005
 * Nonlinear |R| = [32m7.742510e-04[39m (Before preset BCs, predictors, correctors, and constraints)
 0 Nonlinear |R| = [32m6.674334e-03[39m
      0 Linear |R| = [32m6.674334e-03[39m
      1 Linear |R| = [32m4.898602e-17[39m
 1 Nonlinear |R| = [32m2.030370e-15[39m
[32m Solve Converged![39m

Postprocessor Values:
+----------------+----------------+----------------+----------------+
| time           | p_l2           | ux_l2          | uy_l2          |
+----------------+----------------+----------------+----------------+
:                :                :                :                :
|   1.150000e-01 |   9.145686e-07 |   4.301902e-09 |   4.407137e-09 |
|   1.200000e-01 |   9.542697e-07 |   4.488275e-09 |   4.598066e-09 |
|   1.250000e-01 |   9.939470e-07 |   4.674535e-09 |   4.788881e-09 |
|   1.300000e-01 |   1.033599e-06 |   4.860678e-09 |   4.979575e-09 |
|   1.350000e-01 |   1.073226e-06 |   5.046701e-09 |   5.170145e-09 |
|   1.400000e-01 |   1.112826e-06 |   5.232596e-09 |   5.360586e-09 |
|   1.450000e-01 |   1.152398e-06 |   5.418362e-09 |   5.550893e-09 |
|   1.500000e-01 |   1.191941e-06 |   5.603991e-09 |   5.741062e-09 |
|   1.550000e-01 |   1.231454e-06 |   5.789481e-09 |   5.931086e-09 |
|   1.600000e-01 |   1.270937e-06 |   5.974826e-09 |   6.120963e-09 |
|   1.650000e-01 |   1.310388e-06 |   6.160021e-09 |   6.310686e-09 |
|   1.700000e-01 |   1.349806e-06 |   6.345063e-09 |   6.500252e-09 |
|   1.750000e-01 |   1.389190e-06 |   6.529946e-09 |   6.689655e-09 |
|   1.800000e-01 |   1.428540e-06 |   6.714665e-09 |   6.878891e-09 |
|   1.850000e-01 |   1.467853e-06 |   6.899217e-09 |   7.067955e-09 |
+----------------+----------------+----------------+----------------+


Time Step 38, time = 0.19, dt = 0.005
 * Nonlinear |R| = [32m7.735269e-04[39m (Before preset BCs, predictors, correctors, and constraints)
 0 Nonlinear |R| = [32m6.668092e-03[39m
      0 Linear |R| = [32m6.668092e-03[39m
      1 Linear |R| = [32m6.573991e-17[39m
 1 Nonlinear |R| = [32m2.019952e-15[39m
[32m Solve Converged![39m

Postprocessor Values:
+----------------+----------------+----------------+----------------+
| time           | p_l2           | ux_l2          | uy_l2          |
+----------------+----------------+----------------+----------------+
:                :                :                :                :
|   1.200000e-01 |   9.542697e-07 |   4.488275e-09 |   4.598066e-09 |
|   1.250000e-01 |   9.939470e-07 |   4.674535e-09 |   4.788881e-09 |
|   1.300000e-01 |   1.033599e-06 |   4.860678e-09 |   4.979575e-09 |
|   1.350000e-01 |   1.073226e-06 |   5.046701e-09 |   5.170145e-09 |
|   1.400000e-01 |   1.112826e-06 |   5.232596e-09 |   5.360586e-09 |
|   1.450000e-01 |   1.152398e-06 |   5.418362e-09 |   5.550893e-09 |
|   1.500000e-01 |   1.191941e-06 |   5.603991e-09 |   5.741062e-09 |
|   1.550000e-01 |   1.231454e-06 |   5.789481e-09 |   5.931086e-09 |
|   1.600000e-01 |   1.270937e-06 |   5.974826e-09 |   6.120963e-09 |
|   1.650000e-01 |   1.310388e-06 |   6.160021e-09 |   6.310686e-09 |
|   1.700000e-01 |   1.349806e-06 |   6.345063e-09 |   6.500252e-09 |
|   1.750000e-01 |   1.389190e-06 |   6.529946e-09 |   6.689655e-09 |
|   1.800000e-01 |   1.428540e-06 |   6.714665e-09 |   6.878891e-09 |
|   1.850000e-01 |   1.467853e-06 |   6.899217e-09 |   7.067955e-09 |
|   1.900000e-01 |   1.507131e-06 |   7.083596e-09 |   7.256842e-09 |
+----------------+----------------+----------------+----------------+


Time Step 39, time = 0.195, dt = 0.005
 * Nonlinear |R| = [32m7.727834e-04[39m (Before preset BCs, predictors, correctors, and constraints)
 0 Nonlinear |R| = [32m6.661683e-03[39m
      0 Linear |R| = [32m6.661683e-03[39m
      1 Linear |R| = [32m5.138687e-17[39m
 1 Nonlinear |R| = [32m2.031996e-15[39m
[32m Solve Converged![39m

Postprocessor Values:
+----------------+----------------+----------------+----------------+
| time           | p_l2           | ux_l2          | uy_l2          |
+----------------+----------------+----------------+----------------+
:                :                :                :                :
|   1.250000e-01 |   9.939470e-07 |   4.674535e-09 |   4.788881e-09 |
|   1.300000e-01 |   1.033599e-06 |   4.860678e-09 |   4.979575e-09 |
|   1.350000e-01 |   1.073226e-06 |   5.046701e-09 |   5.170145e-09 |
|   1.400000e-01 |   1.112826e-06 |   5.232596e-09 |   5.360586e-09 |
|   1.450000e-01 |   1.152398e-06 |   5.418362e-09 |   5.550893e-09 |
|   1.500000e-01 |   1.191941e-06 |   5.603991e-09 |   5.741062e-09 |
|   1.550000e-01 |   1.231454e-06 |   5.789481e-09 |   5.931086e-09 |
|   1.600000e-01 |   1.270937e-06 |   5.974826e-09 |   6.120963e-09 |
|   1.650000e-01 |   1.310388e-06 |   6.160021e-09 |   6.310686e-09 |
|   1.700000e-01 |   1.349806e-06 |   6.345063e-09 |   6.500252e-09 |
|   1.750000e-01 |   1.389190e-06 |   6.529946e-09 |   6.689655e-09 |
|   1.800000e-01 |   1.428540e-06 |   6.714665e-09 |   6.878891e-09 |
|   1.850000e-01 |   1.467853e-06 |   6.899217e-09 |   7.067955e-09 |
|   1.900000e-01 |   1.507131e-06 |   7.083596e-09 |   7.256842e-09 |
|   1.950000e-01 |   1.546370e-06 |   7.267799e-09 |   7.445548e-09 |
+----------------+----------------+----------------+----------------+


Time Step 40, time = 0.2, dt = 0.005
 * Nonlinear |R| = [32m7.720206e-04[39m (Before preset BCs, predictors, correctors, and constraints)
 0 Nonlinear |R| = [32m6.655108e-03[39m
      0 Linear |R| = [32m6.655108e-03[39m
      1 Linear |R| = [32m5.038443e-17[39m
 1 Nonlinear |R| = [32m2.076433e-15[39m
[32m Solve Converged![39m

Postprocessor Values:
+----------------+----------------+----------------+----------------+
| time           | p_l2           | ux_l2          | uy_l2          |
+----------------+----------------+----------------+----------------+
:                :                :                :                :
|   1.300000e-01 |   1.033599e-06 |   4.860678e-09 |   4.979575e-09 |
|   1.350000e-01 |   1.073226e-06 |   5.046701e-09 |   5.170145e-09 |
|   1.400000e-01 |   1.112826e-06 |   5.232596e-09 |   5.360586e-09 |
|   1.450000e-01 |   1.152398e-06 |   5.418362e-09 |   5.550893e-09 |
|   1.500000e-01 |   1.191941e-06 |   5.603991e-09 |   5.741062e-09 |
|   1.550000e-01 |   1.231454e-06 |   5.789481e-09 |   5.931086e-09 |
|   1.600000e-01 |   1.270937e-06 |   5.974826e-09 |   6.120963e-09 |
|   1.650000e-01 |   1.310388e-06 |   6.160021e-09 |   6.310686e-09 |
|   1.700000e-01 |   1.349806e-06 |   6.345063e-09 |   6.500252e-09 |
|   1.750000e-01 |   1.389190e-06 |   6.529946e-09 |   6.689655e-09 |
|   1.800000e-01 |   1.428540e-06 |   6.714665e-09 |   6.878891e-09 |
|   1.850000e-01 |   1.467853e-06 |   6.899217e-09 |   7.067955e-09 |
|   1.900000e-01 |   1.507131e-06 |   7.083596e-09 |   7.256842e-09 |
|   1.950000e-01 |   1.546370e-06 |   7.267799e-09 |   7.445548e-09 |
|   2.000000e-01 |   1.585571e-06 |   7.451819e-09 |   7.634068e-09 |
+----------------+----------------+----------------+----------------+

Finished Executing                                                                       [[33m 52.26 s[39m] [[33m  184 MB[39m]
