[1790087348.096191] [pge-894801:135  :0]            sock.c:114  UCX  WARN  getifaddrs error: Operation not permitted
[1790087348.096197] [pge-894801:135  :0]            sock.c:114  UCX  WARN  getifaddrs error: Operation not permitted
[1790087348.096199] [pge-894801:135  :0]            sock.c:114  UCX  WARN  getifaddrs error: Operation not permitted
[1790087348.096200] [pge-894801:135  :0]            sock.c:114  UCX  WARN  getifaddrs error: Operation not permitted
[1790087348.096202] [pge-894801:135  :0]            sock.c:114  UCX  WARN  getifaddrs error: Operation not permitted
[1790087348.096204] [pge-894801:135  :0]            sock.c:114  UCX  WARN  getifaddrs error: Operation not permitted
[1790087348.096205] [pge-894801:135  :0]            sock.c:114  UCX  WARN  getifaddrs error: Operation not permitted
[1790087348.096207] [pge-894801:135  :0]            sock.c:114  UCX  WARN  getifaddrs error: Operation not permitted
[1790087348.096208] [pge-894801:135  :0]            sock.c:114  UCX  WARN  getifaddrs error: Operation not permitted
[1790087348.096210] [pge-894801:135  :0]            sock.c:114  UCX  WARN  getifaddrs error: Operation not permitted

[36m
*** Info ***
'execute_on' parameter specified in [Outputs] block is ignored for object 'checkpoint'.
Define this object in its own sub-block of [Outputs] to modify its execution schedule.[39m
Framework Information:
MOOSE Version:           git commit abafb58b on 2026-02-20
LibMesh Version:         
PETSc Version:           3.24.4
SLEPc Version:           3.24.0
Current Time:            Tue Sep 22 09:29:09 2026
Executable Timestamp:    Sun Sep 20 23:20:55 2026

Input File(s):
  /home/jfoster/projects/research/reactive_transport/anisotropic-biot-tensor/moose_app/inputs/fabric_contour.i

Command Line Argument(s):
  --n-threads=1

Command Line Input Argument(s):
  Outputs/file_base=solution
  Materials/law/fabric_angle=45

Checkpoint:
  Wall Time Interval:      Every 3600 s
  User Checkpoint:         Disabled
  # Checkpoints Kept:      2
  Execute On:              TIMESTEP_END 

Parallelism:
  Num Processors:          1
  Num Threads:             1

Mesh: 
  Parallel Type:           replicated
  Mesh Dimension:          2
  Spatial Dimension:       2
  Nodes:                   729
  Elems:                   160
  Num Subdomains:          1

Nonlinear System:
  Num DOFs:                1663
  Num Local DOFs:          1663
  Variables:               { "ux" "uy" } "p" 
  Finite Element Types:    "LAGRANGE" "LAGRANGE" 
  Approximation Orders:    "SECOND" "FIRST" 

Auxiliary System:
  Num DOFs:                2054
  Num Local DOFs:          2054
  Variables:               { "J" "Jbar" "solid_fraction" "stability" "energy" "sigma11" "sigma22" } "mass_reaction" 
                             "force_reaction" 
  Finite Element Types:    "MONOMIAL" "LAGRANGE" "LAGRANGE" 
  Approximation Orders:    "CONSTANT" "FIRST" "SECOND" 

Execution Information:
  Executioner:             Transient
  TimeStepper:             ConstantDT
  TimeIntegrator(s):       ImplicitEuler
  Solver Mode:             Preconditioned JFNK 
  PETSc Preconditioner:    lu 
  MOOSE Preconditioner:    SMP 
[31mLEGACY MODES ENABLED:[39m
 This application uses the legacy material output option: material properties are output only on TIMESTEP_END, not INITIAL. To remove this message, set 'use_legacy_material_output' to false in this application. If there are gold output files that contain material property output for which output occurs on INITIAL, then these will generate diffs due to zero values being stored, and these tests should be re-golded.
[39m
[31mLEGACY MODES ENABLED:[39m
 This application uses the legacy initial residual evaluation behavior. The legacy behavior performs an often times redundant residual evaluation before the solution modifying objects are executed prior to the initial (0th nonlinear iteration) residual evaluation. The new behavior skips that redundant residual evaluation unless the parameter Executioner/use_pre_smo_residual is set to true. To remove this message and enable the new behavior, set the parameter 'use_legacy_initial_residual_evaluation_behavior' to false in *App.C. Some tests that rely on the side effects of the legacy behavior may fail/diff and should be re-golded.
[39m

Time Step 0, time = 0

Postprocessor Values:
+----------------+----------------+----------------+----------------+----------------+----------------+----------------+
| time           | B_anisotropy   | B_par          | B_per          | J_max          | J_min          | Jbar_max       |
+----------------+----------------+----------------+----------------+----------------+----------------+----------------+
|   0.000000e+00 |   0.000000e+00 |   0.000000e+00 |   0.000000e+00 |   0.000000e+00 |   0.000000e+00 |   0.000000e+00 |
+----------------+----------------+----------------+----------------+----------------+----------------+----------------+
+----------------+----------------+----------------+----------------+----------------+----------------+----------------+
| time           | Jbar_min       | center_pressure| edge_ux        | ln_h_max       | ln_h_min       | mass           |
+----------------+----------------+----------------+----------------+----------------+----------------+----------------+
|   0.000000e+00 |   0.000000e+00 |   0.000000e+00 |   0.000000e+00 |   0.000000e+00 |   0.000000e+00 |   0.000000e+00 |
+----------------+----------------+----------------+----------------+----------------+----------------+----------------+
+----------------+----------------+------------------+----------------+----------------+--------------------+
| time           | mass_reaction  | outflow_gradient | platen_max     | platen_min     | solid_fraction_max |
+----------------+----------------+------------------+----------------+----------------+--------------------+
|   0.000000e+00 |   0.000000e+00 |     0.000000e+00 |   0.000000e+00 |   0.000000e+00 |       0.000000e+00 |
+----------------+----------------+------------------+----------------+----------------+--------------------+
+----------------+--------------------+----------------+----------------+----------------+
| time           | solid_fraction_min | stability_max  | stability_min  | top_reaction   |
+----------------+--------------------+----------------+----------------+----------------+
|   0.000000e+00 |       0.000000e+00 |   0.000000e+00 |   0.000000e+00 |   0.000000e+00 |
+----------------+--------------------+----------------+----------------+----------------+


Time Step 1, time = 0.0003, dt = 0.0003
 * Nonlinear |R| = [32m1.072253e-04[39m (Before preset BCs, predictors, correctors, and constraints)
 0 Nonlinear |R| = [32m1.072253e-04[39m
      0 Linear |R| = [32m1.072253e-04[39m
      1 Linear |R| = [32m1.123517e-05[39m
      2 Linear |R| = [32m5.931502e-07[39m
      3 Linear |R| = [32m5.249862e-07[39m
      4 Linear |R| = [32m4.602022e-07[39m
      5 Linear |R| = [32m2.195454e-07[39m
      6 Linear |R| = [32m8.267385e-08[39m
      7 Linear |R| = [33m8.061457e-08[39m
      8 Linear |R| = [32m3.457712e-08[39m
      9 Linear |R| = [33m3.371158e-08[39m
     10 Linear |R| = [32m1.067162e-08[39m
     11 Linear |R| = [32m9.207557e-09[39m
     12 Linear |R| = [32m4.336222e-09[39m
     13 Linear |R| = [32m3.252818e-09[39m
     14 Linear |R| = [32m1.720366e-09[39m
     15 Linear |R| = [32m5.257771e-10[39m
     16 Linear |R| = [33m5.223863e-10[39m
     17 Linear |R| = [32m1.708159e-10[39m
     18 Linear |R| = [32m6.797194e-11[39m
     19 Linear |R| = [32m6.034242e-11[39m
     20 Linear |R| = [32m1.588709e-11[39m
     21 Linear |R| = [32m9.003177e-12[39m
     22 Linear |R| = [32m5.818195e-12[39m
     23 Linear |R| = [32m2.083504e-12[39m
     24 Linear |R| = [33m2.077840e-12[39m
     25 Linear |R| = [32m1.174886e-12[39m
     26 Linear |R| = [33m1.130053e-12[39m
     27 Linear |R| = [32m3.762802e-13[39m
     28 Linear |R| = [32m2.505284e-13[39m
     29 Linear |R| = [32m1.369037e-13[39m
     30 Linear |R| = [32m3.953722e-14[39m
 1 Nonlinear |R| = [32m1.729701e-11[39m
      0 Linear |R| = [32m1.729701e-11[39m
      1 Linear |R| = [32m1.590563e-11[39m
      2 Linear |R| = [32m9.564525e-13[39m
      3 Linear |R| = [32m2.032216e-13[39m
      4 Linear |R| = [32m1.473882e-13[39m
      5 Linear |R| = [32m1.158118e-13[39m
      6 Linear |R| = [32m6.873987e-14[39m
      7 Linear |R| = [32m5.600628e-14[39m
      8 Linear |R| = [32m2.582596e-14[39m
      9 Linear |R| = [32m2.262733e-14[39m
     10 Linear |R| = [32m7.448646e-15[39m
     11 Linear |R| = [33m7.310070e-15[39m
     12 Linear |R| = [32m2.866530e-15[39m
     13 Linear |R| = [32m2.088422e-15[39m
     14 Linear |R| = [32m1.173485e-15[39m
     15 Linear |R| = [32m7.108918e-16[39m
     16 Linear |R| = [32m4.611898e-16[39m
     17 Linear |R| = [32m1.265493e-16[39m
     18 Linear |R| = [32m1.093275e-16[39m
     19 Linear |R| = [32m3.888159e-17[39m
     20 Linear |R| = [32m1.359058e-17[39m
     21 Linear |R| = [33m1.358709e-17[39m
     22 Linear |R| = [32m4.265360e-18[39m
     23 Linear |R| = [32m1.520670e-18[39m
     24 Linear |R| = [32m1.411880e-18[39m
     25 Linear |R| = [32m4.369661e-19[39m
     26 Linear |R| = [32m3.890523e-19[39m
     27 Linear |R| = [32m2.273571e-19[39m
     28 Linear |R| = [33m2.254987e-19[39m
     29 Linear |R| = [32m8.340192e-20[39m
     30 Linear |R| = [31m9.278380e-18[39m
     31 Linear |R| = [32m5.092498e-19[39m
     32 Linear |R| = [32m2.158362e-19[39m
     33 Linear |R| = [33m2.153794e-19[39m
     34 Linear |R| = [32m9.742089e-20[39m
     35 Linear |R| = [33m9.689596e-20[39m
     36 Linear |R| = [32m5.481974e-20[39m
     37 Linear |R| = [33m5.300545e-20[39m
     38 Linear |R| = [32m2.084069e-20[39m
     39 Linear |R| = [32m1.963497e-20[39m
     40 Linear |R| = [32m8.943877e-21[39m
 2 Nonlinear |R| = [32m3.536601e-16[39m
[32m Solve Converged![39m

Outlier Variable Residual Norms:
  p: [31m3.485952e-16[39m

Postprocessor Values:
+----------------+----------------+----------------+----------------+----------------+----------------+----------------+
| time           | B_anisotropy   | B_par          | B_per          | J_max          | J_min          | Jbar_max       |
+----------------+----------------+----------------+----------------+----------------+----------------+----------------+
|   0.000000e+00 |   0.000000e+00 |   0.000000e+00 |   0.000000e+00 |   0.000000e+00 |   0.000000e+00 |   0.000000e+00 |
|   3.000000e-04 |  -3.791206e-02 |   5.773730e-01 |   6.152850e-01 |   9.999874e-01 |   9.999688e-01 |   9.999852e-01 |
+----------------+----------------+----------------+----------------+----------------+----------------+----------------+
+----------------+----------------+----------------+----------------+----------------+----------------+----------------+
| time           | Jbar_min       | center_pressure| edge_ux        | ln_h_max       | ln_h_min       | mass           |
+----------------+----------------+----------------+----------------+----------------+----------------+----------------+
|   0.000000e+00 |   0.000000e+00 |   0.000000e+00 |   0.000000e+00 |   0.000000e+00 |   0.000000e+00 |   0.000000e+00 |
|   3.000000e-04 |   9.999785e-01 |   4.706348e-05 |   2.461138e-05 |   3.418322e-06 |   1.987591e-06 |   9.999945e-03 |
+----------------+----------------+----------------+----------------+----------------+----------------+----------------+
+----------------+----------------+------------------+----------------+----------------+--------------------+
| time           | mass_reaction  | outflow_gradient | platen_max     | platen_min     | solid_fraction_max |
+----------------+----------------+------------------+----------------+----------------+--------------------+
|   0.000000e+00 |   0.000000e+00 |     0.000000e+00 |   0.000000e+00 |   0.000000e+00 |       0.000000e+00 |
|   3.000000e-04 |  -4.145941e-04 |     1.554003e-04 |  -4.230900e-06 |  -4.230900e-06 |       9.000148e-01 |
+----------------+----------------+------------------+----------------+----------------+--------------------+
+----------------+--------------------+----------------+----------------+----------------+
| time           | solid_fraction_min | stability_max  | stability_min  | top_reaction   |
+----------------+--------------------+----------------+----------------+----------------+
|   0.000000e+00 |       0.000000e+00 |   0.000000e+00 |   0.000000e+00 |   0.000000e+00 |
|   3.000000e-04 |       8.999967e-01 |   2.500000e+00 |   2.500000e+00 |  -1.000000e-04 |
+----------------+--------------------+----------------+----------------+----------------+


Time Step 2, time = 0.0006, dt = 0.0003
 * Nonlinear |R| = [32m4.372562e-05[39m (Before preset BCs, predictors, correctors, and constraints)
 0 Nonlinear |R| = [32m4.372562e-05[39m
      0 Linear |R| = [32m4.372562e-05[39m
      1 Linear |R| = [32m4.842528e-07[39m
      2 Linear |R| = [32m2.903050e-07[39m
      3 Linear |R| = [32m2.131137e-07[39m
      4 Linear |R| = [33m2.121301e-07[39m
      5 Linear |R| = [32m9.687804e-08[39m
      6 Linear |R| = [32m6.074410e-08[39m
      7 Linear |R| = [32m3.765403e-08[39m
      8 Linear |R| = [32m2.243612e-08[39m
      9 Linear |R| = [32m1.461927e-08[39m
     10 Linear |R| = [32m4.007134e-09[39m
     11 Linear |R| = [32m3.650767e-09[39m
     12 Linear |R| = [32m1.625862e-09[39m
     13 Linear |R| = [32m1.453880e-09[39m
     14 Linear |R| = [32m6.426843e-10[39m
     15 Linear |R| = [32m3.295177e-10[39m
     16 Linear |R| = [32m2.445129e-10[39m
     17 Linear |R| = [32m6.628214e-11[39m
     18 Linear |R| = [32m4.756828e-11[39m
     19 Linear |R| = [32m2.562299e-11[39m
     20 Linear |R| = [32m7.449342e-12[39m
     21 Linear |R| = [32m6.813128e-12[39m
     22 Linear |R| = [32m2.687089e-12[39m
     23 Linear |R| = [32m8.464163e-13[39m
     24 Linear |R| = [33m8.385740e-13[39m
     25 Linear |R| = [32m2.569119e-13[39m
     26 Linear |R| = [32m1.767128e-13[39m
     27 Linear |R| = [32m1.272024e-13[39m
     28 Linear |R| = [32m1.076266e-13[39m
     29 Linear |R| = [32m5.615163e-14[39m
     30 Linear |R| = [32m2.199835e-14[39m
 1 Nonlinear |R| = [32m9.613970e-13[39m
[32m Solve Converged![39m

Outlier Variable Residual Norms:
  p: [31m9.468190e-13[39m

Postprocessor Values:
+----------------+----------------+----------------+----------------+----------------+----------------+----------------+
| time           | B_anisotropy   | B_par          | B_per          | J_max          | J_min          | Jbar_max       |
+----------------+----------------+----------------+----------------+----------------+----------------+----------------+
|   0.000000e+00 |   0.000000e+00 |   0.000000e+00 |   0.000000e+00 |   0.000000e+00 |   0.000000e+00 |   0.000000e+00 |
|   3.000000e-04 |  -3.791206e-02 |   5.773730e-01 |   6.152850e-01 |   9.999874e-01 |   9.999688e-01 |   9.999852e-01 |
|   6.000000e-04 |  -3.791206e-02 |   5.773730e-01 |   6.152850e-01 |   9.999877e-01 |   9.999683e-01 |   9.999853e-01 |
+----------------+----------------+----------------+----------------+----------------+----------------+----------------+
+----------------+----------------+----------------+----------------+----------------+----------------+----------------+
| time           | Jbar_min       | center_pressure| edge_ux        | ln_h_max       | ln_h_min       | mass           |
+----------------+----------------+----------------+----------------+----------------+----------------+----------------+
|   0.000000e+00 |   0.000000e+00 |   0.000000e+00 |   0.000000e+00 |   0.000000e+00 |   0.000000e+00 |   0.000000e+00 |
|   3.000000e-04 |   9.999785e-01 |   4.706348e-05 |   2.461138e-05 |   3.418322e-06 |   1.987591e-06 |   9.999945e-03 |
|   6.000000e-04 |   9.999785e-01 |   4.836146e-05 |   2.445840e-05 |   3.432570e-06 |   1.993459e-06 |   9.999913e-03 |
+----------------+----------------+----------------+----------------+----------------+----------------+----------------+
+----------------+----------------+------------------+----------------+----------------+--------------------+
| time           | mass_reaction  | outflow_gradient | platen_max     | platen_min     | solid_fraction_max |
+----------------+----------------+------------------+----------------+----------------+--------------------+
|   0.000000e+00 |   0.000000e+00 |     0.000000e+00 |   0.000000e+00 |   0.000000e+00 |       0.000000e+00 |
|   3.000000e-04 |  -4.145941e-04 |     1.554003e-04 |  -4.230900e-06 |  -4.230900e-06 |       9.000148e-01 |
|   6.000000e-04 |  -1.997944e-04 |     1.013569e-04 |  -4.246342e-06 |  -4.246342e-06 |       9.000152e-01 |
+----------------+----------------+------------------+----------------+----------------+--------------------+
+----------------+--------------------+----------------+----------------+----------------+
| time           | solid_fraction_min | stability_max  | stability_min  | top_reaction   |
+----------------+--------------------+----------------+----------------+----------------+
|   0.000000e+00 |       0.000000e+00 |   0.000000e+00 |   0.000000e+00 |   0.000000e+00 |
|   3.000000e-04 |       8.999967e-01 |   2.500000e+00 |   2.500000e+00 |  -1.000000e-04 |
|   6.000000e-04 |       8.999964e-01 |   2.500000e+00 |   2.500000e+00 |  -1.000000e-04 |
+----------------+--------------------+----------------+----------------+----------------+


Time Step 3, time = 0.0009, dt = 0.0003
 * Nonlinear |R| = [32m2.086842e-05[39m (Before preset BCs, predictors, correctors, and constraints)
 0 Nonlinear |R| = [32m2.086842e-05[39m
      0 Linear |R| = [32m2.086842e-05[39m
      1 Linear |R| = [32m3.685839e-07[39m
      2 Linear |R| = [32m2.181938e-07[39m
      3 Linear |R| = [32m1.526265e-07[39m
      4 Linear |R| = [33m1.463653e-07[39m
      5 Linear |R| = [32m4.568689e-08[39m
      6 Linear |R| = [32m3.585984e-08[39m
      7 Linear |R| = [32m1.794377e-08[39m
      8 Linear |R| = [32m1.336353e-08[39m
      9 Linear |R| = [32m7.140708e-09[39m
     10 Linear |R| = [32m2.241573e-09[39m
     11 Linear |R| = [33m2.218254e-09[39m
     12 Linear |R| = [32m9.641105e-10[39m
     13 Linear |R| = [33m9.465755e-10[39m
     14 Linear |R| = [32m3.580881e-10[39m
     15 Linear |R| = [32m1.803611e-10[39m
     16 Linear |R| = [32m1.378308e-10[39m
     17 Linear |R| = [32m3.801620e-11[39m
     18 Linear |R| = [32m2.717685e-11[39m
     19 Linear |R| = [32m1.479658e-11[39m
     20 Linear |R| = [32m4.251733e-12[39m
     21 Linear |R| = [32m3.741349e-12[39m
     22 Linear |R| = [32m1.548312e-12[39m
     23 Linear |R| = [32m4.692241e-13[39m
     24 Linear |R| = [33m4.634548e-13[39m
     25 Linear |R| = [32m1.371060e-13[39m
     26 Linear |R| = [32m1.269349e-13[39m
     27 Linear |R| = [32m6.990314e-14[39m
     28 Linear |R| = [33m6.962205e-14[39m
     29 Linear |R| = [32m2.759605e-14[39m
     30 Linear |R| = [32m1.114044e-14[39m
 1 Nonlinear |R| = [32m6.101681e-13[39m
[32m Solve Converged![39m

Outlier Variable Residual Norms:
  p: [31m5.981615e-13[39m

Postprocessor Values:
+----------------+----------------+----------------+----------------+----------------+----------------+----------------+
| time           | B_anisotropy   | B_par          | B_per          | J_max          | J_min          | Jbar_max       |
+----------------+----------------+----------------+----------------+----------------+----------------+----------------+
|   0.000000e+00 |   0.000000e+00 |   0.000000e+00 |   0.000000e+00 |   0.000000e+00 |   0.000000e+00 |   0.000000e+00 |
|   3.000000e-04 |  -3.791206e-02 |   5.773730e-01 |   6.152850e-01 |   9.999874e-01 |   9.999688e-01 |   9.999852e-01 |
|   6.000000e-04 |  -3.791206e-02 |   5.773730e-01 |   6.152850e-01 |   9.999877e-01 |   9.999683e-01 |   9.999853e-01 |
|   9.000000e-04 |  -3.791206e-02 |   5.773730e-01 |   6.152850e-01 |   9.999878e-01 |   9.999681e-01 |   9.999853e-01 |
+----------------+----------------+----------------+----------------+----------------+----------------+----------------+
+----------------+----------------+----------------+----------------+----------------+----------------+----------------+
| time           | Jbar_min       | center_pressure| edge_ux        | ln_h_max       | ln_h_min       | mass           |
+----------------+----------------+----------------+----------------+----------------+----------------+----------------+
|   0.000000e+00 |   0.000000e+00 |   0.000000e+00 |   0.000000e+00 |   0.000000e+00 |   0.000000e+00 |   0.000000e+00 |
|   3.000000e-04 |   9.999785e-01 |   4.706348e-05 |   2.461138e-05 |   3.418322e-06 |   1.987591e-06 |   9.999945e-03 |
|   6.000000e-04 |   9.999785e-01 |   4.836146e-05 |   2.445840e-05 |   3.432570e-06 |   1.993459e-06 |   9.999913e-03 |
|   9.000000e-04 |   9.999785e-01 |   4.886724e-05 |   2.434146e-05 |   3.442924e-06 |   1.998246e-06 |   9.999889e-03 |
+----------------+----------------+----------------+----------------+----------------+----------------+----------------+
+----------------+----------------+------------------+----------------+----------------+--------------------+
| time           | mass_reaction  | outflow_gradient | platen_max     | platen_min     | solid_fraction_max |
+----------------+----------------+------------------+----------------+----------------+--------------------+
|   0.000000e+00 |   0.000000e+00 |     0.000000e+00 |   0.000000e+00 |   0.000000e+00 |       0.000000e+00 |
|   3.000000e-04 |  -4.145941e-04 |     1.554003e-04 |  -4.230900e-06 |  -4.230900e-06 |       9.000148e-01 |
|   6.000000e-04 |  -1.997944e-04 |     1.013569e-04 |  -4.246342e-06 |  -4.246342e-06 |       9.000152e-01 |
|   9.000000e-04 |  -1.527402e-04 |     7.922960e-05 |  -4.258138e-06 |  -4.258138e-06 |       9.000154e-01 |
+----------------+----------------+------------------+----------------+----------------+--------------------+
+----------------+--------------------+----------------+----------------+----------------+
| time           | solid_fraction_min | stability_max  | stability_min  | top_reaction   |
+----------------+--------------------+----------------+----------------+----------------+
|   0.000000e+00 |       0.000000e+00 |   0.000000e+00 |   0.000000e+00 |   0.000000e+00 |
|   3.000000e-04 |       8.999967e-01 |   2.500000e+00 |   2.500000e+00 |  -1.000000e-04 |
|   6.000000e-04 |       8.999964e-01 |   2.500000e+00 |   2.500000e+00 |  -1.000000e-04 |
|   9.000000e-04 |       8.999962e-01 |   2.500000e+00 |   2.500000e+00 |  -1.000000e-04 |
+----------------+--------------------+----------------+----------------+----------------+


Time Step 4, time = 0.0012, dt = 0.0003
 * Nonlinear |R| = [32m1.420774e-05[39m (Before preset BCs, predictors, correctors, and constraints)
 0 Nonlinear |R| = [32m1.420774e-05[39m
      0 Linear |R| = [32m1.420774e-05[39m
      1 Linear |R| = [32m3.082423e-07[39m
      2 Linear |R| = [32m1.817483e-07[39m
      3 Linear |R| = [32m1.236995e-07[39m
      4 Linear |R| = [32m1.141645e-07[39m
      5 Linear |R| = [32m3.015303e-08[39m
      6 Linear |R| = [32m2.658444e-08[39m
      7 Linear |R| = [32m1.126945e-08[39m
      8 Linear |R| = [32m9.572842e-09[39m
      9 Linear |R| = [32m4.470637e-09[39m
     10 Linear |R| = [32m1.625188e-09[39m
     11 Linear |R| = [33m1.589198e-09[39m
     12 Linear |R| = [32m6.988699e-10[39m
     13 Linear |R| = [33m6.929161e-10[39m
     14 Linear |R| = [32m2.328833e-10[39m
     15 Linear |R| = [32m1.414471e-10[39m
     16 Linear |R| = [32m9.097251e-11[39m
     17 Linear |R| = [32m2.521614e-11[39m
     18 Linear |R| = [32m2.060737e-11[39m
     19 Linear |R| = [32m9.668665e-12[39m
     20 Linear |R| = [32m2.980368e-12[39m
     21 Linear |R| = [33m2.921082e-12[39m
     22 Linear |R| = [32m1.000063e-12[39m
     23 Linear |R| = [32m3.496287e-13[39m
     24 Linear |R| = [32m3.202960e-13[39m
     25 Linear |R| = [32m9.818579e-14[39m
     26 Linear |R| = [32m8.976397e-14[39m
     27 Linear |R| = [32m5.608546e-14[39m
     28 Linear |R| = [33m5.374272e-14[39m
     29 Linear |R| = [32m1.844443e-14[39m
     30 Linear |R| = [32m8.576555e-15[39m
 1 Nonlinear |R| = [32m4.994788e-13[39m
[32m Solve Converged![39m

Outlier Variable Residual Norms:
  p: [31m4.923142e-13[39m

Postprocessor Values:
+----------------+----------------+----------------+----------------+----------------+----------------+----------------+
| time           | B_anisotropy   | B_par          | B_per          | J_max          | J_min          | Jbar_max       |
+----------------+----------------+----------------+----------------+----------------+----------------+----------------+
|   0.000000e+00 |   0.000000e+00 |   0.000000e+00 |   0.000000e+00 |   0.000000e+00 |   0.000000e+00 |   0.000000e+00 |
|   3.000000e-04 |  -3.791206e-02 |   5.773730e-01 |   6.152850e-01 |   9.999874e-01 |   9.999688e-01 |   9.999852e-01 |
|   6.000000e-04 |  -3.791206e-02 |   5.773730e-01 |   6.152850e-01 |   9.999877e-01 |   9.999683e-01 |   9.999853e-01 |
|   9.000000e-04 |  -3.791206e-02 |   5.773730e-01 |   6.152850e-01 |   9.999878e-01 |   9.999681e-01 |   9.999853e-01 |
|   1.200000e-03 |  -3.791206e-02 |   5.773730e-01 |   6.152850e-01 |   9.999878e-01 |   9.999680e-01 |   9.999853e-01 |
+----------------+----------------+----------------+----------------+----------------+----------------+----------------+
+----------------+----------------+----------------+----------------+----------------+----------------+----------------+
| time           | Jbar_min       | center_pressure| edge_ux        | ln_h_max       | ln_h_min       | mass           |
+----------------+----------------+----------------+----------------+----------------+----------------+----------------+
|   0.000000e+00 |   0.000000e+00 |   0.000000e+00 |   0.000000e+00 |   0.000000e+00 |   0.000000e+00 |   0.000000e+00 |
|   3.000000e-04 |   9.999785e-01 |   4.706348e-05 |   2.461138e-05 |   3.418322e-06 |   1.987591e-06 |   9.999945e-03 |
|   6.000000e-04 |   9.999785e-01 |   4.836146e-05 |   2.445840e-05 |   3.432570e-06 |   1.993459e-06 |   9.999913e-03 |
|   9.000000e-04 |   9.999785e-01 |   4.886724e-05 |   2.434146e-05 |   3.442924e-06 |   1.998246e-06 |   9.999889e-03 |
|   1.200000e-03 |   9.999785e-01 |   4.912717e-05 |   2.424332e-05 |   3.451393e-06 |   2.002585e-06 |   9.999868e-03 |
+----------------+----------------+----------------+----------------+----------------+----------------+----------------+
+----------------+----------------+------------------+----------------+----------------+--------------------+
| time           | mass_reaction  | outflow_gradient | platen_max     | platen_min     | solid_fraction_max |
+----------------+----------------+------------------+----------------+----------------+--------------------+
|   0.000000e+00 |   0.000000e+00 |     0.000000e+00 |   0.000000e+00 |   0.000000e+00 |       0.000000e+00 |
|   3.000000e-04 |  -4.145941e-04 |     1.554003e-04 |  -4.230900e-06 |  -4.230900e-06 |       9.000148e-01 |
|   6.000000e-04 |  -1.997944e-04 |     1.013569e-04 |  -4.246342e-06 |  -4.246342e-06 |       9.000152e-01 |
|   9.000000e-04 |  -1.527402e-04 |     7.922960e-05 |  -4.258138e-06 |  -4.258138e-06 |       9.000154e-01 |
|   1.200000e-03 |  -1.281932e-04 |     6.708008e-05 |  -4.268034e-06 |  -4.268034e-06 |       9.000155e-01 |
+----------------+----------------+------------------+----------------+----------------+--------------------+
+----------------+--------------------+----------------+----------------+----------------+
| time           | solid_fraction_min | stability_max  | stability_min  | top_reaction   |
+----------------+--------------------+----------------+----------------+----------------+
|   0.000000e+00 |       0.000000e+00 |   0.000000e+00 |   0.000000e+00 |   0.000000e+00 |
|   3.000000e-04 |       8.999967e-01 |   2.500000e+00 |   2.500000e+00 |  -1.000000e-04 |
|   6.000000e-04 |       8.999964e-01 |   2.500000e+00 |   2.500000e+00 |  -1.000000e-04 |
|   9.000000e-04 |       8.999962e-01 |   2.500000e+00 |   2.500000e+00 |  -1.000000e-04 |
|   1.200000e-03 |       8.999962e-01 |   2.500000e+00 |   2.500000e+00 |  -1.000000e-04 |
+----------------+--------------------+----------------+----------------+----------------+


Time Step 5, time = 0.0015, dt = 0.0003
 * Nonlinear |R| = [32m1.102989e-05[39m (Before preset BCs, predictors, correctors, and constraints)
 0 Nonlinear |R| = [32m1.102989e-05[39m
      0 Linear |R| = [32m1.102989e-05[39m
      1 Linear |R| = [32m2.704567e-07[39m
      2 Linear |R| = [32m1.590233e-07[39m
      3 Linear |R| = [32m1.062678e-07[39m
      4 Linear |R| = [32m9.477775e-08[39m
      5 Linear |R| = [32m2.398853e-08[39m
      6 Linear |R| = [32m2.196485e-08[39m
      7 Linear |R| = [32m8.386001e-09[39m
      8 Linear |R| = [32m7.586571e-09[39m
      9 Linear |R| = [32m3.313789e-09[39m
     10 Linear |R| = [32m1.315624e-09[39m
     11 Linear |R| = [32m1.199396e-09[39m
     12 Linear |R| = [32m5.645205e-10[39m
     13 Linear |R| = [32m5.349706e-10[39m
     14 Linear |R| = [32m1.715501e-10[39m
     15 Linear |R| = [32m1.200405e-10[39m
     16 Linear |R| = [32m6.711722e-11[39m
     17 Linear |R| = [32m1.895012e-11[39m
     18 Linear |R| = [32m1.679876e-11[39m
     19 Linear |R| = [32m7.104210e-12[39m
     20 Linear |R| = [32m2.284967e-12[39m
     21 Linear |R| = [33m2.280917e-12[39m
     22 Linear |R| = [32m7.318058e-13[39m
     23 Linear |R| = [32m2.898555e-13[39m
     24 Linear |R| = [32m2.461475e-13[39m
     25 Linear |R| = [32m7.929992e-14[39m
     26 Linear |R| = [32m7.144471e-14[39m
     27 Linear |R| = [32m4.336323e-14[39m
     28 Linear |R| = [33m4.244398e-14[39m
     29 Linear |R| = [32m1.412533e-14[39m
     30 Linear |R| = [32m7.147563e-15[39m
 1 Nonlinear |R| = [32m4.169918e-13[39m
[32m Solve Converged![39m

Outlier Variable Residual Norms:
  p: [31m4.119089e-13[39m

Postprocessor Values:
+----------------+----------------+----------------+----------------+----------------+----------------+----------------+
| time           | B_anisotropy   | B_par          | B_per          | J_max          | J_min          | Jbar_max       |
+----------------+----------------+----------------+----------------+----------------+----------------+----------------+
|   0.000000e+00 |   0.000000e+00 |   0.000000e+00 |   0.000000e+00 |   0.000000e+00 |   0.000000e+00 |   0.000000e+00 |
|   3.000000e-04 |  -3.791206e-02 |   5.773730e-01 |   6.152850e-01 |   9.999874e-01 |   9.999688e-01 |   9.999852e-01 |
|   6.000000e-04 |  -3.791206e-02 |   5.773730e-01 |   6.152850e-01 |   9.999877e-01 |   9.999683e-01 |   9.999853e-01 |
|   9.000000e-04 |  -3.791206e-02 |   5.773730e-01 |   6.152850e-01 |   9.999878e-01 |   9.999681e-01 |   9.999853e-01 |
|   1.200000e-03 |  -3.791206e-02 |   5.773730e-01 |   6.152850e-01 |   9.999878e-01 |   9.999680e-01 |   9.999853e-01 |
|   1.500000e-03 |  -3.791206e-02 |   5.773730e-01 |   6.152850e-01 |   9.999878e-01 |   9.999679e-01 |   9.999852e-01 |
+----------------+----------------+----------------+----------------+----------------+----------------+----------------+
+----------------+----------------+----------------+----------------+----------------+----------------+----------------+
| time           | Jbar_min       | center_pressure| edge_ux        | ln_h_max       | ln_h_min       | mass           |
+----------------+----------------+----------------+----------------+----------------+----------------+----------------+
|   0.000000e+00 |   0.000000e+00 |   0.000000e+00 |   0.000000e+00 |   0.000000e+00 |   0.000000e+00 |   0.000000e+00 |
|   3.000000e-04 |   9.999785e-01 |   4.706348e-05 |   2.461138e-05 |   3.418322e-06 |   1.987591e-06 |   9.999945e-03 |
|   6.000000e-04 |   9.999785e-01 |   4.836146e-05 |   2.445840e-05 |   3.432570e-06 |   1.993459e-06 |   9.999913e-03 |
|   9.000000e-04 |   9.999785e-01 |   4.886724e-05 |   2.434146e-05 |   3.442924e-06 |   1.998246e-06 |   9.999889e-03 |
|   1.200000e-03 |   9.999785e-01 |   4.912717e-05 |   2.424332e-05 |   3.451393e-06 |   2.002585e-06 |   9.999868e-03 |
|   1.500000e-03 |   9.999784e-01 |   4.928819e-05 |   2.415703e-05 |   3.458782e-06 |   2.006541e-06 |   9.999850e-03 |
+----------------+----------------+----------------+----------------+----------------+----------------+----------------+
+----------------+----------------+------------------+----------------+----------------+--------------------+
| time           | mass_reaction  | outflow_gradient | platen_max     | platen_min     | solid_fraction_max |
+----------------+----------------+------------------+----------------+----------------+--------------------+
|   0.000000e+00 |   0.000000e+00 |     0.000000e+00 |   0.000000e+00 |   0.000000e+00 |       0.000000e+00 |
|   3.000000e-04 |  -4.145941e-04 |     1.554003e-04 |  -4.230900e-06 |  -4.230900e-06 |       9.000148e-01 |
|   6.000000e-04 |  -1.997944e-04 |     1.013569e-04 |  -4.246342e-06 |  -4.246342e-06 |       9.000152e-01 |
|   9.000000e-04 |  -1.527402e-04 |     7.922960e-05 |  -4.258138e-06 |  -4.258138e-06 |       9.000154e-01 |
|   1.200000e-03 |  -1.281932e-04 |     6.708008e-05 |  -4.268034e-06 |  -4.268034e-06 |       9.000155e-01 |
|   1.500000e-03 |  -1.126973e-04 |     5.922868e-05 |  -4.276731e-06 |  -4.276731e-06 |       9.000156e-01 |
+----------------+----------------+------------------+----------------+----------------+--------------------+
+----------------+--------------------+----------------+----------------+----------------+
| time           | solid_fraction_min | stability_max  | stability_min  | top_reaction   |
+----------------+--------------------+----------------+----------------+----------------+
|   0.000000e+00 |       0.000000e+00 |   0.000000e+00 |   0.000000e+00 |   0.000000e+00 |
|   3.000000e-04 |       8.999967e-01 |   2.500000e+00 |   2.500000e+00 |  -1.000000e-04 |
|   6.000000e-04 |       8.999964e-01 |   2.500000e+00 |   2.500000e+00 |  -1.000000e-04 |
|   9.000000e-04 |       8.999962e-01 |   2.500000e+00 |   2.500000e+00 |  -1.000000e-04 |
|   1.200000e-03 |       8.999962e-01 |   2.500000e+00 |   2.500000e+00 |  -1.000000e-04 |
|   1.500000e-03 |       8.999961e-01 |   2.500000e+00 |   2.500000e+00 |  -1.000000e-04 |
+----------------+--------------------+----------------+----------------+----------------+


Time Step 6, time = 0.0018, dt = 0.0003
 * Nonlinear |R| = [32m9.137941e-06[39m (Before preset BCs, predictors, correctors, and constraints)
 0 Nonlinear |R| = [32m9.137941e-06[39m
      0 Linear |R| = [32m9.137941e-06[39m
      1 Linear |R| = [32m2.440534e-07[39m
      2 Linear |R| = [32m1.431720e-07[39m
      3 Linear |R| = [32m9.439101e-08[39m
      4 Linear |R| = [32m8.162979e-08[39m
      5 Linear |R| = [32m2.066929e-08[39m
      6 Linear |R| = [32m1.919519e-08[39m
      7 Linear |R| = [32m6.911304e-09[39m
      8 Linear |R| = [32m6.419070e-09[39m
      9 Linear |R| = [32m2.720037e-09[39m
     10 Linear |R| = [32m1.129091e-09[39m
     11 Linear |R| = [32m9.622253e-10[39m
     12 Linear |R| = [32m4.810178e-10[39m
     13 Linear |R| = [32m4.340221e-10[39m
     14 Linear |R| = [32m1.355731e-10[39m
     15 Linear |R| = [32m1.037254e-10[39m
     16 Linear |R| = [32m5.317086e-11[39m
     17 Linear |R| = [32m1.544167e-11[39m
     18 Linear |R| = [32m1.441923e-11[39m
     19 Linear |R| = [32m5.633526e-12[39m
     20 Linear |R| = [32m1.863952e-12[39m
     21 Linear |R| = [33m1.863465e-12[39m
     22 Linear |R| = [32m5.795990e-13[39m
     23 Linear |R| = [32m2.469754e-13[39m
     24 Linear |R| = [32m2.014190e-13[39m
     25 Linear |R| = [32m6.834910e-14[39m
     26 Linear |R| = [32m6.323962e-14[39m
     27 Linear |R| = [32m3.661082e-14[39m
     28 Linear |R| = [33m3.643527e-14[39m
     29 Linear |R| = [32m1.194328e-14[39m
     30 Linear |R| = [32m6.165794e-15[39m
 1 Nonlinear |R| = [32m3.358998e-13[39m
[32m Solve Converged![39m

Outlier Variable Residual Norms:
  p: [31m3.309877e-13[39m

Postprocessor Values:
+----------------+----------------+----------------+----------------+----------------+----------------+----------------+
| time           | B_anisotropy   | B_par          | B_per          | J_max          | J_min          | Jbar_max       |
+----------------+----------------+----------------+----------------+----------------+----------------+----------------+
|   0.000000e+00 |   0.000000e+00 |   0.000000e+00 |   0.000000e+00 |   0.000000e+00 |   0.000000e+00 |   0.000000e+00 |
|   3.000000e-04 |  -3.791206e-02 |   5.773730e-01 |   6.152850e-01 |   9.999874e-01 |   9.999688e-01 |   9.999852e-01 |
|   6.000000e-04 |  -3.791206e-02 |   5.773730e-01 |   6.152850e-01 |   9.999877e-01 |   9.999683e-01 |   9.999853e-01 |
|   9.000000e-04 |  -3.791206e-02 |   5.773730e-01 |   6.152850e-01 |   9.999878e-01 |   9.999681e-01 |   9.999853e-01 |
|   1.200000e-03 |  -3.791206e-02 |   5.773730e-01 |   6.152850e-01 |   9.999878e-01 |   9.999680e-01 |   9.999853e-01 |
|   1.500000e-03 |  -3.791206e-02 |   5.773730e-01 |   6.152850e-01 |   9.999878e-01 |   9.999679e-01 |   9.999852e-01 |
|   1.800000e-03 |  -3.791206e-02 |   5.773730e-01 |   6.152850e-01 |   9.999877e-01 |   9.999678e-01 |   9.999852e-01 |
+----------------+----------------+----------------+----------------+----------------+----------------+----------------+
+----------------+----------------+----------------+----------------+----------------+----------------+----------------+
| time           | Jbar_min       | center_pressure| edge_ux        | ln_h_max       | ln_h_min       | mass           |
+----------------+----------------+----------------+----------------+----------------+----------------+----------------+
|   0.000000e+00 |   0.000000e+00 |   0.000000e+00 |   0.000000e+00 |   0.000000e+00 |   0.000000e+00 |   0.000000e+00 |
|   3.000000e-04 |   9.999785e-01 |   4.706348e-05 |   2.461138e-05 |   3.418322e-06 |   1.987591e-06 |   9.999945e-03 |
|   6.000000e-04 |   9.999785e-01 |   4.836146e-05 |   2.445840e-05 |   3.432570e-06 |   1.993459e-06 |   9.999913e-03 |
|   9.000000e-04 |   9.999785e-01 |   4.886724e-05 |   2.434146e-05 |   3.442924e-06 |   1.998246e-06 |   9.999889e-03 |
|   1.200000e-03 |   9.999785e-01 |   4.912717e-05 |   2.424332e-05 |   3.451393e-06 |   2.002585e-06 |   9.999868e-03 |
|   1.500000e-03 |   9.999784e-01 |   4.928819e-05 |   2.415703e-05 |   3.458782e-06 |   2.006541e-06 |   9.999850e-03 |
|   1.800000e-03 |   9.999784e-01 |   4.940470e-05 |   2.407906e-05 |   3.465393e-06 |   2.010176e-06 |   9.999834e-03 |
+----------------+----------------+----------------+----------------+----------------+----------------+----------------+
+----------------+----------------+------------------+----------------+----------------+--------------------+
| time           | mass_reaction  | outflow_gradient | platen_max     | platen_min     | solid_fraction_max |
+----------------+----------------+------------------+----------------+----------------+--------------------+
|   0.000000e+00 |   0.000000e+00 |     0.000000e+00 |   0.000000e+00 |   0.000000e+00 |       0.000000e+00 |
|   3.000000e-04 |  -4.145941e-04 |     1.554003e-04 |  -4.230900e-06 |  -4.230900e-06 |       9.000148e-01 |
|   6.000000e-04 |  -1.997944e-04 |     1.013569e-04 |  -4.246342e-06 |  -4.246342e-06 |       9.000152e-01 |
|   9.000000e-04 |  -1.527402e-04 |     7.922960e-05 |  -4.258138e-06 |  -4.258138e-06 |       9.000154e-01 |
|   1.200000e-03 |  -1.281932e-04 |     6.708008e-05 |  -4.268034e-06 |  -4.268034e-06 |       9.000155e-01 |
|   1.500000e-03 |  -1.126973e-04 |     5.922868e-05 |  -4.276731e-06 |  -4.276731e-06 |       9.000156e-01 |
|   1.800000e-03 |  -1.018068e-04 |     5.364194e-05 |  -4.284587e-06 |  -4.284587e-06 |       9.000157e-01 |
+----------------+----------------+------------------+----------------+----------------+--------------------+
+----------------+--------------------+----------------+----------------+----------------+
| time           | solid_fraction_min | stability_max  | stability_min  | top_reaction   |
+----------------+--------------------+----------------+----------------+----------------+
|   0.000000e+00 |       0.000000e+00 |   0.000000e+00 |   0.000000e+00 |   0.000000e+00 |
|   3.000000e-04 |       8.999967e-01 |   2.500000e+00 |   2.500000e+00 |  -1.000000e-04 |
|   6.000000e-04 |       8.999964e-01 |   2.500000e+00 |   2.500000e+00 |  -1.000000e-04 |
|   9.000000e-04 |       8.999962e-01 |   2.500000e+00 |   2.500000e+00 |  -1.000000e-04 |
|   1.200000e-03 |       8.999962e-01 |   2.500000e+00 |   2.500000e+00 |  -1.000000e-04 |
|   1.500000e-03 |       8.999961e-01 |   2.500000e+00 |   2.500000e+00 |  -1.000000e-04 |
|   1.800000e-03 |       8.999961e-01 |   2.500000e+00 |   2.500000e+00 |  -1.000000e-04 |
+----------------+--------------------+----------------+----------------+----------------+


Time Step 7, time = 0.0021, dt = 0.0003
 * Nonlinear |R| = [32m7.868163e-06[39m (Before preset BCs, predictors, correctors, and constraints)
 0 Nonlinear |R| = [32m7.868163e-06[39m
      0 Linear |R| = [32m7.868163e-06[39m
      1 Linear |R| = [32m2.242763e-07[39m
      2 Linear |R| = [32m1.313222e-07[39m
      3 Linear |R| = [32m8.566794e-08[39m
      4 Linear |R| = [32m7.202602e-08[39m
      5 Linear |R| = [32m1.850268e-08[39m
      6 Linear |R| = [32m1.729607e-08[39m
      7 Linear |R| = [32m6.030336e-09[39m
      8 Linear |R| = [32m5.660762e-09[39m
      9 Linear |R| = [32m2.369318e-09[39m
     10 Linear |R| = [32m1.005032e-09[39m
     11 Linear |R| = [32m8.128056e-10[39m
     12 Linear |R| = [32m4.240643e-10[39m
     13 Linear |R| = [32m3.667123e-10[39m
     14 Linear |R| = [32m1.119191e-10[39m
     15 Linear |R| = [32m9.081624e-11[39m
     16 Linear |R| = [32m4.389117e-11[39m
     17 Linear |R| = [32m1.315398e-11[39m
     18 Linear |R| = [33m1.267445e-11[39m
     19 Linear |R| = [32m4.685380e-12[39m
     20 Linear |R| = [32m1.594410e-12[39m
     21 Linear |R| = [33m1.587781e-12[39m
     22 Linear |R| = [32m4.815412e-13[39m
     23 Linear |R| = [32m2.134129e-13[39m
     24 Linear |R| = [32m1.705224e-13[39m
     25 Linear |R| = [32m5.680804e-14[39m
     26 Linear |R| = [32m5.098860e-14[39m
     27 Linear |R| = [32m2.992338e-14[39m
     28 Linear |R| = [33m2.970428e-14[39m
     29 Linear |R| = [32m1.042746e-14[39m
     30 Linear |R| = [32m5.317746e-15[39m
 1 Nonlinear |R| = [32m3.005472e-13[39m
[32m Solve Converged![39m

Outlier Variable Residual Norms:
  p: [31m2.959551e-13[39m

Postprocessor Values:
+----------------+----------------+----------------+----------------+----------------+----------------+----------------+
| time           | B_anisotropy   | B_par          | B_per          | J_max          | J_min          | Jbar_max       |
+----------------+----------------+----------------+----------------+----------------+----------------+----------------+
|   0.000000e+00 |   0.000000e+00 |   0.000000e+00 |   0.000000e+00 |   0.000000e+00 |   0.000000e+00 |   0.000000e+00 |
|   3.000000e-04 |  -3.791206e-02 |   5.773730e-01 |   6.152850e-01 |   9.999874e-01 |   9.999688e-01 |   9.999852e-01 |
|   6.000000e-04 |  -3.791206e-02 |   5.773730e-01 |   6.152850e-01 |   9.999877e-01 |   9.999683e-01 |   9.999853e-01 |
|   9.000000e-04 |  -3.791206e-02 |   5.773730e-01 |   6.152850e-01 |   9.999878e-01 |   9.999681e-01 |   9.999853e-01 |
|   1.200000e-03 |  -3.791206e-02 |   5.773730e-01 |   6.152850e-01 |   9.999878e-01 |   9.999680e-01 |   9.999853e-01 |
|   1.500000e-03 |  -3.791206e-02 |   5.773730e-01 |   6.152850e-01 |   9.999878e-01 |   9.999679e-01 |   9.999852e-01 |
|   1.800000e-03 |  -3.791206e-02 |   5.773730e-01 |   6.152850e-01 |   9.999877e-01 |   9.999678e-01 |   9.999852e-01 |
|   2.100000e-03 |  -3.791206e-02 |   5.773730e-01 |   6.152850e-01 |   9.999877e-01 |   9.999677e-01 |   9.999852e-01 |
+----------------+----------------+----------------+----------------+----------------+----------------+----------------+
+----------------+----------------+----------------+----------------+----------------+----------------+----------------+
| time           | Jbar_min       | center_pressure| edge_ux        | ln_h_max       | ln_h_min       | mass           |
+----------------+----------------+----------------+----------------+----------------+----------------+----------------+
|   0.000000e+00 |   0.000000e+00 |   0.000000e+00 |   0.000000e+00 |   0.000000e+00 |   0.000000e+00 |   0.000000e+00 |
|   3.000000e-04 |   9.999785e-01 |   4.706348e-05 |   2.461138e-05 |   3.418322e-06 |   1.987591e-06 |   9.999945e-03 |
|   6.000000e-04 |   9.999785e-01 |   4.836146e-05 |   2.445840e-05 |   3.432570e-06 |   1.993459e-06 |   9.999913e-03 |
|   9.000000e-04 |   9.999785e-01 |   4.886724e-05 |   2.434146e-05 |   3.442924e-06 |   1.998246e-06 |   9.999889e-03 |
|   1.200000e-03 |   9.999785e-01 |   4.912717e-05 |   2.424332e-05 |   3.451393e-06 |   2.002585e-06 |   9.999868e-03 |
|   1.500000e-03 |   9.999784e-01 |   4.928819e-05 |   2.415703e-05 |   3.458782e-06 |   2.006541e-06 |   9.999850e-03 |
|   1.800000e-03 |   9.999784e-01 |   4.940470e-05 |   2.407906e-05 |   3.465393e-06 |   2.010176e-06 |   9.999834e-03 |
|   2.100000e-03 |   9.999784e-01 |   4.949921e-05 |   2.400736e-05 |   3.471429e-06 |   2.013544e-06 |   9.999819e-03 |
+----------------+----------------+----------------+----------------+----------------+----------------+----------------+
+----------------+----------------+------------------+----------------+----------------+--------------------+
| time           | mass_reaction  | outflow_gradient | platen_max     | platen_min     | solid_fraction_max |
+----------------+----------------+------------------+----------------+----------------+--------------------+
|   0.000000e+00 |   0.000000e+00 |     0.000000e+00 |   0.000000e+00 |   0.000000e+00 |       0.000000e+00 |
|   3.000000e-04 |  -4.145941e-04 |     1.554003e-04 |  -4.230900e-06 |  -4.230900e-06 |       9.000148e-01 |
|   6.000000e-04 |  -1.997944e-04 |     1.013569e-04 |  -4.246342e-06 |  -4.246342e-06 |       9.000152e-01 |
|   9.000000e-04 |  -1.527402e-04 |     7.922960e-05 |  -4.258138e-06 |  -4.258138e-06 |       9.000154e-01 |
|   1.200000e-03 |  -1.281932e-04 |     6.708008e-05 |  -4.268034e-06 |  -4.268034e-06 |       9.000155e-01 |
|   1.500000e-03 |  -1.126973e-04 |     5.922868e-05 |  -4.276731e-06 |  -4.276731e-06 |       9.000156e-01 |
|   1.800000e-03 |  -1.018068e-04 |     5.364194e-05 |  -4.284587e-06 |  -4.284587e-06 |       9.000157e-01 |
|   2.100000e-03 |  -9.362147e-05 |     4.941156e-05 |  -4.291812e-06 |  -4.291812e-06 |       9.000157e-01 |
+----------------+----------------+------------------+----------------+----------------+--------------------+
+----------------+--------------------+----------------+----------------+----------------+
| time           | solid_fraction_min | stability_max  | stability_min  | top_reaction   |
+----------------+--------------------+----------------+----------------+----------------+
|   0.000000e+00 |       0.000000e+00 |   0.000000e+00 |   0.000000e+00 |   0.000000e+00 |
|   3.000000e-04 |       8.999967e-01 |   2.500000e+00 |   2.500000e+00 |  -1.000000e-04 |
|   6.000000e-04 |       8.999964e-01 |   2.500000e+00 |   2.500000e+00 |  -1.000000e-04 |
|   9.000000e-04 |       8.999962e-01 |   2.500000e+00 |   2.500000e+00 |  -1.000000e-04 |
|   1.200000e-03 |       8.999962e-01 |   2.500000e+00 |   2.500000e+00 |  -1.000000e-04 |
|   1.500000e-03 |       8.999961e-01 |   2.500000e+00 |   2.500000e+00 |  -1.000000e-04 |
|   1.800000e-03 |       8.999961e-01 |   2.500000e+00 |   2.500000e+00 |  -1.000000e-04 |
|   2.100000e-03 |       8.999961e-01 |   2.500000e+00 |   2.500000e+00 |  -1.000000e-04 |
+----------------+--------------------+----------------+----------------+----------------+


Time Step 8, time = 0.0024, dt = 0.0003
 * Nonlinear |R| = [32m6.949796e-06[39m (Before preset BCs, predictors, correctors, and constraints)
 0 Nonlinear |R| = [32m6.949796e-06[39m
      0 Linear |R| = [32m6.949796e-06[39m
      1 Linear |R| = [32m2.087472e-07[39m
      2 Linear |R| = [32m1.220377e-07[39m
      3 Linear |R| = [32m7.892909e-08[39m
      4 Linear |R| = [32m6.464963e-08[39m
      5 Linear |R| = [32m1.692510e-08[39m
      6 Linear |R| = [32m1.587963e-08[39m
      7 Linear |R| = [32m5.435903e-09[39m
      8 Linear |R| = [32m5.123051e-09[39m
      9 Linear |R| = [32m2.137238e-09[39m
     10 Linear |R| = [32m9.163177e-10[39m
     11 Linear |R| = [32m7.137143e-10[39m
     12 Linear |R| = [32m3.832577e-10[39m
     13 Linear |R| = [32m3.204833e-10[39m
     14 Linear |R| = [32m9.555919e-11[39m
     15 Linear |R| = [32m8.066272e-11[39m
     16 Linear |R| = [32m3.720647e-11[39m
     17 Linear |R| = [32m1.148192e-11[39m
     18 Linear |R| = [33m1.127276e-11[39m
     19 Linear |R| = [32m4.009216e-12[39m
     20 Linear |R| = [32m1.407981e-12[39m
     21 Linear |R| = [33m1.391498e-12[39m
     22 Linear |R| = [32m4.131668e-13[39m
     23 Linear |R| = [32m1.889292e-13[39m
     24 Linear |R| = [32m1.486393e-13[39m
     25 Linear |R| = [32m4.962871e-14[39m
     26 Linear |R| = [32m4.454546e-14[39m
     27 Linear |R| = [32m2.600236e-14[39m
     28 Linear |R| = [33m2.585405e-14[39m
     29 Linear |R| = [32m9.290158e-15[39m
     30 Linear |R| = [32m4.576179e-15[39m
 1 Nonlinear |R| = [32m2.604216e-13[39m
[32m Solve Converged![39m

Outlier Variable Residual Norms:
  p: [31m2.564107e-13[39m

Postprocessor Values:
+----------------+----------------+----------------+----------------+----------------+----------------+----------------+
| time           | B_anisotropy   | B_par          | B_per          | J_max          | J_min          | Jbar_max       |
+----------------+----------------+----------------+----------------+----------------+----------------+----------------+
|   0.000000e+00 |   0.000000e+00 |   0.000000e+00 |   0.000000e+00 |   0.000000e+00 |   0.000000e+00 |   0.000000e+00 |
|   3.000000e-04 |  -3.791206e-02 |   5.773730e-01 |   6.152850e-01 |   9.999874e-01 |   9.999688e-01 |   9.999852e-01 |
|   6.000000e-04 |  -3.791206e-02 |   5.773730e-01 |   6.152850e-01 |   9.999877e-01 |   9.999683e-01 |   9.999853e-01 |
|   9.000000e-04 |  -3.791206e-02 |   5.773730e-01 |   6.152850e-01 |   9.999878e-01 |   9.999681e-01 |   9.999853e-01 |
|   1.200000e-03 |  -3.791206e-02 |   5.773730e-01 |   6.152850e-01 |   9.999878e-01 |   9.999680e-01 |   9.999853e-01 |
|   1.500000e-03 |  -3.791206e-02 |   5.773730e-01 |   6.152850e-01 |   9.999878e-01 |   9.999679e-01 |   9.999852e-01 |
|   1.800000e-03 |  -3.791206e-02 |   5.773730e-01 |   6.152850e-01 |   9.999877e-01 |   9.999678e-01 |   9.999852e-01 |
|   2.100000e-03 |  -3.791206e-02 |   5.773730e-01 |   6.152850e-01 |   9.999877e-01 |   9.999677e-01 |   9.999852e-01 |
|   2.400000e-03 |  -3.791206e-02 |   5.773730e-01 |   6.152850e-01 |   9.999877e-01 |   9.999676e-01 |   9.999852e-01 |
+----------------+----------------+----------------+----------------+----------------+----------------+----------------+
+----------------+----------------+----------------+----------------+----------------+----------------+----------------+
| time           | Jbar_min       | center_pressure| edge_ux        | ln_h_max       | ln_h_min       | mass           |
+----------------+----------------+----------------+----------------+----------------+----------------+----------------+
|   0.000000e+00 |   0.000000e+00 |   0.000000e+00 |   0.000000e+00 |   0.000000e+00 |   0.000000e+00 |   0.000000e+00 |
|   3.000000e-04 |   9.999785e-01 |   4.706348e-05 |   2.461138e-05 |   3.418322e-06 |   1.987591e-06 |   9.999945e-03 |
|   6.000000e-04 |   9.999785e-01 |   4.836146e-05 |   2.445840e-05 |   3.432570e-06 |   1.993459e-06 |   9.999913e-03 |
|   9.000000e-04 |   9.999785e-01 |   4.886724e-05 |   2.434146e-05 |   3.442924e-06 |   1.998246e-06 |   9.999889e-03 |
|   1.200000e-03 |   9.999785e-01 |   4.912717e-05 |   2.424332e-05 |   3.451393e-06 |   2.002585e-06 |   9.999868e-03 |
|   1.500000e-03 |   9.999784e-01 |   4.928819e-05 |   2.415703e-05 |   3.458782e-06 |   2.006541e-06 |   9.999850e-03 |
|   1.800000e-03 |   9.999784e-01 |   4.940470e-05 |   2.407906e-05 |   3.465393e-06 |   2.010176e-06 |   9.999834e-03 |
|   2.100000e-03 |   9.999784e-01 |   4.949921e-05 |   2.400736e-05 |   3.471429e-06 |   2.013544e-06 |   9.999819e-03 |
|   2.400000e-03 |   9.999783e-01 |   4.958167e-05 |   2.394058e-05 |   3.477020e-06 |   2.016690e-06 |   9.999805e-03 |
+----------------+----------------+----------------+----------------+----------------+----------------+----------------+
+----------------+----------------+------------------+----------------+----------------+--------------------+
| time           | mass_reaction  | outflow_gradient | platen_max     | platen_min     | solid_fraction_max |
+----------------+----------------+------------------+----------------+----------------+--------------------+
|   0.000000e+00 |   0.000000e+00 |     0.000000e+00 |   0.000000e+00 |   0.000000e+00 |       0.000000e+00 |
|   3.000000e-04 |  -4.145941e-04 |     1.554003e-04 |  -4.230900e-06 |  -4.230900e-06 |       9.000148e-01 |
|   6.000000e-04 |  -1.997944e-04 |     1.013569e-04 |  -4.246342e-06 |  -4.246342e-06 |       9.000152e-01 |
|   9.000000e-04 |  -1.527402e-04 |     7.922960e-05 |  -4.258138e-06 |  -4.258138e-06 |       9.000154e-01 |
|   1.200000e-03 |  -1.281932e-04 |     6.708008e-05 |  -4.268034e-06 |  -4.268034e-06 |       9.000155e-01 |
|   1.500000e-03 |  -1.126973e-04 |     5.922868e-05 |  -4.276731e-06 |  -4.276731e-06 |       9.000156e-01 |
|   1.800000e-03 |  -1.018068e-04 |     5.364194e-05 |  -4.284587e-06 |  -4.284587e-06 |       9.000157e-01 |
|   2.100000e-03 |  -9.362147e-05 |     4.941156e-05 |  -4.291812e-06 |  -4.291812e-06 |       9.000157e-01 |
|   2.400000e-03 |  -8.718184e-05 |     4.606690e-05 |  -4.298539e-06 |  -4.298539e-06 |       9.000158e-01 |
+----------------+----------------+------------------+----------------+----------------+--------------------+
+----------------+--------------------+----------------+----------------+----------------+
| time           | solid_fraction_min | stability_max  | stability_min  | top_reaction   |
+----------------+--------------------+----------------+----------------+----------------+
|   0.000000e+00 |       0.000000e+00 |   0.000000e+00 |   0.000000e+00 |   0.000000e+00 |
|   3.000000e-04 |       8.999967e-01 |   2.500000e+00 |   2.500000e+00 |  -1.000000e-04 |
|   6.000000e-04 |       8.999964e-01 |   2.500000e+00 |   2.500000e+00 |  -1.000000e-04 |
|   9.000000e-04 |       8.999962e-01 |   2.500000e+00 |   2.500000e+00 |  -1.000000e-04 |
|   1.200000e-03 |       8.999962e-01 |   2.500000e+00 |   2.500000e+00 |  -1.000000e-04 |
|   1.500000e-03 |       8.999961e-01 |   2.500000e+00 |   2.500000e+00 |  -1.000000e-04 |
|   1.800000e-03 |       8.999961e-01 |   2.500000e+00 |   2.500000e+00 |  -1.000000e-04 |
|   2.100000e-03 |       8.999961e-01 |   2.500000e+00 |   2.500000e+00 |  -1.000000e-04 |
|   2.400000e-03 |       8.999961e-01 |   2.500000e+00 |   2.500000e+00 |  -1.000000e-04 |
+----------------+--------------------+----------------+----------------+----------------+


Time Step 9, time = 0.0027, dt = 0.0003
 * Nonlinear |R| = [32m6.250785e-06[39m (Before preset BCs, predictors, correctors, and constraints)
 0 Nonlinear |R| = [32m6.250785e-06[39m
      0 Linear |R| = [32m6.250785e-06[39m
      1 Linear |R| = [32m1.961330e-07[39m
      2 Linear |R| = [32m1.145123e-07[39m
      3 Linear |R| = [32m7.353053e-08[39m
      4 Linear |R| = [32m5.877497e-08[39m
      5 Linear |R| = [32m1.569877e-08[39m
      6 Linear |R| = [32m1.476486e-08[39m
      7 Linear |R| = [32m4.998902e-09[39m
      8 Linear |R| = [32m4.715542e-09[39m
      9 Linear |R| = [32m1.969766e-09[39m
     10 Linear |R| = [32m8.491066e-10[39m
     11 Linear |R| = [32m6.443244e-10[39m
     12 Linear |R| = [32m3.528050e-10[39m
     13 Linear |R| = [32m2.877804e-10[39m
     14 Linear |R| = [32m8.394731e-11[39m
     15 Linear |R| = [32m7.274418e-11[39m
     16 Linear |R| = [32m3.224042e-11[39m
     17 Linear |R| = [32m1.018330e-11[39m
     18 Linear |R| = [33m1.010583e-11[39m
     19 Linear |R| = [32m3.488300e-12[39m
     20 Linear |R| = [32m1.267729e-12[39m
     21 Linear |R| = [33m1.239643e-12[39m
     22 Linear |R| = [32m3.619562e-13[39m
     23 Linear |R| = [32m1.704242e-13[39m
     24 Linear |R| = [32m1.320381e-13[39m
     25 Linear |R| = [32m4.428305e-14[39m
     26 Linear |R| = [32m4.001877e-14[39m
     27 Linear |R| = [32m2.316211e-14[39m
     28 Linear |R| = [33m2.307247e-14[39m
     29 Linear |R| = [32m8.382206e-15[39m
     30 Linear |R| = [32m3.976943e-15[39m
 1 Nonlinear |R| = [32m2.667446e-13[39m
[32m Solve Converged![39m

Outlier Variable Residual Norms:
  p: [31m2.629197e-13[39m

Postprocessor Values:
+----------------+----------------+----------------+----------------+----------------+----------------+----------------+
| time           | B_anisotropy   | B_par          | B_per          | J_max          | J_min          | Jbar_max       |
+----------------+----------------+----------------+----------------+----------------+----------------+----------------+
|   0.000000e+00 |   0.000000e+00 |   0.000000e+00 |   0.000000e+00 |   0.000000e+00 |   0.000000e+00 |   0.000000e+00 |
|   3.000000e-04 |  -3.791206e-02 |   5.773730e-01 |   6.152850e-01 |   9.999874e-01 |   9.999688e-01 |   9.999852e-01 |
|   6.000000e-04 |  -3.791206e-02 |   5.773730e-01 |   6.152850e-01 |   9.999877e-01 |   9.999683e-01 |   9.999853e-01 |
|   9.000000e-04 |  -3.791206e-02 |   5.773730e-01 |   6.152850e-01 |   9.999878e-01 |   9.999681e-01 |   9.999853e-01 |
|   1.200000e-03 |  -3.791206e-02 |   5.773730e-01 |   6.152850e-01 |   9.999878e-01 |   9.999680e-01 |   9.999853e-01 |
|   1.500000e-03 |  -3.791206e-02 |   5.773730e-01 |   6.152850e-01 |   9.999878e-01 |   9.999679e-01 |   9.999852e-01 |
|   1.800000e-03 |  -3.791206e-02 |   5.773730e-01 |   6.152850e-01 |   9.999877e-01 |   9.999678e-01 |   9.999852e-01 |
|   2.100000e-03 |  -3.791206e-02 |   5.773730e-01 |   6.152850e-01 |   9.999877e-01 |   9.999677e-01 |   9.999852e-01 |
|   2.400000e-03 |  -3.791206e-02 |   5.773730e-01 |   6.152850e-01 |   9.999877e-01 |   9.999676e-01 |   9.999852e-01 |
|   2.700000e-03 |  -3.791206e-02 |   5.773730e-01 |   6.152850e-01 |   9.999877e-01 |   9.999676e-01 |   9.999852e-01 |
+----------------+----------------+----------------+----------------+----------------+----------------+----------------+
+----------------+----------------+----------------+----------------+----------------+----------------+----------------+
| time           | Jbar_min       | center_pressure| edge_ux        | ln_h_max       | ln_h_min       | mass           |
+----------------+----------------+----------------+----------------+----------------+----------------+----------------+
|   0.000000e+00 |   0.000000e+00 |   0.000000e+00 |   0.000000e+00 |   0.000000e+00 |   0.000000e+00 |   0.000000e+00 |
|   3.000000e-04 |   9.999785e-01 |   4.706348e-05 |   2.461138e-05 |   3.418322e-06 |   1.987591e-06 |   9.999945e-03 |
|   6.000000e-04 |   9.999785e-01 |   4.836146e-05 |   2.445840e-05 |   3.432570e-06 |   1.993459e-06 |   9.999913e-03 |
|   9.000000e-04 |   9.999785e-01 |   4.886724e-05 |   2.434146e-05 |   3.442924e-06 |   1.998246e-06 |   9.999889e-03 |
|   1.200000e-03 |   9.999785e-01 |   4.912717e-05 |   2.424332e-05 |   3.451393e-06 |   2.002585e-06 |   9.999868e-03 |
|   1.500000e-03 |   9.999784e-01 |   4.928819e-05 |   2.415703e-05 |   3.458782e-06 |   2.006541e-06 |   9.999850e-03 |
|   1.800000e-03 |   9.999784e-01 |   4.940470e-05 |   2.407906e-05 |   3.465393e-06 |   2.010176e-06 |   9.999834e-03 |
|   2.100000e-03 |   9.999784e-01 |   4.949921e-05 |   2.400736e-05 |   3.471429e-06 |   2.013544e-06 |   9.999819e-03 |
|   2.400000e-03 |   9.999783e-01 |   4.958167e-05 |   2.394058e-05 |   3.477020e-06 |   2.016690e-06 |   9.999805e-03 |
|   2.700000e-03 |   9.999783e-01 |   4.965671e-05 |   2.387781e-05 |   3.482256e-06 |   2.019653e-06 |   9.999792e-03 |
+----------------+----------------+----------------+----------------+----------------+----------------+----------------+
+----------------+----------------+------------------+----------------+----------------+--------------------+
| time           | mass_reaction  | outflow_gradient | platen_max     | platen_min     | solid_fraction_max |
+----------------+----------------+------------------+----------------+----------------+--------------------+
|   0.000000e+00 |   0.000000e+00 |     0.000000e+00 |   0.000000e+00 |   0.000000e+00 |       0.000000e+00 |
|   3.000000e-04 |  -4.145941e-04 |     1.554003e-04 |  -4.230900e-06 |  -4.230900e-06 |       9.000148e-01 |
|   6.000000e-04 |  -1.997944e-04 |     1.013569e-04 |  -4.246342e-06 |  -4.246342e-06 |       9.000152e-01 |
|   9.000000e-04 |  -1.527402e-04 |     7.922960e-05 |  -4.258138e-06 |  -4.258138e-06 |       9.000154e-01 |
|   1.200000e-03 |  -1.281932e-04 |     6.708008e-05 |  -4.268034e-06 |  -4.268034e-06 |       9.000155e-01 |
|   1.500000e-03 |  -1.126973e-04 |     5.922868e-05 |  -4.276731e-06 |  -4.276731e-06 |       9.000156e-01 |
|   1.800000e-03 |  -1.018068e-04 |     5.364194e-05 |  -4.284587e-06 |  -4.284587e-06 |       9.000157e-01 |
|   2.100000e-03 |  -9.362147e-05 |     4.941156e-05 |  -4.291812e-06 |  -4.291812e-06 |       9.000157e-01 |
|   2.400000e-03 |  -8.718184e-05 |     4.606690e-05 |  -4.298539e-06 |  -4.298539e-06 |       9.000158e-01 |
|   2.700000e-03 |  -8.194517e-05 |     4.333749e-05 |  -4.304862e-06 |  -4.304862e-06 |       9.000158e-01 |
+----------------+----------------+------------------+----------------+----------------+--------------------+
+----------------+--------------------+----------------+----------------+----------------+
| time           | solid_fraction_min | stability_max  | stability_min  | top_reaction   |
+----------------+--------------------+----------------+----------------+----------------+
|   0.000000e+00 |       0.000000e+00 |   0.000000e+00 |   0.000000e+00 |   0.000000e+00 |
|   3.000000e-04 |       8.999967e-01 |   2.500000e+00 |   2.500000e+00 |  -1.000000e-04 |
|   6.000000e-04 |       8.999964e-01 |   2.500000e+00 |   2.500000e+00 |  -1.000000e-04 |
|   9.000000e-04 |       8.999962e-01 |   2.500000e+00 |   2.500000e+00 |  -1.000000e-04 |
|   1.200000e-03 |       8.999962e-01 |   2.500000e+00 |   2.500000e+00 |  -1.000000e-04 |
|   1.500000e-03 |       8.999961e-01 |   2.500000e+00 |   2.500000e+00 |  -1.000000e-04 |
|   1.800000e-03 |       8.999961e-01 |   2.500000e+00 |   2.500000e+00 |  -1.000000e-04 |
|   2.100000e-03 |       8.999961e-01 |   2.500000e+00 |   2.500000e+00 |  -1.000000e-04 |
|   2.400000e-03 |       8.999961e-01 |   2.500000e+00 |   2.500000e+00 |  -1.000000e-04 |
|   2.700000e-03 |       8.999961e-01 |   2.500000e+00 |   2.500000e+00 |  -1.000000e-04 |
+----------------+--------------------+----------------+----------------+----------------+


Time Step 10, time = 0.003, dt = 0.0003
 * Nonlinear |R| = [32m5.698623e-06[39m (Before preset BCs, predictors, correctors, and constraints)
 0 Nonlinear |R| = [32m5.698623e-06[39m
      0 Linear |R| = [32m5.698623e-06[39m
      1 Linear |R| = [32m1.856227e-07[39m
      2 Linear |R| = [32m1.082543e-07[39m
      3 Linear |R| = [32m6.908564e-08[39m
      4 Linear |R| = [32m5.396636e-08[39m
      5 Linear |R| = [32m1.470403e-08[39m
      6 Linear |R| = [32m1.385471e-08[39m
      7 Linear |R| = [32m4.658091e-09[39m
      8 Linear |R| = [32m4.391590e-09[39m
      9 Linear |R| = [32m1.841014e-09[39m
     10 Linear |R| = [32m7.958370e-10[39m
     11 Linear |R| = [32m5.931862e-10[39m
     12 Linear |R| = [32m3.291941e-10[39m
     13 Linear |R| = [32m2.638403e-10[39m
     14 Linear |R| = [32m7.551761e-11[39m
     15 Linear |R| = [32m6.657159e-11[39m
     16 Linear |R| = [32m2.852273e-11[39m
     17 Linear |R| = [32m9.153500e-12[39m
     18 Linear |R| = [33m9.133171e-12[39m
     19 Linear |R| = [32m3.069797e-12[39m
     20 Linear |R| = [32m1.154671e-12[39m
     21 Linear |R| = [33m1.114175e-12[39m
     22 Linear |R| = [32m3.210796e-13[39m
     23 Linear |R| = [32m1.563068e-13[39m
     24 Linear |R| = [32m1.190156e-13[39m
     25 Linear |R| = [32m4.141739e-14[39m
     26 Linear |R| = [32m3.884870e-14[39m
     27 Linear |R| = [32m2.184370e-14[39m
     28 Linear |R| = [33m2.184301e-14[39m
     29 Linear |R| = [32m7.652677e-15[39m
     30 Linear |R| = [32m3.561185e-15[39m
 1 Nonlinear |R| = [32m2.284629e-13[39m
[32m Solve Converged![39m

Outlier Variable Residual Norms:
  p: [31m2.254642e-13[39m

Postprocessor Values:
+----------------+----------------+----------------+----------------+----------------+----------------+----------------+
| time           | B_anisotropy   | B_par          | B_per          | J_max          | J_min          | Jbar_max       |
+----------------+----------------+----------------+----------------+----------------+----------------+----------------+
|   0.000000e+00 |   0.000000e+00 |   0.000000e+00 |   0.000000e+00 |   0.000000e+00 |   0.000000e+00 |   0.000000e+00 |
|   3.000000e-04 |  -3.791206e-02 |   5.773730e-01 |   6.152850e-01 |   9.999874e-01 |   9.999688e-01 |   9.999852e-01 |
|   6.000000e-04 |  -3.791206e-02 |   5.773730e-01 |   6.152850e-01 |   9.999877e-01 |   9.999683e-01 |   9.999853e-01 |
|   9.000000e-04 |  -3.791206e-02 |   5.773730e-01 |   6.152850e-01 |   9.999878e-01 |   9.999681e-01 |   9.999853e-01 |
|   1.200000e-03 |  -3.791206e-02 |   5.773730e-01 |   6.152850e-01 |   9.999878e-01 |   9.999680e-01 |   9.999853e-01 |
|   1.500000e-03 |  -3.791206e-02 |   5.773730e-01 |   6.152850e-01 |   9.999878e-01 |   9.999679e-01 |   9.999852e-01 |
|   1.800000e-03 |  -3.791206e-02 |   5.773730e-01 |   6.152850e-01 |   9.999877e-01 |   9.999678e-01 |   9.999852e-01 |
|   2.100000e-03 |  -3.791206e-02 |   5.773730e-01 |   6.152850e-01 |   9.999877e-01 |   9.999677e-01 |   9.999852e-01 |
|   2.400000e-03 |  -3.791206e-02 |   5.773730e-01 |   6.152850e-01 |   9.999877e-01 |   9.999676e-01 |   9.999852e-01 |
|   2.700000e-03 |  -3.791206e-02 |   5.773730e-01 |   6.152850e-01 |   9.999877e-01 |   9.999676e-01 |   9.999852e-01 |
|   3.000000e-03 |  -3.791206e-02 |   5.773730e-01 |   6.152850e-01 |   9.999877e-01 |   9.999675e-01 |   9.999852e-01 |
+----------------+----------------+----------------+----------------+----------------+----------------+----------------+
+----------------+----------------+----------------+----------------+----------------+----------------+----------------+
| time           | Jbar_min       | center_pressure| edge_ux        | ln_h_max       | ln_h_min       | mass           |
+----------------+----------------+----------------+----------------+----------------+----------------+----------------+
|   0.000000e+00 |   0.000000e+00 |   0.000000e+00 |   0.000000e+00 |   0.000000e+00 |   0.000000e+00 |   0.000000e+00 |
|   3.000000e-04 |   9.999785e-01 |   4.706348e-05 |   2.461138e-05 |   3.418322e-06 |   1.987591e-06 |   9.999945e-03 |
|   6.000000e-04 |   9.999785e-01 |   4.836146e-05 |   2.445840e-05 |   3.432570e-06 |   1.993459e-06 |   9.999913e-03 |
|   9.000000e-04 |   9.999785e-01 |   4.886724e-05 |   2.434146e-05 |   3.442924e-06 |   1.998246e-06 |   9.999889e-03 |
|   1.200000e-03 |   9.999785e-01 |   4.912717e-05 |   2.424332e-05 |   3.451393e-06 |   2.002585e-06 |   9.999868e-03 |
|   1.500000e-03 |   9.999784e-01 |   4.928819e-05 |   2.415703e-05 |   3.458782e-06 |   2.006541e-06 |   9.999850e-03 |
|   1.800000e-03 |   9.999784e-01 |   4.940470e-05 |   2.407906e-05 |   3.465393e-06 |   2.010176e-06 |   9.999834e-03 |
|   2.100000e-03 |   9.999784e-01 |   4.949921e-05 |   2.400736e-05 |   3.471429e-06 |   2.013544e-06 |   9.999819e-03 |
|   2.400000e-03 |   9.999783e-01 |   4.958167e-05 |   2.394058e-05 |   3.477020e-06 |   2.016690e-06 |   9.999805e-03 |
|   2.700000e-03 |   9.999783e-01 |   4.965671e-05 |   2.387781e-05 |   3.482256e-06 |   2.019653e-06 |   9.999792e-03 |
|   3.000000e-03 |   9.999783e-01 |   4.972664e-05 |   2.381837e-05 |   3.487199e-06 |   2.022459e-06 |   9.999779e-03 |
+----------------+----------------+----------------+----------------+----------------+----------------+----------------+
+----------------+----------------+------------------+----------------+----------------+--------------------+
| time           | mass_reaction  | outflow_gradient | platen_max     | platen_min     | solid_fraction_max |
+----------------+----------------+------------------+----------------+----------------+--------------------+
|   0.000000e+00 |   0.000000e+00 |     0.000000e+00 |   0.000000e+00 |   0.000000e+00 |       0.000000e+00 |
|   3.000000e-04 |  -4.145941e-04 |     1.554003e-04 |  -4.230900e-06 |  -4.230900e-06 |       9.000148e-01 |
|   6.000000e-04 |  -1.997944e-04 |     1.013569e-04 |  -4.246342e-06 |  -4.246342e-06 |       9.000152e-01 |
|   9.000000e-04 |  -1.527402e-04 |     7.922960e-05 |  -4.258138e-06 |  -4.258138e-06 |       9.000154e-01 |
|   1.200000e-03 |  -1.281932e-04 |     6.708008e-05 |  -4.268034e-06 |  -4.268034e-06 |       9.000155e-01 |
|   1.500000e-03 |  -1.126973e-04 |     5.922868e-05 |  -4.276731e-06 |  -4.276731e-06 |       9.000156e-01 |
|   1.800000e-03 |  -1.018068e-04 |     5.364194e-05 |  -4.284587e-06 |  -4.284587e-06 |       9.000157e-01 |
|   2.100000e-03 |  -9.362147e-05 |     4.941156e-05 |  -4.291812e-06 |  -4.291812e-06 |       9.000157e-01 |
|   2.400000e-03 |  -8.718184e-05 |     4.606690e-05 |  -4.298539e-06 |  -4.298539e-06 |       9.000158e-01 |
|   2.700000e-03 |  -8.194517e-05 |     4.333749e-05 |  -4.304862e-06 |  -4.304862e-06 |       9.000158e-01 |
|   3.000000e-03 |  -7.757868e-05 |     4.105569e-05 |  -4.310848e-06 |  -4.310848e-06 |       9.000159e-01 |
+----------------+----------------+------------------+----------------+----------------+--------------------+
+----------------+--------------------+----------------+----------------+----------------+
| time           | solid_fraction_min | stability_max  | stability_min  | top_reaction   |
+----------------+--------------------+----------------+----------------+----------------+
|   0.000000e+00 |       0.000000e+00 |   0.000000e+00 |   0.000000e+00 |   0.000000e+00 |
|   3.000000e-04 |       8.999967e-01 |   2.500000e+00 |   2.500000e+00 |  -1.000000e-04 |
|   6.000000e-04 |       8.999964e-01 |   2.500000e+00 |   2.500000e+00 |  -1.000000e-04 |
|   9.000000e-04 |       8.999962e-01 |   2.500000e+00 |   2.500000e+00 |  -1.000000e-04 |
|   1.200000e-03 |       8.999962e-01 |   2.500000e+00 |   2.500000e+00 |  -1.000000e-04 |
|   1.500000e-03 |       8.999961e-01 |   2.500000e+00 |   2.500000e+00 |  -1.000000e-04 |
|   1.800000e-03 |       8.999961e-01 |   2.500000e+00 |   2.500000e+00 |  -1.000000e-04 |
|   2.100000e-03 |       8.999961e-01 |   2.500000e+00 |   2.500000e+00 |  -1.000000e-04 |
|   2.400000e-03 |       8.999961e-01 |   2.500000e+00 |   2.500000e+00 |  -1.000000e-04 |
|   2.700000e-03 |       8.999961e-01 |   2.500000e+00 |   2.500000e+00 |  -1.000000e-04 |
|   3.000000e-03 |       8.999961e-01 |   2.500000e+00 |   2.500000e+00 |  -1.000000e-04 |
+----------------+--------------------+----------------+----------------+----------------+

Finished Executing                                                                       [[33m  7.49 s[39m] [[33m  153 MB[39m]
[pge-894801:00135] opal_ifinit: socket() failed with errno=1
[pge-894801:00135] pmix_ifinit: socket() failed with errno=1
