
[36m
*** Info ***
'execute_on' parameter specified in [Outputs] block is ignored for object 'checkpoint'.
Define this object in its own sub-block of [Outputs] to modify its execution schedule.[39m
Framework Information:
MOOSE Version:           git commit abafb58b on 2026-02-20
LibMesh Version:         
PETSc Version:           3.24.4
SLEPc Version:           3.24.0
Current Time:            Sun Sep 20 14:28:30 2026
Executable Timestamp:    Sun Sep 20 14:26:45 2026

Input File(s):
  /home/jfoster/projects/research/reactive_transport/anisotropic-biot-tensor/.agent-runtime/moose-fe-goal-2026-09-20/implementation/runs/one_element_drained/input.i

Command Line Argument(s):
  --n-threads=1

Command Line Input Argument(s):
  Outputs/file_base=/home/jfoster/projects/research/reactive_transport/anisotropic-biot-tensor/.agent-runtime/moose-fe-goal-2026-09-20/implementation/runs/one_element_drained/solution

Checkpoint:
  Wall Time Interval:      Every 3600 s
  User Checkpoint:         Disabled
  # Checkpoints Kept:      2
  Execute On:              TIMESTEP_END 

Parallelism:
  Num Processors:          1
  Num Threads:             1

Mesh: 
  Parallel Type:           replicated
  Mesh Dimension:          2
  Spatial Dimension:       2
  Nodes:                   9
  Elems:                   1
  Num Subdomains:          1

Nonlinear System:
  Num DOFs:                22
  Num Local DOFs:          22
  Variables:               { "ux" "uy" } "p" 
  Finite Element Types:    "LAGRANGE" "LAGRANGE" 
  Approximation Orders:    "SECOND" "FIRST" 

Auxiliary System:
  Num DOFs:                22
  Num Local DOFs:          22
  Variables:               { "J" "Jbar" "solid_fraction" "stability" "energy" "B12" "sigma11" "sigma22" 
                             "sigma12" } "mass_reaction" "force_reaction" 
  Finite Element Types:    "MONOMIAL" "LAGRANGE" "LAGRANGE" 
  Approximation Orders:    "CONSTANT" "FIRST" "SECOND" 

Execution Information:
  Executioner:             Transient
  TimeStepper:             ConstantDT
  TimeIntegrator(s):       ImplicitEuler
  Solver Mode:             Preconditioned JFNK 
  PETSc Preconditioner:    lu 
  MOOSE Preconditioner:    SMP 
[31mLEGACY MODES ENABLED:[39m
 This application uses the legacy material output option: material properties are output only on TIMESTEP_END, not INITIAL. To remove this message, set 'use_legacy_material_output' to false in this application. If there are gold output files that contain material property output for which output occurs on INITIAL, then these will generate diffs due to zero values being stored, and these tests should be re-golded.
[39m
[31mLEGACY MODES ENABLED:[39m
 This application uses the legacy initial residual evaluation behavior. The legacy behavior performs an often times redundant residual evaluation before the solution modifying objects are executed prior to the initial (0th nonlinear iteration) residual evaluation. The new behavior skips that redundant residual evaluation unless the parameter Executioner/use_pre_smo_residual is set to true. To remove this message and enable the new behavior, set the parameter 'use_legacy_initial_residual_evaluation_behavior' to false in *App.C. Some tests that rely on the side effects of the legacy behavior may fail/diff and should be re-golded.
[39m

Time Step 0, time = 0

Postprocessor Values:
+----------------+----------------+----------------+----------------+----------------+----------------+----------------+
| time           | J_max          | J_min          | Jbar_max       | Jbar_min       | center_pressure| edge_ux        |
+----------------+----------------+----------------+----------------+----------------+----------------+----------------+
|   0.000000e+00 |   1.000000e+00 |   1.000000e+00 |   1.000000e+00 |   1.000000e+00 |   0.000000e+00 |   0.000000e+00 |
+----------------+----------------+----------------+----------------+----------------+----------------+----------------+
+----------------+----------------+----------------+------------------+----------------+----------------+
| time           | mass           | mass_reaction  | outflow_gradient | platen_max     | platen_min     |
+----------------+----------------+----------------+------------------+----------------+----------------+
|   0.000000e+00 |   1.000000e-02 |   0.000000e+00 |     0.000000e+00 |   0.000000e+00 |   0.000000e+00 |
+----------------+----------------+----------------+------------------+----------------+----------------+
+----------------+--------------------+--------------------+----------------+----------------+----------------+
| time           | solid_fraction_max | solid_fraction_min | stability_max  | stability_min  | top_reaction   |
+----------------+--------------------+--------------------+----------------+----------------+----------------+
|   0.000000e+00 |       9.000000e-01 |       9.000000e-01 |   2.500000e+00 |   2.500000e+00 |   0.000000e+00 |
+----------------+--------------------+--------------------+----------------+----------------+----------------+

Warning, Exodus files cannot have titles longer than 80 characters.  Your title will be truncated.

Time Step 1, time = 0.01, dt = 0.01
 * Nonlinear |R| = [32m1.000000e-02[39m (Before preset BCs, predictors, correctors, and constraints)
 0 Nonlinear |R| = [32m1.000000e-02[39m
      0 Linear |R| = [32m1.000000e-02[39m
      1 Linear |R| = [33m9.996756e-03[39m
      2 Linear |R| = [32m8.436530e-04[39m
      3 Linear |R| = [32m1.243557e-09[39m
      4 Linear |R| = [32m3.924723e-17[39m
 1 Nonlinear |R| = [32m8.276920e-05[39m
      0 Linear |R| = [32m8.276920e-05[39m
      1 Linear |R| = [33m8.222253e-05[39m
      2 Linear |R| = [32m6.670847e-06[39m
      3 Linear |R| = [32m1.873284e-06[39m
      4 Linear |R| = [32m4.313850e-13[39m
      5 Linear |R| = [32m9.685166e-20[39m
 2 Nonlinear |R| = [32m5.355907e-09[39m
      0 Linear |R| = [32m5.355907e-09[39m
      1 Linear |R| = [33m5.329205e-09[39m
      2 Linear |R| = [32m4.341431e-10[39m
      3 Linear |R| = [32m8.691934e-11[39m
      4 Linear |R| = [32m2.228930e-17[39m
      5 Linear |R| = [32m1.115926e-23[39m
 3 Nonlinear |R| = [32m9.888535e-16[39m
[32m Solve Converged![39m

Outlier Variable Residual Norms:
  uy: [31m9.858068e-16[39m

Postprocessor Values:
+----------------+----------------+----------------+----------------+----------------+----------------+----------------+
| time           | J_max          | J_min          | Jbar_max       | Jbar_min       | center_pressure| edge_ux        |
+----------------+----------------+----------------+----------------+----------------+----------------+----------------+
|   0.000000e+00 |   1.000000e+00 |   1.000000e+00 |   1.000000e+00 |   1.000000e+00 |   0.000000e+00 |   0.000000e+00 |
|   1.000000e-02 |   9.960291e-01 |   9.960291e-01 |   9.982332e-01 |   9.982332e-01 |   0.000000e+00 |   1.327158e-03 |
+----------------+----------------+----------------+----------------+----------------+----------------+----------------+
+----------------+----------------+----------------+------------------+----------------+----------------+
| time           | mass           | mass_reaction  | outflow_gradient | platen_max     | platen_min     |
+----------------+----------------+----------------+------------------+----------------+----------------+
|   0.000000e+00 |   1.000000e-02 |   0.000000e+00 |     0.000000e+00 |   0.000000e+00 |   0.000000e+00 |
|   1.000000e-02 |   9.761920e-03 |  -4.761605e-02 |     0.000000e+00 |  -5.291067e-04 |  -5.291067e-04 |
+----------------+----------------+----------------+------------------+----------------+----------------+
+----------------+--------------------+--------------------+----------------+----------------+----------------+
| time           | solid_fraction_max | solid_fraction_min | stability_max  | stability_min  | top_reaction   |
+----------------+--------------------+--------------------+----------------+----------------+----------------+
|   0.000000e+00 |       9.000000e-01 |       9.000000e-01 |   2.500000e+00 |   2.500000e+00 |   0.000000e+00 |
|   1.000000e-02 |       9.019916e-01 |       9.019916e-01 |   2.500000e+00 |   2.500000e+00 |  -1.000000e-02 |
+----------------+--------------------+--------------------+----------------+----------------+----------------+

