
[36m
*** Info ***
'execute_on' parameter specified in [Outputs] block is ignored for object 'checkpoint'.
Define this object in its own sub-block of [Outputs] to modify its execution schedule.[39m
Framework Information:
MOOSE Version:           git commit abafb58b on 2026-02-20
LibMesh Version:         
PETSc Version:           3.24.4
SLEPc Version:           3.24.0
Current Time:            Sun Sep 20 14:29:15 2026
Executable Timestamp:    Sun Sep 20 14:26:45 2026

Input File(s):
  /home/jfoster/projects/research/reactive_transport/anisotropic-biot-tensor/.agent-runtime/moose-fe-goal-2026-09-20/implementation/runs/mms_time_0.005/input.i

Command Line Argument(s):
  --n-threads=1

Command Line Input Argument(s):
  Outputs/file_base=/home/jfoster/projects/research/reactive_transport/anisotropic-biot-tensor/.agent-runtime/moose-fe-goal-2026-09-20/implementation/runs/mms_time_0.005/solution

Checkpoint:
  Wall Time Interval:      Every 3600 s
  User Checkpoint:         Disabled
  # Checkpoints Kept:      2
  Execute On:              TIMESTEP_END 

Parallelism:
  Num Processors:          1
  Num Threads:             1

Mesh: 
  Parallel Type:           replicated
  Mesh Dimension:          2
  Spatial Dimension:       2
  Nodes:                   1089
  Elems:                   256
  Num Subdomains:          1

Nonlinear System:
  Num DOFs:                2467
  Num Local DOFs:          2467
  Variables:               { "ux" "uy" } "p" 
  Finite Element Types:    "LAGRANGE" "LAGRANGE" 
  Approximation Orders:    "SECOND" "FIRST" 

Auxiliary System:
  Num DOFs:                3682
  Num Local DOFs:          3682
  Variables:               { "J" "Jbar" "solid_fraction" "stability" "energy" "B12" "sigma11" "sigma22" 
                             "sigma12" } "mass_reaction" "force_reaction" 
  Finite Element Types:    "MONOMIAL" "LAGRANGE" "LAGRANGE" 
  Approximation Orders:    "CONSTANT" "FIRST" "SECOND" 

Execution Information:
  Executioner:             Transient
  TimeStepper:             ConstantDT
  TimeIntegrator(s):       ImplicitEuler
  Solver Mode:             NEWTON 
  PETSc Preconditioner:    lu 
  MOOSE Preconditioner:    SMP 
[31mLEGACY MODES ENABLED:[39m
 This application uses the legacy material output option: material properties are output only on TIMESTEP_END, not INITIAL. To remove this message, set 'use_legacy_material_output' to false in this application. If there are gold output files that contain material property output for which output occurs on INITIAL, then these will generate diffs due to zero values being stored, and these tests should be re-golded.
[39m
[31mLEGACY MODES ENABLED:[39m
 This application uses the legacy initial residual evaluation behavior. The legacy behavior performs an often times redundant residual evaluation before the solution modifying objects are executed prior to the initial (0th nonlinear iteration) residual evaluation. The new behavior skips that redundant residual evaluation unless the parameter Executioner/use_pre_smo_residual is set to true. To remove this message and enable the new behavior, set the parameter 'use_legacy_initial_residual_evaluation_behavior' to false in *App.C. Some tests that rely on the side effects of the legacy behavior may fail/diff and should be re-golded.
[39m

Time Step 0, time = 0

Postprocessor Values:
+----------------+----------------+----------------+----------------+
| time           | p_l2           | ux_l2          | uy_l2          |
+----------------+----------------+----------------+----------------+
|   0.000000e+00 |   0.000000e+00 |   0.000000e+00 |   0.000000e+00 |
+----------------+----------------+----------------+----------------+

Warning, Exodus files cannot have titles longer than 80 characters.  Your title will be truncated.

Time Step 1, time = 0.005, dt = 0.005
 * Nonlinear |R| = [32m1.116604e-03[39m (Before preset BCs, predictors, correctors, and constraints)
 0 Nonlinear |R| = [32m5.004366e-03[39m
      0 Linear |R| = [32m5.004366e-03[39m
      1 Linear |R| = [32m2.031562e-17[39m
 1 Nonlinear |R| = [32m1.423540e-15[39m
[32m Solve Converged![39m

Postprocessor Values:
+----------------+----------------+----------------+----------------+
| time           | p_l2           | ux_l2          | uy_l2          |
+----------------+----------------+----------------+----------------+
|   0.000000e+00 |   0.000000e+00 |   0.000000e+00 |   0.000000e+00 |
|   5.000000e-03 |   1.488008e-07 |   1.325870e-09 |   1.359694e-09 |
+----------------+----------------+----------------+----------------+


Time Step 2, time = 0.01, dt = 0.005
 * Nonlinear |R| = [32m1.116507e-03[39m (Before preset BCs, predictors, correctors, and constraints)
 0 Nonlinear |R| = [32m5.004219e-03[39m
      0 Linear |R| = [32m5.004219e-03[39m
      1 Linear |R| = [32m2.327299e-17[39m
 1 Nonlinear |R| = [32m1.961933e-15[39m
[32m Solve Converged![39m

Postprocessor Values:
+----------------+----------------+----------------+----------------+
| time           | p_l2           | ux_l2          | uy_l2          |
+----------------+----------------+----------------+----------------+
|   0.000000e+00 |   0.000000e+00 |   0.000000e+00 |   0.000000e+00 |
|   5.000000e-03 |   1.488008e-07 |   1.325870e-09 |   1.359694e-09 |
|   1.000000e-02 |   3.053469e-07 |   2.657875e-09 |   2.727759e-09 |
+----------------+----------------+----------------+----------------+


Time Step 3, time = 0.015, dt = 0.005
 * Nonlinear |R| = [32m1.116445e-03[39m (Before preset BCs, predictors, correctors, and constraints)
 0 Nonlinear |R| = [32m5.003968e-03[39m
      0 Linear |R| = [32m5.003968e-03[39m
      1 Linear |R| = [32m2.282109e-17[39m
 1 Nonlinear |R| = [32m1.968134e-15[39m
[32m Solve Converged![39m

Postprocessor Values:
+----------------+----------------+----------------+----------------+
| time           | p_l2           | ux_l2          | uy_l2          |
+----------------+----------------+----------------+----------------+
|   0.000000e+00 |   0.000000e+00 |   0.000000e+00 |   0.000000e+00 |
|   5.000000e-03 |   1.488008e-07 |   1.325870e-09 |   1.359694e-09 |
|   1.000000e-02 |   3.053469e-07 |   2.657875e-09 |   2.727759e-09 |
|   1.500000e-02 |   4.627356e-07 |   3.990587e-09 |   4.096749e-09 |
+----------------+----------------+----------------+----------------+


Time Step 4, time = 0.02, dt = 0.005
 * Nonlinear |R| = [32m1.116361e-03[39m (Before preset BCs, predictors, correctors, and constraints)
 0 Nonlinear |R| = [32m5.003592e-03[39m
      0 Linear |R| = [32m5.003592e-03[39m
      1 Linear |R| = [32m2.470069e-17[39m
 1 Nonlinear |R| = [32m1.974834e-15[39m
[32m Solve Converged![39m

Postprocessor Values:
+----------------+----------------+----------------+----------------+
| time           | p_l2           | ux_l2          | uy_l2          |
+----------------+----------------+----------------+----------------+
|   0.000000e+00 |   0.000000e+00 |   0.000000e+00 |   0.000000e+00 |
|   5.000000e-03 |   1.488008e-07 |   1.325870e-09 |   1.359694e-09 |
|   1.000000e-02 |   3.053469e-07 |   2.657875e-09 |   2.727759e-09 |
|   1.500000e-02 |   4.627356e-07 |   3.990587e-09 |   4.096749e-09 |
|   2.000000e-02 |   6.202225e-07 |   5.323315e-09 |   5.465772e-09 |
+----------------+----------------+----------------+----------------+


Time Step 5, time = 0.025, dt = 0.005
 * Nonlinear |R| = [32m1.116249e-03[39m (Before preset BCs, predictors, correctors, and constraints)
 0 Nonlinear |R| = [32m5.003092e-03[39m
      0 Linear |R| = [32m5.003092e-03[39m
      1 Linear |R| = [32m2.140912e-17[39m
 1 Nonlinear |R| = [32m2.008172e-15[39m
[32m Solve Converged![39m

Postprocessor Values:
+----------------+----------------+----------------+----------------+
| time           | p_l2           | ux_l2          | uy_l2          |
+----------------+----------------+----------------+----------------+
|   0.000000e+00 |   0.000000e+00 |   0.000000e+00 |   0.000000e+00 |
|   5.000000e-03 |   1.488008e-07 |   1.325870e-09 |   1.359694e-09 |
|   1.000000e-02 |   3.053469e-07 |   2.657875e-09 |   2.727759e-09 |
|   1.500000e-02 |   4.627356e-07 |   3.990587e-09 |   4.096749e-09 |
|   2.000000e-02 |   6.202225e-07 |   5.323315e-09 |   5.465772e-09 |
|   2.500000e-02 |   7.777128e-07 |   6.655934e-09 |   6.834685e-09 |
+----------------+----------------+----------------+----------------+


Time Step 6, time = 0.03, dt = 0.005
 * Nonlinear |R| = [32m1.116109e-03[39m (Before preset BCs, predictors, correctors, and constraints)
 0 Nonlinear |R| = [32m5.002466e-03[39m
      0 Linear |R| = [32m5.002466e-03[39m
      1 Linear |R| = [32m2.355808e-17[39m
 1 Nonlinear |R| = [32m1.963130e-15[39m
[32m Solve Converged![39m

Postprocessor Values:
+----------------+----------------+----------------+----------------+
| time           | p_l2           | ux_l2          | uy_l2          |
+----------------+----------------+----------------+----------------+
|   0.000000e+00 |   0.000000e+00 |   0.000000e+00 |   0.000000e+00 |
|   5.000000e-03 |   1.488008e-07 |   1.325870e-09 |   1.359694e-09 |
|   1.000000e-02 |   3.053469e-07 |   2.657875e-09 |   2.727759e-09 |
|   1.500000e-02 |   4.627356e-07 |   3.990587e-09 |   4.096749e-09 |
|   2.000000e-02 |   6.202225e-07 |   5.323315e-09 |   5.465772e-09 |
|   2.500000e-02 |   7.777128e-07 |   6.655934e-09 |   6.834685e-09 |
|   3.000000e-02 |   9.351891e-07 |   7.988395e-09 |   8.203436e-09 |
+----------------+----------------+----------------+----------------+


Time Step 7, time = 0.035, dt = 0.005
 * Nonlinear |R| = [32m1.115942e-03[39m (Before preset BCs, predictors, correctors, and constraints)
 0 Nonlinear |R| = [32m5.001716e-03[39m
      0 Linear |R| = [32m5.001716e-03[39m
      1 Linear |R| = [32m2.291746e-17[39m
 1 Nonlinear |R| = [32m1.965340e-15[39m
[32m Solve Converged![39m

Postprocessor Values:
+----------------+----------------+----------------+----------------+
| time           | p_l2           | ux_l2          | uy_l2          |
+----------------+----------------+----------------+----------------+
|   0.000000e+00 |   0.000000e+00 |   0.000000e+00 |   0.000000e+00 |
|   5.000000e-03 |   1.488008e-07 |   1.325870e-09 |   1.359694e-09 |
|   1.000000e-02 |   3.053469e-07 |   2.657875e-09 |   2.727759e-09 |
|   1.500000e-02 |   4.627356e-07 |   3.990587e-09 |   4.096749e-09 |
|   2.000000e-02 |   6.202225e-07 |   5.323315e-09 |   5.465772e-09 |
|   2.500000e-02 |   7.777128e-07 |   6.655934e-09 |   6.834685e-09 |
|   3.000000e-02 |   9.351891e-07 |   7.988395e-09 |   8.203436e-09 |
|   3.500000e-02 |   1.092645e-06 |   9.320661e-09 |   9.571985e-09 |
+----------------+----------------+----------------+----------------+


Time Step 8, time = 0.04, dt = 0.005
 * Nonlinear |R| = [32m1.115747e-03[39m (Before preset BCs, predictors, correctors, and constraints)
 0 Nonlinear |R| = [32m5.000840e-03[39m
      0 Linear |R| = [32m5.000840e-03[39m
      1 Linear |R| = [32m3.267309e-17[39m
 1 Nonlinear |R| = [32m1.875966e-15[39m
[32m Solve Converged![39m

Postprocessor Values:
+----------------+----------------+----------------+----------------+
| time           | p_l2           | ux_l2          | uy_l2          |
+----------------+----------------+----------------+----------------+
|   0.000000e+00 |   0.000000e+00 |   0.000000e+00 |   0.000000e+00 |
|   5.000000e-03 |   1.488008e-07 |   1.325870e-09 |   1.359694e-09 |
|   1.000000e-02 |   3.053469e-07 |   2.657875e-09 |   2.727759e-09 |
|   1.500000e-02 |   4.627356e-07 |   3.990587e-09 |   4.096749e-09 |
|   2.000000e-02 |   6.202225e-07 |   5.323315e-09 |   5.465772e-09 |
|   2.500000e-02 |   7.777128e-07 |   6.655934e-09 |   6.834685e-09 |
|   3.000000e-02 |   9.351891e-07 |   7.988395e-09 |   8.203436e-09 |
|   3.500000e-02 |   1.092645e-06 |   9.320661e-09 |   9.571985e-09 |
|   4.000000e-02 |   1.250074e-06 |   1.065270e-08 |   1.094030e-08 |
+----------------+----------------+----------------+----------------+


Time Step 9, time = 0.045, dt = 0.005
 * Nonlinear |R| = [32m1.115523e-03[39m (Before preset BCs, predictors, correctors, and constraints)
 0 Nonlinear |R| = [32m4.999839e-03[39m
      0 Linear |R| = [32m4.999839e-03[39m
      1 Linear |R| = [32m2.205467e-17[39m
 1 Nonlinear |R| = [32m1.960119e-15[39m
[32m Solve Converged![39m

Postprocessor Values:
+----------------+----------------+----------------+----------------+
| time           | p_l2           | ux_l2          | uy_l2          |
+----------------+----------------+----------------+----------------+
|   0.000000e+00 |   0.000000e+00 |   0.000000e+00 |   0.000000e+00 |
|   5.000000e-03 |   1.488008e-07 |   1.325870e-09 |   1.359694e-09 |
|   1.000000e-02 |   3.053469e-07 |   2.657875e-09 |   2.727759e-09 |
|   1.500000e-02 |   4.627356e-07 |   3.990587e-09 |   4.096749e-09 |
|   2.000000e-02 |   6.202225e-07 |   5.323315e-09 |   5.465772e-09 |
|   2.500000e-02 |   7.777128e-07 |   6.655934e-09 |   6.834685e-09 |
|   3.000000e-02 |   9.351891e-07 |   7.988395e-09 |   8.203436e-09 |
|   3.500000e-02 |   1.092645e-06 |   9.320661e-09 |   9.571985e-09 |
|   4.000000e-02 |   1.250074e-06 |   1.065270e-08 |   1.094030e-08 |
|   4.500000e-02 |   1.407474e-06 |   1.198447e-08 |   1.230834e-08 |
+----------------+----------------+----------------+----------------+


Time Step 10, time = 0.05, dt = 0.005
 * Nonlinear |R| = [32m1.115272e-03[39m (Before preset BCs, predictors, correctors, and constraints)
 0 Nonlinear |R| = [32m4.998714e-03[39m
      0 Linear |R| = [32m4.998714e-03[39m
      1 Linear |R| = [32m2.180681e-17[39m
 1 Nonlinear |R| = [32m2.079261e-15[39m
[32m Solve Converged![39m

Postprocessor Values:
+----------------+----------------+----------------+----------------+
| time           | p_l2           | ux_l2          | uy_l2          |
+----------------+----------------+----------------+----------------+
|   0.000000e+00 |   0.000000e+00 |   0.000000e+00 |   0.000000e+00 |
|   5.000000e-03 |   1.488008e-07 |   1.325870e-09 |   1.359694e-09 |
|   1.000000e-02 |   3.053469e-07 |   2.657875e-09 |   2.727759e-09 |
|   1.500000e-02 |   4.627356e-07 |   3.990587e-09 |   4.096749e-09 |
|   2.000000e-02 |   6.202225e-07 |   5.323315e-09 |   5.465772e-09 |
|   2.500000e-02 |   7.777128e-07 |   6.655934e-09 |   6.834685e-09 |
|   3.000000e-02 |   9.351891e-07 |   7.988395e-09 |   8.203436e-09 |
|   3.500000e-02 |   1.092645e-06 |   9.320661e-09 |   9.571985e-09 |
|   4.000000e-02 |   1.250074e-06 |   1.065270e-08 |   1.094030e-08 |
|   4.500000e-02 |   1.407474e-06 |   1.198447e-08 |   1.230834e-08 |
|   5.000000e-02 |   1.564839e-06 |   1.331594e-08 |   1.367607e-08 |
+----------------+----------------+----------------+----------------+


Time Step 11, time = 0.055, dt = 0.005
 * Nonlinear |R| = [32m1.114993e-03[39m (Before preset BCs, predictors, correctors, and constraints)
 0 Nonlinear |R| = [32m4.997463e-03[39m
      0 Linear |R| = [32m4.997463e-03[39m
      1 Linear |R| = [32m2.146283e-17[39m
 1 Nonlinear |R| = [32m1.957167e-15[39m
[32m Solve Converged![39m

Postprocessor Values:
+----------------+----------------+----------------+----------------+
| time           | p_l2           | ux_l2          | uy_l2          |
+----------------+----------------+----------------+----------------+
|   0.000000e+00 |   0.000000e+00 |   0.000000e+00 |   0.000000e+00 |
|   5.000000e-03 |   1.488008e-07 |   1.325870e-09 |   1.359694e-09 |
|   1.000000e-02 |   3.053469e-07 |   2.657875e-09 |   2.727759e-09 |
|   1.500000e-02 |   4.627356e-07 |   3.990587e-09 |   4.096749e-09 |
|   2.000000e-02 |   6.202225e-07 |   5.323315e-09 |   5.465772e-09 |
|   2.500000e-02 |   7.777128e-07 |   6.655934e-09 |   6.834685e-09 |
|   3.000000e-02 |   9.351891e-07 |   7.988395e-09 |   8.203436e-09 |
|   3.500000e-02 |   1.092645e-06 |   9.320661e-09 |   9.571985e-09 |
|   4.000000e-02 |   1.250074e-06 |   1.065270e-08 |   1.094030e-08 |
|   4.500000e-02 |   1.407474e-06 |   1.198447e-08 |   1.230834e-08 |
|   5.000000e-02 |   1.564839e-06 |   1.331594e-08 |   1.367607e-08 |
|   5.500000e-02 |   1.722165e-06 |   1.464708e-08 |   1.504347e-08 |
+----------------+----------------+----------------+----------------+


Time Step 12, time = 0.06, dt = 0.005
 * Nonlinear |R| = [32m1.114686e-03[39m (Before preset BCs, predictors, correctors, and constraints)
 0 Nonlinear |R| = [32m4.996088e-03[39m
      0 Linear |R| = [32m4.996088e-03[39m
      1 Linear |R| = [32m2.207942e-17[39m
 1 Nonlinear |R| = [32m1.967959e-15[39m
[32m Solve Converged![39m

Postprocessor Values:
+----------------+----------------+----------------+----------------+
| time           | p_l2           | ux_l2          | uy_l2          |
+----------------+----------------+----------------+----------------+
|   0.000000e+00 |   0.000000e+00 |   0.000000e+00 |   0.000000e+00 |
|   5.000000e-03 |   1.488008e-07 |   1.325870e-09 |   1.359694e-09 |
|   1.000000e-02 |   3.053469e-07 |   2.657875e-09 |   2.727759e-09 |
|   1.500000e-02 |   4.627356e-07 |   3.990587e-09 |   4.096749e-09 |
|   2.000000e-02 |   6.202225e-07 |   5.323315e-09 |   5.465772e-09 |
|   2.500000e-02 |   7.777128e-07 |   6.655934e-09 |   6.834685e-09 |
|   3.000000e-02 |   9.351891e-07 |   7.988395e-09 |   8.203436e-09 |
|   3.500000e-02 |   1.092645e-06 |   9.320661e-09 |   9.571985e-09 |
|   4.000000e-02 |   1.250074e-06 |   1.065270e-08 |   1.094030e-08 |
|   4.500000e-02 |   1.407474e-06 |   1.198447e-08 |   1.230834e-08 |
|   5.000000e-02 |   1.564839e-06 |   1.331594e-08 |   1.367607e-08 |
|   5.500000e-02 |   1.722165e-06 |   1.464708e-08 |   1.504347e-08 |
|   6.000000e-02 |   1.879449e-06 |   1.597785e-08 |   1.641048e-08 |
+----------------+----------------+----------------+----------------+


Time Step 13, time = 0.065, dt = 0.005
 * Nonlinear |R| = [32m1.114352e-03[39m (Before preset BCs, predictors, correctors, and constraints)
 0 Nonlinear |R| = [32m4.994587e-03[39m
      0 Linear |R| = [32m4.994587e-03[39m
      1 Linear |R| = [32m2.813169e-17[39m
 1 Nonlinear |R| = [32m2.035843e-15[39m
[32m Solve Converged![39m

Postprocessor Values:
+----------------+----------------+----------------+----------------+
| time           | p_l2           | ux_l2          | uy_l2          |
+----------------+----------------+----------------+----------------+
|   0.000000e+00 |   0.000000e+00 |   0.000000e+00 |   0.000000e+00 |
|   5.000000e-03 |   1.488008e-07 |   1.325870e-09 |   1.359694e-09 |
|   1.000000e-02 |   3.053469e-07 |   2.657875e-09 |   2.727759e-09 |
|   1.500000e-02 |   4.627356e-07 |   3.990587e-09 |   4.096749e-09 |
|   2.000000e-02 |   6.202225e-07 |   5.323315e-09 |   5.465772e-09 |
|   2.500000e-02 |   7.777128e-07 |   6.655934e-09 |   6.834685e-09 |
|   3.000000e-02 |   9.351891e-07 |   7.988395e-09 |   8.203436e-09 |
|   3.500000e-02 |   1.092645e-06 |   9.320661e-09 |   9.571985e-09 |
|   4.000000e-02 |   1.250074e-06 |   1.065270e-08 |   1.094030e-08 |
|   4.500000e-02 |   1.407474e-06 |   1.198447e-08 |   1.230834e-08 |
|   5.000000e-02 |   1.564839e-06 |   1.331594e-08 |   1.367607e-08 |
|   5.500000e-02 |   1.722165e-06 |   1.464708e-08 |   1.504347e-08 |
|   6.000000e-02 |   1.879449e-06 |   1.597785e-08 |   1.641048e-08 |
|   6.500000e-02 |   2.036686e-06 |   1.730823e-08 |   1.777709e-08 |
+----------------+----------------+----------------+----------------+


Time Step 14, time = 0.07, dt = 0.005
 * Nonlinear |R| = [32m1.113989e-03[39m (Before preset BCs, predictors, correctors, and constraints)
 0 Nonlinear |R| = [32m4.992962e-03[39m
      0 Linear |R| = [32m4.992962e-03[39m
      1 Linear |R| = [32m2.092091e-17[39m
 1 Nonlinear |R| = [32m2.025451e-15[39m
[32m Solve Converged![39m

Postprocessor Values:
+----------------+----------------+----------------+----------------+
| time           | p_l2           | ux_l2          | uy_l2          |
+----------------+----------------+----------------+----------------+
|   0.000000e+00 |   0.000000e+00 |   0.000000e+00 |   0.000000e+00 |
|   5.000000e-03 |   1.488008e-07 |   1.325870e-09 |   1.359694e-09 |
|   1.000000e-02 |   3.053469e-07 |   2.657875e-09 |   2.727759e-09 |
|   1.500000e-02 |   4.627356e-07 |   3.990587e-09 |   4.096749e-09 |
|   2.000000e-02 |   6.202225e-07 |   5.323315e-09 |   5.465772e-09 |
|   2.500000e-02 |   7.777128e-07 |   6.655934e-09 |   6.834685e-09 |
|   3.000000e-02 |   9.351891e-07 |   7.988395e-09 |   8.203436e-09 |
|   3.500000e-02 |   1.092645e-06 |   9.320661e-09 |   9.571985e-09 |
|   4.000000e-02 |   1.250074e-06 |   1.065270e-08 |   1.094030e-08 |
|   4.500000e-02 |   1.407474e-06 |   1.198447e-08 |   1.230834e-08 |
|   5.000000e-02 |   1.564839e-06 |   1.331594e-08 |   1.367607e-08 |
|   5.500000e-02 |   1.722165e-06 |   1.464708e-08 |   1.504347e-08 |
|   6.000000e-02 |   1.879449e-06 |   1.597785e-08 |   1.641048e-08 |
|   6.500000e-02 |   2.036686e-06 |   1.730823e-08 |   1.777709e-08 |
|   7.000000e-02 |   2.193872e-06 |   1.863817e-08 |   1.914326e-08 |
+----------------+----------------+----------------+----------------+


Time Step 15, time = 0.075, dt = 0.005
 * Nonlinear |R| = [32m1.113599e-03[39m (Before preset BCs, predictors, correctors, and constraints)
 0 Nonlinear |R| = [32m4.991212e-03[39m
      0 Linear |R| = [32m4.991212e-03[39m
      1 Linear |R| = [32m2.112243e-17[39m
 1 Nonlinear |R| = [32m1.969288e-15[39m
[32m Solve Converged![39m

Postprocessor Values:
+----------------+----------------+----------------+----------------+
| time           | p_l2           | ux_l2          | uy_l2          |
+----------------+----------------+----------------+----------------+
:                :                :                :                :
|   5.000000e-03 |   1.488008e-07 |   1.325870e-09 |   1.359694e-09 |
|   1.000000e-02 |   3.053469e-07 |   2.657875e-09 |   2.727759e-09 |
|   1.500000e-02 |   4.627356e-07 |   3.990587e-09 |   4.096749e-09 |
|   2.000000e-02 |   6.202225e-07 |   5.323315e-09 |   5.465772e-09 |
|   2.500000e-02 |   7.777128e-07 |   6.655934e-09 |   6.834685e-09 |
|   3.000000e-02 |   9.351891e-07 |   7.988395e-09 |   8.203436e-09 |
|   3.500000e-02 |   1.092645e-06 |   9.320661e-09 |   9.571985e-09 |
|   4.000000e-02 |   1.250074e-06 |   1.065270e-08 |   1.094030e-08 |
|   4.500000e-02 |   1.407474e-06 |   1.198447e-08 |   1.230834e-08 |
|   5.000000e-02 |   1.564839e-06 |   1.331594e-08 |   1.367607e-08 |
|   5.500000e-02 |   1.722165e-06 |   1.464708e-08 |   1.504347e-08 |
|   6.000000e-02 |   1.879449e-06 |   1.597785e-08 |   1.641048e-08 |
|   6.500000e-02 |   2.036686e-06 |   1.730823e-08 |   1.777709e-08 |
|   7.000000e-02 |   2.193872e-06 |   1.863817e-08 |   1.914326e-08 |
|   7.500000e-02 |   2.351004e-06 |   1.996765e-08 |   2.050894e-08 |
+----------------+----------------+----------------+----------------+


Time Step 16, time = 0.08, dt = 0.005
 * Nonlinear |R| = [32m1.113180e-03[39m (Before preset BCs, predictors, correctors, and constraints)
 0 Nonlinear |R| = [32m4.989337e-03[39m
      0 Linear |R| = [32m4.989337e-03[39m
      1 Linear |R| = [32m2.352414e-17[39m
 1 Nonlinear |R| = [32m2.019295e-15[39m
[32m Solve Converged![39m

Postprocessor Values:
+----------------+----------------+----------------+----------------+
| time           | p_l2           | ux_l2          | uy_l2          |
+----------------+----------------+----------------+----------------+
:                :                :                :                :
|   1.000000e-02 |   3.053469e-07 |   2.657875e-09 |   2.727759e-09 |
|   1.500000e-02 |   4.627356e-07 |   3.990587e-09 |   4.096749e-09 |
|   2.000000e-02 |   6.202225e-07 |   5.323315e-09 |   5.465772e-09 |
|   2.500000e-02 |   7.777128e-07 |   6.655934e-09 |   6.834685e-09 |
|   3.000000e-02 |   9.351891e-07 |   7.988395e-09 |   8.203436e-09 |
|   3.500000e-02 |   1.092645e-06 |   9.320661e-09 |   9.571985e-09 |
|   4.000000e-02 |   1.250074e-06 |   1.065270e-08 |   1.094030e-08 |
|   4.500000e-02 |   1.407474e-06 |   1.198447e-08 |   1.230834e-08 |
|   5.000000e-02 |   1.564839e-06 |   1.331594e-08 |   1.367607e-08 |
|   5.500000e-02 |   1.722165e-06 |   1.464708e-08 |   1.504347e-08 |
|   6.000000e-02 |   1.879449e-06 |   1.597785e-08 |   1.641048e-08 |
|   6.500000e-02 |   2.036686e-06 |   1.730823e-08 |   1.777709e-08 |
|   7.000000e-02 |   2.193872e-06 |   1.863817e-08 |   1.914326e-08 |
|   7.500000e-02 |   2.351004e-06 |   1.996765e-08 |   2.050894e-08 |
|   8.000000e-02 |   2.508077e-06 |   2.129663e-08 |   2.187411e-08 |
+----------------+----------------+----------------+----------------+


Time Step 17, time = 0.085, dt = 0.005
 * Nonlinear |R| = [32m1.112734e-03[39m (Before preset BCs, predictors, correctors, and constraints)
 0 Nonlinear |R| = [32m4.987338e-03[39m
      0 Linear |R| = [32m4.987338e-03[39m
      1 Linear |R| = [32m2.264323e-17[39m
 1 Nonlinear |R| = [32m1.933712e-15[39m
[32m Solve Converged![39m

Postprocessor Values:
+----------------+----------------+----------------+----------------+
| time           | p_l2           | ux_l2          | uy_l2          |
+----------------+----------------+----------------+----------------+
:                :                :                :                :
|   1.500000e-02 |   4.627356e-07 |   3.990587e-09 |   4.096749e-09 |
|   2.000000e-02 |   6.202225e-07 |   5.323315e-09 |   5.465772e-09 |
|   2.500000e-02 |   7.777128e-07 |   6.655934e-09 |   6.834685e-09 |
|   3.000000e-02 |   9.351891e-07 |   7.988395e-09 |   8.203436e-09 |
|   3.500000e-02 |   1.092645e-06 |   9.320661e-09 |   9.571985e-09 |
|   4.000000e-02 |   1.250074e-06 |   1.065270e-08 |   1.094030e-08 |
|   4.500000e-02 |   1.407474e-06 |   1.198447e-08 |   1.230834e-08 |
|   5.000000e-02 |   1.564839e-06 |   1.331594e-08 |   1.367607e-08 |
|   5.500000e-02 |   1.722165e-06 |   1.464708e-08 |   1.504347e-08 |
|   6.000000e-02 |   1.879449e-06 |   1.597785e-08 |   1.641048e-08 |
|   6.500000e-02 |   2.036686e-06 |   1.730823e-08 |   1.777709e-08 |
|   7.000000e-02 |   2.193872e-06 |   1.863817e-08 |   1.914326e-08 |
|   7.500000e-02 |   2.351004e-06 |   1.996765e-08 |   2.050894e-08 |
|   8.000000e-02 |   2.508077e-06 |   2.129663e-08 |   2.187411e-08 |
|   8.500000e-02 |   2.665088e-06 |   2.262508e-08 |   2.323874e-08 |
+----------------+----------------+----------------+----------------+


Time Step 18, time = 0.09, dt = 0.005
 * Nonlinear |R| = [32m1.112260e-03[39m (Before preset BCs, predictors, correctors, and constraints)
 0 Nonlinear |R| = [32m4.985213e-03[39m
      0 Linear |R| = [32m4.985213e-03[39m
      1 Linear |R| = [32m2.301407e-17[39m
 1 Nonlinear |R| = [32m1.945197e-15[39m
[32m Solve Converged![39m

Postprocessor Values:
+----------------+----------------+----------------+----------------+
| time           | p_l2           | ux_l2          | uy_l2          |
+----------------+----------------+----------------+----------------+
:                :                :                :                :
|   2.000000e-02 |   6.202225e-07 |   5.323315e-09 |   5.465772e-09 |
|   2.500000e-02 |   7.777128e-07 |   6.655934e-09 |   6.834685e-09 |
|   3.000000e-02 |   9.351891e-07 |   7.988395e-09 |   8.203436e-09 |
|   3.500000e-02 |   1.092645e-06 |   9.320661e-09 |   9.571985e-09 |
|   4.000000e-02 |   1.250074e-06 |   1.065270e-08 |   1.094030e-08 |
|   4.500000e-02 |   1.407474e-06 |   1.198447e-08 |   1.230834e-08 |
|   5.000000e-02 |   1.564839e-06 |   1.331594e-08 |   1.367607e-08 |
|   5.500000e-02 |   1.722165e-06 |   1.464708e-08 |   1.504347e-08 |
|   6.000000e-02 |   1.879449e-06 |   1.597785e-08 |   1.641048e-08 |
|   6.500000e-02 |   2.036686e-06 |   1.730823e-08 |   1.777709e-08 |
|   7.000000e-02 |   2.193872e-06 |   1.863817e-08 |   1.914326e-08 |
|   7.500000e-02 |   2.351004e-06 |   1.996765e-08 |   2.050894e-08 |
|   8.000000e-02 |   2.508077e-06 |   2.129663e-08 |   2.187411e-08 |
|   8.500000e-02 |   2.665088e-06 |   2.262508e-08 |   2.323874e-08 |
|   9.000000e-02 |   2.822032e-06 |   2.395296e-08 |   2.460279e-08 |
+----------------+----------------+----------------+----------------+


Time Step 19, time = 0.095, dt = 0.005
 * Nonlinear |R| = [32m1.111758e-03[39m (Before preset BCs, predictors, correctors, and constraints)
 0 Nonlinear |R| = [32m4.982964e-03[39m
      0 Linear |R| = [32m4.982964e-03[39m
      1 Linear |R| = [32m2.310998e-17[39m
 1 Nonlinear |R| = [32m1.972796e-15[39m
[32m Solve Converged![39m

Postprocessor Values:
+----------------+----------------+----------------+----------------+
| time           | p_l2           | ux_l2          | uy_l2          |
+----------------+----------------+----------------+----------------+
:                :                :                :                :
|   2.500000e-02 |   7.777128e-07 |   6.655934e-09 |   6.834685e-09 |
|   3.000000e-02 |   9.351891e-07 |   7.988395e-09 |   8.203436e-09 |
|   3.500000e-02 |   1.092645e-06 |   9.320661e-09 |   9.571985e-09 |
|   4.000000e-02 |   1.250074e-06 |   1.065270e-08 |   1.094030e-08 |
|   4.500000e-02 |   1.407474e-06 |   1.198447e-08 |   1.230834e-08 |
|   5.000000e-02 |   1.564839e-06 |   1.331594e-08 |   1.367607e-08 |
|   5.500000e-02 |   1.722165e-06 |   1.464708e-08 |   1.504347e-08 |
|   6.000000e-02 |   1.879449e-06 |   1.597785e-08 |   1.641048e-08 |
|   6.500000e-02 |   2.036686e-06 |   1.730823e-08 |   1.777709e-08 |
|   7.000000e-02 |   2.193872e-06 |   1.863817e-08 |   1.914326e-08 |
|   7.500000e-02 |   2.351004e-06 |   1.996765e-08 |   2.050894e-08 |
|   8.000000e-02 |   2.508077e-06 |   2.129663e-08 |   2.187411e-08 |
|   8.500000e-02 |   2.665088e-06 |   2.262508e-08 |   2.323874e-08 |
|   9.000000e-02 |   2.822032e-06 |   2.395296e-08 |   2.460279e-08 |
|   9.500000e-02 |   2.978905e-06 |   2.528024e-08 |   2.596622e-08 |
+----------------+----------------+----------------+----------------+


Time Step 20, time = 0.1, dt = 0.005
 * Nonlinear |R| = [32m1.111229e-03[39m (Before preset BCs, predictors, correctors, and constraints)
 0 Nonlinear |R| = [32m4.980591e-03[39m
      0 Linear |R| = [32m4.980591e-03[39m
      1 Linear |R| = [32m2.336541e-17[39m
 1 Nonlinear |R| = [32m1.916201e-15[39m
[32m Solve Converged![39m

Postprocessor Values:
+----------------+----------------+----------------+----------------+
| time           | p_l2           | ux_l2          | uy_l2          |
+----------------+----------------+----------------+----------------+
:                :                :                :                :
|   3.000000e-02 |   9.351891e-07 |   7.988395e-09 |   8.203436e-09 |
|   3.500000e-02 |   1.092645e-06 |   9.320661e-09 |   9.571985e-09 |
|   4.000000e-02 |   1.250074e-06 |   1.065270e-08 |   1.094030e-08 |
|   4.500000e-02 |   1.407474e-06 |   1.198447e-08 |   1.230834e-08 |
|   5.000000e-02 |   1.564839e-06 |   1.331594e-08 |   1.367607e-08 |
|   5.500000e-02 |   1.722165e-06 |   1.464708e-08 |   1.504347e-08 |
|   6.000000e-02 |   1.879449e-06 |   1.597785e-08 |   1.641048e-08 |
|   6.500000e-02 |   2.036686e-06 |   1.730823e-08 |   1.777709e-08 |
|   7.000000e-02 |   2.193872e-06 |   1.863817e-08 |   1.914326e-08 |
|   7.500000e-02 |   2.351004e-06 |   1.996765e-08 |   2.050894e-08 |
|   8.000000e-02 |   2.508077e-06 |   2.129663e-08 |   2.187411e-08 |
|   8.500000e-02 |   2.665088e-06 |   2.262508e-08 |   2.323874e-08 |
|   9.000000e-02 |   2.822032e-06 |   2.395296e-08 |   2.460279e-08 |
|   9.500000e-02 |   2.978905e-06 |   2.528024e-08 |   2.596622e-08 |
|   1.000000e-01 |   3.135704e-06 |   2.660689e-08 |   2.732900e-08 |
+----------------+----------------+----------------+----------------+


Time Step 21, time = 0.105, dt = 0.005
 * Nonlinear |R| = [32m1.110671e-03[39m (Before preset BCs, predictors, correctors, and constraints)
 0 Nonlinear |R| = [32m4.978093e-03[39m
      0 Linear |R| = [32m4.978093e-03[39m
      1 Linear |R| = [32m2.137257e-17[39m
 1 Nonlinear |R| = [32m1.964069e-15[39m
[32m Solve Converged![39m

Postprocessor Values:
+----------------+----------------+----------------+----------------+
| time           | p_l2           | ux_l2          | uy_l2          |
+----------------+----------------+----------------+----------------+
:                :                :                :                :
|   3.500000e-02 |   1.092645e-06 |   9.320661e-09 |   9.571985e-09 |
|   4.000000e-02 |   1.250074e-06 |   1.065270e-08 |   1.094030e-08 |
|   4.500000e-02 |   1.407474e-06 |   1.198447e-08 |   1.230834e-08 |
|   5.000000e-02 |   1.564839e-06 |   1.331594e-08 |   1.367607e-08 |
|   5.500000e-02 |   1.722165e-06 |   1.464708e-08 |   1.504347e-08 |
|   6.000000e-02 |   1.879449e-06 |   1.597785e-08 |   1.641048e-08 |
|   6.500000e-02 |   2.036686e-06 |   1.730823e-08 |   1.777709e-08 |
|   7.000000e-02 |   2.193872e-06 |   1.863817e-08 |   1.914326e-08 |
|   7.500000e-02 |   2.351004e-06 |   1.996765e-08 |   2.050894e-08 |
|   8.000000e-02 |   2.508077e-06 |   2.129663e-08 |   2.187411e-08 |
|   8.500000e-02 |   2.665088e-06 |   2.262508e-08 |   2.323874e-08 |
|   9.000000e-02 |   2.822032e-06 |   2.395296e-08 |   2.460279e-08 |
|   9.500000e-02 |   2.978905e-06 |   2.528024e-08 |   2.596622e-08 |
|   1.000000e-01 |   3.135704e-06 |   2.660689e-08 |   2.732900e-08 |
|   1.050000e-01 |   3.292425e-06 |   2.793288e-08 |   2.869110e-08 |
+----------------+----------------+----------------+----------------+


Time Step 22, time = 0.11, dt = 0.005
 * Nonlinear |R| = [32m1.110086e-03[39m (Before preset BCs, predictors, correctors, and constraints)
 0 Nonlinear |R| = [32m4.975470e-03[39m
      0 Linear |R| = [32m4.975470e-03[39m
      1 Linear |R| = [32m2.220030e-17[39m
 1 Nonlinear |R| = [32m1.925885e-15[39m
[32m Solve Converged![39m

Postprocessor Values:
+----------------+----------------+----------------+----------------+
| time           | p_l2           | ux_l2          | uy_l2          |
+----------------+----------------+----------------+----------------+
:                :                :                :                :
|   4.000000e-02 |   1.250074e-06 |   1.065270e-08 |   1.094030e-08 |
|   4.500000e-02 |   1.407474e-06 |   1.198447e-08 |   1.230834e-08 |
|   5.000000e-02 |   1.564839e-06 |   1.331594e-08 |   1.367607e-08 |
|   5.500000e-02 |   1.722165e-06 |   1.464708e-08 |   1.504347e-08 |
|   6.000000e-02 |   1.879449e-06 |   1.597785e-08 |   1.641048e-08 |
|   6.500000e-02 |   2.036686e-06 |   1.730823e-08 |   1.777709e-08 |
|   7.000000e-02 |   2.193872e-06 |   1.863817e-08 |   1.914326e-08 |
|   7.500000e-02 |   2.351004e-06 |   1.996765e-08 |   2.050894e-08 |
|   8.000000e-02 |   2.508077e-06 |   2.129663e-08 |   2.187411e-08 |
|   8.500000e-02 |   2.665088e-06 |   2.262508e-08 |   2.323874e-08 |
|   9.000000e-02 |   2.822032e-06 |   2.395296e-08 |   2.460279e-08 |
|   9.500000e-02 |   2.978905e-06 |   2.528024e-08 |   2.596622e-08 |
|   1.000000e-01 |   3.135704e-06 |   2.660689e-08 |   2.732900e-08 |
|   1.050000e-01 |   3.292425e-06 |   2.793288e-08 |   2.869110e-08 |
|   1.100000e-01 |   3.449063e-06 |   2.925817e-08 |   3.005248e-08 |
+----------------+----------------+----------------+----------------+


Time Step 23, time = 0.115, dt = 0.005
 * Nonlinear |R| = [32m1.109473e-03[39m (Before preset BCs, predictors, correctors, and constraints)
 0 Nonlinear |R| = [32m4.972723e-03[39m
      0 Linear |R| = [32m4.972723e-03[39m
      1 Linear |R| = [32m2.183061e-17[39m
 1 Nonlinear |R| = [32m1.932804e-15[39m
[32m Solve Converged![39m

Postprocessor Values:
+----------------+----------------+----------------+----------------+
| time           | p_l2           | ux_l2          | uy_l2          |
+----------------+----------------+----------------+----------------+
:                :                :                :                :
|   4.500000e-02 |   1.407474e-06 |   1.198447e-08 |   1.230834e-08 |
|   5.000000e-02 |   1.564839e-06 |   1.331594e-08 |   1.367607e-08 |
|   5.500000e-02 |   1.722165e-06 |   1.464708e-08 |   1.504347e-08 |
|   6.000000e-02 |   1.879449e-06 |   1.597785e-08 |   1.641048e-08 |
|   6.500000e-02 |   2.036686e-06 |   1.730823e-08 |   1.777709e-08 |
|   7.000000e-02 |   2.193872e-06 |   1.863817e-08 |   1.914326e-08 |
|   7.500000e-02 |   2.351004e-06 |   1.996765e-08 |   2.050894e-08 |
|   8.000000e-02 |   2.508077e-06 |   2.129663e-08 |   2.187411e-08 |
|   8.500000e-02 |   2.665088e-06 |   2.262508e-08 |   2.323874e-08 |
|   9.000000e-02 |   2.822032e-06 |   2.395296e-08 |   2.460279e-08 |
|   9.500000e-02 |   2.978905e-06 |   2.528024e-08 |   2.596622e-08 |
|   1.000000e-01 |   3.135704e-06 |   2.660689e-08 |   2.732900e-08 |
|   1.050000e-01 |   3.292425e-06 |   2.793288e-08 |   2.869110e-08 |
|   1.100000e-01 |   3.449063e-06 |   2.925817e-08 |   3.005248e-08 |
|   1.150000e-01 |   3.605616e-06 |   3.058272e-08 |   3.141311e-08 |
+----------------+----------------+----------------+----------------+


Time Step 24, time = 0.12, dt = 0.005
 * Nonlinear |R| = [32m1.108833e-03[39m (Before preset BCs, predictors, correctors, and constraints)
 0 Nonlinear |R| = [32m4.969852e-03[39m
      0 Linear |R| = [32m4.969852e-03[39m
      1 Linear |R| = [32m3.170947e-17[39m
 1 Nonlinear |R| = [32m1.978487e-15[39m
[32m Solve Converged![39m

Postprocessor Values:
+----------------+----------------+----------------+----------------+
| time           | p_l2           | ux_l2          | uy_l2          |
+----------------+----------------+----------------+----------------+
:                :                :                :                :
|   5.000000e-02 |   1.564839e-06 |   1.331594e-08 |   1.367607e-08 |
|   5.500000e-02 |   1.722165e-06 |   1.464708e-08 |   1.504347e-08 |
|   6.000000e-02 |   1.879449e-06 |   1.597785e-08 |   1.641048e-08 |
|   6.500000e-02 |   2.036686e-06 |   1.730823e-08 |   1.777709e-08 |
|   7.000000e-02 |   2.193872e-06 |   1.863817e-08 |   1.914326e-08 |
|   7.500000e-02 |   2.351004e-06 |   1.996765e-08 |   2.050894e-08 |
|   8.000000e-02 |   2.508077e-06 |   2.129663e-08 |   2.187411e-08 |
|   8.500000e-02 |   2.665088e-06 |   2.262508e-08 |   2.323874e-08 |
|   9.000000e-02 |   2.822032e-06 |   2.395296e-08 |   2.460279e-08 |
|   9.500000e-02 |   2.978905e-06 |   2.528024e-08 |   2.596622e-08 |
|   1.000000e-01 |   3.135704e-06 |   2.660689e-08 |   2.732900e-08 |
|   1.050000e-01 |   3.292425e-06 |   2.793288e-08 |   2.869110e-08 |
|   1.100000e-01 |   3.449063e-06 |   2.925817e-08 |   3.005248e-08 |
|   1.150000e-01 |   3.605616e-06 |   3.058272e-08 |   3.141311e-08 |
|   1.200000e-01 |   3.762078e-06 |   3.190651e-08 |   3.277296e-08 |
+----------------+----------------+----------------+----------------+


Time Step 25, time = 0.125, dt = 0.005
 * Nonlinear |R| = [32m1.108165e-03[39m (Before preset BCs, predictors, correctors, and constraints)
 0 Nonlinear |R| = [32m4.966857e-03[39m
      0 Linear |R| = [32m4.966857e-03[39m
      1 Linear |R| = [32m2.263105e-17[39m
 1 Nonlinear |R| = [32m1.967861e-15[39m
[32m Solve Converged![39m

Postprocessor Values:
+----------------+----------------+----------------+----------------+
| time           | p_l2           | ux_l2          | uy_l2          |
+----------------+----------------+----------------+----------------+
:                :                :                :                :
|   5.500000e-02 |   1.722165e-06 |   1.464708e-08 |   1.504347e-08 |
|   6.000000e-02 |   1.879449e-06 |   1.597785e-08 |   1.641048e-08 |
|   6.500000e-02 |   2.036686e-06 |   1.730823e-08 |   1.777709e-08 |
|   7.000000e-02 |   2.193872e-06 |   1.863817e-08 |   1.914326e-08 |
|   7.500000e-02 |   2.351004e-06 |   1.996765e-08 |   2.050894e-08 |
|   8.000000e-02 |   2.508077e-06 |   2.129663e-08 |   2.187411e-08 |
|   8.500000e-02 |   2.665088e-06 |   2.262508e-08 |   2.323874e-08 |
|   9.000000e-02 |   2.822032e-06 |   2.395296e-08 |   2.460279e-08 |
|   9.500000e-02 |   2.978905e-06 |   2.528024e-08 |   2.596622e-08 |
|   1.000000e-01 |   3.135704e-06 |   2.660689e-08 |   2.732900e-08 |
|   1.050000e-01 |   3.292425e-06 |   2.793288e-08 |   2.869110e-08 |
|   1.100000e-01 |   3.449063e-06 |   2.925817e-08 |   3.005248e-08 |
|   1.150000e-01 |   3.605616e-06 |   3.058272e-08 |   3.141311e-08 |
|   1.200000e-01 |   3.762078e-06 |   3.190651e-08 |   3.277296e-08 |
|   1.250000e-01 |   3.918446e-06 |   3.322951e-08 |   3.413198e-08 |
+----------------+----------------+----------------+----------------+


Time Step 26, time = 0.13, dt = 0.005
 * Nonlinear |R| = [32m1.107469e-03[39m (Before preset BCs, predictors, correctors, and constraints)
 0 Nonlinear |R| = [32m4.963737e-03[39m
      0 Linear |R| = [32m4.963737e-03[39m
      1 Linear |R| = [32m2.387000e-17[39m
 1 Nonlinear |R| = [32m2.041967e-15[39m
[32m Solve Converged![39m

Postprocessor Values:
+----------------+----------------+----------------+----------------+
| time           | p_l2           | ux_l2          | uy_l2          |
+----------------+----------------+----------------+----------------+
:                :                :                :                :
|   6.000000e-02 |   1.879449e-06 |   1.597785e-08 |   1.641048e-08 |
|   6.500000e-02 |   2.036686e-06 |   1.730823e-08 |   1.777709e-08 |
|   7.000000e-02 |   2.193872e-06 |   1.863817e-08 |   1.914326e-08 |
|   7.500000e-02 |   2.351004e-06 |   1.996765e-08 |   2.050894e-08 |
|   8.000000e-02 |   2.508077e-06 |   2.129663e-08 |   2.187411e-08 |
|   8.500000e-02 |   2.665088e-06 |   2.262508e-08 |   2.323874e-08 |
|   9.000000e-02 |   2.822032e-06 |   2.395296e-08 |   2.460279e-08 |
|   9.500000e-02 |   2.978905e-06 |   2.528024e-08 |   2.596622e-08 |
|   1.000000e-01 |   3.135704e-06 |   2.660689e-08 |   2.732900e-08 |
|   1.050000e-01 |   3.292425e-06 |   2.793288e-08 |   2.869110e-08 |
|   1.100000e-01 |   3.449063e-06 |   2.925817e-08 |   3.005248e-08 |
|   1.150000e-01 |   3.605616e-06 |   3.058272e-08 |   3.141311e-08 |
|   1.200000e-01 |   3.762078e-06 |   3.190651e-08 |   3.277296e-08 |
|   1.250000e-01 |   3.918446e-06 |   3.322951e-08 |   3.413198e-08 |
|   1.300000e-01 |   4.074716e-06 |   3.455167e-08 |   3.549015e-08 |
+----------------+----------------+----------------+----------------+


Time Step 27, time = 0.135, dt = 0.005
 * Nonlinear |R| = [32m1.106745e-03[39m (Before preset BCs, predictors, correctors, and constraints)
 0 Nonlinear |R| = [32m4.960494e-03[39m
      0 Linear |R| = [32m4.960494e-03[39m
      1 Linear |R| = [32m2.166768e-17[39m
 1 Nonlinear |R| = [32m1.983622e-15[39m
[32m Solve Converged![39m

Postprocessor Values:
+----------------+----------------+----------------+----------------+
| time           | p_l2           | ux_l2          | uy_l2          |
+----------------+----------------+----------------+----------------+
:                :                :                :                :
|   6.500000e-02 |   2.036686e-06 |   1.730823e-08 |   1.777709e-08 |
|   7.000000e-02 |   2.193872e-06 |   1.863817e-08 |   1.914326e-08 |
|   7.500000e-02 |   2.351004e-06 |   1.996765e-08 |   2.050894e-08 |
|   8.000000e-02 |   2.508077e-06 |   2.129663e-08 |   2.187411e-08 |
|   8.500000e-02 |   2.665088e-06 |   2.262508e-08 |   2.323874e-08 |
|   9.000000e-02 |   2.822032e-06 |   2.395296e-08 |   2.460279e-08 |
|   9.500000e-02 |   2.978905e-06 |   2.528024e-08 |   2.596622e-08 |
|   1.000000e-01 |   3.135704e-06 |   2.660689e-08 |   2.732900e-08 |
|   1.050000e-01 |   3.292425e-06 |   2.793288e-08 |   2.869110e-08 |
|   1.100000e-01 |   3.449063e-06 |   2.925817e-08 |   3.005248e-08 |
|   1.150000e-01 |   3.605616e-06 |   3.058272e-08 |   3.141311e-08 |
|   1.200000e-01 |   3.762078e-06 |   3.190651e-08 |   3.277296e-08 |
|   1.250000e-01 |   3.918446e-06 |   3.322951e-08 |   3.413198e-08 |
|   1.300000e-01 |   4.074716e-06 |   3.455167e-08 |   3.549015e-08 |
|   1.350000e-01 |   4.230885e-06 |   3.587297e-08 |   3.684744e-08 |
+----------------+----------------+----------------+----------------+


Time Step 28, time = 0.14, dt = 0.005
 * Nonlinear |R| = [32m1.105993e-03[39m (Before preset BCs, predictors, correctors, and constraints)
 0 Nonlinear |R| = [32m4.957126e-03[39m
      0 Linear |R| = [32m4.957126e-03[39m
      1 Linear |R| = [32m2.312792e-17[39m
 1 Nonlinear |R| = [32m1.962988e-15[39m
[32m Solve Converged![39m

Postprocessor Values:
+----------------+----------------+----------------+----------------+
| time           | p_l2           | ux_l2          | uy_l2          |
+----------------+----------------+----------------+----------------+
:                :                :                :                :
|   7.000000e-02 |   2.193872e-06 |   1.863817e-08 |   1.914326e-08 |
|   7.500000e-02 |   2.351004e-06 |   1.996765e-08 |   2.050894e-08 |
|   8.000000e-02 |   2.508077e-06 |   2.129663e-08 |   2.187411e-08 |
|   8.500000e-02 |   2.665088e-06 |   2.262508e-08 |   2.323874e-08 |
|   9.000000e-02 |   2.822032e-06 |   2.395296e-08 |   2.460279e-08 |
|   9.500000e-02 |   2.978905e-06 |   2.528024e-08 |   2.596622e-08 |
|   1.000000e-01 |   3.135704e-06 |   2.660689e-08 |   2.732900e-08 |
|   1.050000e-01 |   3.292425e-06 |   2.793288e-08 |   2.869110e-08 |
|   1.100000e-01 |   3.449063e-06 |   2.925817e-08 |   3.005248e-08 |
|   1.150000e-01 |   3.605616e-06 |   3.058272e-08 |   3.141311e-08 |
|   1.200000e-01 |   3.762078e-06 |   3.190651e-08 |   3.277296e-08 |
|   1.250000e-01 |   3.918446e-06 |   3.322951e-08 |   3.413198e-08 |
|   1.300000e-01 |   4.074716e-06 |   3.455167e-08 |   3.549015e-08 |
|   1.350000e-01 |   4.230885e-06 |   3.587297e-08 |   3.684744e-08 |
|   1.400000e-01 |   4.386947e-06 |   3.719337e-08 |   3.820380e-08 |
+----------------+----------------+----------------+----------------+


Time Step 29, time = 0.145, dt = 0.005
 * Nonlinear |R| = [32m1.105214e-03[39m (Before preset BCs, predictors, correctors, and constraints)
 0 Nonlinear |R| = [32m4.953634e-03[39m
      0 Linear |R| = [32m4.953634e-03[39m
      1 Linear |R| = [32m2.163604e-17[39m
 1 Nonlinear |R| = [32m1.918361e-15[39m
[32m Solve Converged![39m

Postprocessor Values:
+----------------+----------------+----------------+----------------+
| time           | p_l2           | ux_l2          | uy_l2          |
+----------------+----------------+----------------+----------------+
:                :                :                :                :
|   7.500000e-02 |   2.351004e-06 |   1.996765e-08 |   2.050894e-08 |
|   8.000000e-02 |   2.508077e-06 |   2.129663e-08 |   2.187411e-08 |
|   8.500000e-02 |   2.665088e-06 |   2.262508e-08 |   2.323874e-08 |
|   9.000000e-02 |   2.822032e-06 |   2.395296e-08 |   2.460279e-08 |
|   9.500000e-02 |   2.978905e-06 |   2.528024e-08 |   2.596622e-08 |
|   1.000000e-01 |   3.135704e-06 |   2.660689e-08 |   2.732900e-08 |
|   1.050000e-01 |   3.292425e-06 |   2.793288e-08 |   2.869110e-08 |
|   1.100000e-01 |   3.449063e-06 |   2.925817e-08 |   3.005248e-08 |
|   1.150000e-01 |   3.605616e-06 |   3.058272e-08 |   3.141311e-08 |
|   1.200000e-01 |   3.762078e-06 |   3.190651e-08 |   3.277296e-08 |
|   1.250000e-01 |   3.918446e-06 |   3.322951e-08 |   3.413198e-08 |
|   1.300000e-01 |   4.074716e-06 |   3.455167e-08 |   3.549015e-08 |
|   1.350000e-01 |   4.230885e-06 |   3.587297e-08 |   3.684744e-08 |
|   1.400000e-01 |   4.386947e-06 |   3.719337e-08 |   3.820380e-08 |
|   1.450000e-01 |   4.542901e-06 |   3.851285e-08 |   3.955921e-08 |
+----------------+----------------+----------------+----------------+


Time Step 30, time = 0.15, dt = 0.005
 * Nonlinear |R| = [32m1.104408e-03[39m (Before preset BCs, predictors, correctors, and constraints)
 0 Nonlinear |R| = [32m4.950019e-03[39m
      0 Linear |R| = [32m4.950019e-03[39m
      1 Linear |R| = [32m2.131198e-17[39m
 1 Nonlinear |R| = [32m1.815767e-15[39m
[32m Solve Converged![39m

Postprocessor Values:
+----------------+----------------+----------------+----------------+
| time           | p_l2           | ux_l2          | uy_l2          |
+----------------+----------------+----------------+----------------+
:                :                :                :                :
|   8.000000e-02 |   2.508077e-06 |   2.129663e-08 |   2.187411e-08 |
|   8.500000e-02 |   2.665088e-06 |   2.262508e-08 |   2.323874e-08 |
|   9.000000e-02 |   2.822032e-06 |   2.395296e-08 |   2.460279e-08 |
|   9.500000e-02 |   2.978905e-06 |   2.528024e-08 |   2.596622e-08 |
|   1.000000e-01 |   3.135704e-06 |   2.660689e-08 |   2.732900e-08 |
|   1.050000e-01 |   3.292425e-06 |   2.793288e-08 |   2.869110e-08 |
|   1.100000e-01 |   3.449063e-06 |   2.925817e-08 |   3.005248e-08 |
|   1.150000e-01 |   3.605616e-06 |   3.058272e-08 |   3.141311e-08 |
|   1.200000e-01 |   3.762078e-06 |   3.190651e-08 |   3.277296e-08 |
|   1.250000e-01 |   3.918446e-06 |   3.322951e-08 |   3.413198e-08 |
|   1.300000e-01 |   4.074716e-06 |   3.455167e-08 |   3.549015e-08 |
|   1.350000e-01 |   4.230885e-06 |   3.587297e-08 |   3.684744e-08 |
|   1.400000e-01 |   4.386947e-06 |   3.719337e-08 |   3.820380e-08 |
|   1.450000e-01 |   4.542901e-06 |   3.851285e-08 |   3.955921e-08 |
|   1.500000e-01 |   4.698740e-06 |   3.983136e-08 |   4.091363e-08 |
+----------------+----------------+----------------+----------------+


Time Step 31, time = 0.155, dt = 0.005
 * Nonlinear |R| = [32m1.103574e-03[39m (Before preset BCs, predictors, correctors, and constraints)
 0 Nonlinear |R| = [32m4.946280e-03[39m
      0 Linear |R| = [32m4.946280e-03[39m
      1 Linear |R| = [32m2.143743e-17[39m
 1 Nonlinear |R| = [32m1.985836e-15[39m
[32m Solve Converged![39m

Postprocessor Values:
+----------------+----------------+----------------+----------------+
| time           | p_l2           | ux_l2          | uy_l2          |
+----------------+----------------+----------------+----------------+
:                :                :                :                :
|   8.500000e-02 |   2.665088e-06 |   2.262508e-08 |   2.323874e-08 |
|   9.000000e-02 |   2.822032e-06 |   2.395296e-08 |   2.460279e-08 |
|   9.500000e-02 |   2.978905e-06 |   2.528024e-08 |   2.596622e-08 |
|   1.000000e-01 |   3.135704e-06 |   2.660689e-08 |   2.732900e-08 |
|   1.050000e-01 |   3.292425e-06 |   2.793288e-08 |   2.869110e-08 |
|   1.100000e-01 |   3.449063e-06 |   2.925817e-08 |   3.005248e-08 |
|   1.150000e-01 |   3.605616e-06 |   3.058272e-08 |   3.141311e-08 |
|   1.200000e-01 |   3.762078e-06 |   3.190651e-08 |   3.277296e-08 |
|   1.250000e-01 |   3.918446e-06 |   3.322951e-08 |   3.413198e-08 |
|   1.300000e-01 |   4.074716e-06 |   3.455167e-08 |   3.549015e-08 |
|   1.350000e-01 |   4.230885e-06 |   3.587297e-08 |   3.684744e-08 |
|   1.400000e-01 |   4.386947e-06 |   3.719337e-08 |   3.820380e-08 |
|   1.450000e-01 |   4.542901e-06 |   3.851285e-08 |   3.955921e-08 |
|   1.500000e-01 |   4.698740e-06 |   3.983136e-08 |   4.091363e-08 |
|   1.550000e-01 |   4.854462e-06 |   4.114887e-08 |   4.226703e-08 |
+----------------+----------------+----------------+----------------+


Time Step 32, time = 0.16, dt = 0.005
 * Nonlinear |R| = [32m1.102712e-03[39m (Before preset BCs, predictors, correctors, and constraints)
 0 Nonlinear |R| = [32m4.942417e-03[39m
      0 Linear |R| = [32m4.942417e-03[39m
      1 Linear |R| = [32m2.497134e-17[39m
 1 Nonlinear |R| = [32m1.944491e-15[39m
[32m Solve Converged![39m

Postprocessor Values:
+----------------+----------------+----------------+----------------+
| time           | p_l2           | ux_l2          | uy_l2          |
+----------------+----------------+----------------+----------------+
:                :                :                :                :
|   9.000000e-02 |   2.822032e-06 |   2.395296e-08 |   2.460279e-08 |
|   9.500000e-02 |   2.978905e-06 |   2.528024e-08 |   2.596622e-08 |
|   1.000000e-01 |   3.135704e-06 |   2.660689e-08 |   2.732900e-08 |
|   1.050000e-01 |   3.292425e-06 |   2.793288e-08 |   2.869110e-08 |
|   1.100000e-01 |   3.449063e-06 |   2.925817e-08 |   3.005248e-08 |
|   1.150000e-01 |   3.605616e-06 |   3.058272e-08 |   3.141311e-08 |
|   1.200000e-01 |   3.762078e-06 |   3.190651e-08 |   3.277296e-08 |
|   1.250000e-01 |   3.918446e-06 |   3.322951e-08 |   3.413198e-08 |
|   1.300000e-01 |   4.074716e-06 |   3.455167e-08 |   3.549015e-08 |
|   1.350000e-01 |   4.230885e-06 |   3.587297e-08 |   3.684744e-08 |
|   1.400000e-01 |   4.386947e-06 |   3.719337e-08 |   3.820380e-08 |
|   1.450000e-01 |   4.542901e-06 |   3.851285e-08 |   3.955921e-08 |
|   1.500000e-01 |   4.698740e-06 |   3.983136e-08 |   4.091363e-08 |
|   1.550000e-01 |   4.854462e-06 |   4.114887e-08 |   4.226703e-08 |
|   1.600000e-01 |   5.010063e-06 |   4.246536e-08 |   4.361937e-08 |
+----------------+----------------+----------------+----------------+


Time Step 33, time = 0.165, dt = 0.005
 * Nonlinear |R| = [32m1.101822e-03[39m (Before preset BCs, predictors, correctors, and constraints)
 0 Nonlinear |R| = [32m4.938430e-03[39m
      0 Linear |R| = [32m4.938430e-03[39m
      1 Linear |R| = [32m2.215898e-17[39m
 1 Nonlinear |R| = [32m2.001770e-15[39m
[32m Solve Converged![39m

Postprocessor Values:
+----------------+----------------+----------------+----------------+
| time           | p_l2           | ux_l2          | uy_l2          |
+----------------+----------------+----------------+----------------+
:                :                :                :                :
|   9.500000e-02 |   2.978905e-06 |   2.528024e-08 |   2.596622e-08 |
|   1.000000e-01 |   3.135704e-06 |   2.660689e-08 |   2.732900e-08 |
|   1.050000e-01 |   3.292425e-06 |   2.793288e-08 |   2.869110e-08 |
|   1.100000e-01 |   3.449063e-06 |   2.925817e-08 |   3.005248e-08 |
|   1.150000e-01 |   3.605616e-06 |   3.058272e-08 |   3.141311e-08 |
|   1.200000e-01 |   3.762078e-06 |   3.190651e-08 |   3.277296e-08 |
|   1.250000e-01 |   3.918446e-06 |   3.322951e-08 |   3.413198e-08 |
|   1.300000e-01 |   4.074716e-06 |   3.455167e-08 |   3.549015e-08 |
|   1.350000e-01 |   4.230885e-06 |   3.587297e-08 |   3.684744e-08 |
|   1.400000e-01 |   4.386947e-06 |   3.719337e-08 |   3.820380e-08 |
|   1.450000e-01 |   4.542901e-06 |   3.851285e-08 |   3.955921e-08 |
|   1.500000e-01 |   4.698740e-06 |   3.983136e-08 |   4.091363e-08 |
|   1.550000e-01 |   4.854462e-06 |   4.114887e-08 |   4.226703e-08 |
|   1.600000e-01 |   5.010063e-06 |   4.246536e-08 |   4.361937e-08 |
|   1.650000e-01 |   5.165538e-06 |   4.378078e-08 |   4.497062e-08 |
+----------------+----------------+----------------+----------------+


Time Step 34, time = 0.17, dt = 0.005
 * Nonlinear |R| = [32m1.100905e-03[39m (Before preset BCs, predictors, correctors, and constraints)
 0 Nonlinear |R| = [32m4.934321e-03[39m
      0 Linear |R| = [32m4.934321e-03[39m
      1 Linear |R| = [32m2.237346e-17[39m
 1 Nonlinear |R| = [32m2.109335e-15[39m
[32m Solve Converged![39m

Postprocessor Values:
+----------------+----------------+----------------+----------------+
| time           | p_l2           | ux_l2          | uy_l2          |
+----------------+----------------+----------------+----------------+
:                :                :                :                :
|   1.000000e-01 |   3.135704e-06 |   2.660689e-08 |   2.732900e-08 |
|   1.050000e-01 |   3.292425e-06 |   2.793288e-08 |   2.869110e-08 |
|   1.100000e-01 |   3.449063e-06 |   2.925817e-08 |   3.005248e-08 |
|   1.150000e-01 |   3.605616e-06 |   3.058272e-08 |   3.141311e-08 |
|   1.200000e-01 |   3.762078e-06 |   3.190651e-08 |   3.277296e-08 |
|   1.250000e-01 |   3.918446e-06 |   3.322951e-08 |   3.413198e-08 |
|   1.300000e-01 |   4.074716e-06 |   3.455167e-08 |   3.549015e-08 |
|   1.350000e-01 |   4.230885e-06 |   3.587297e-08 |   3.684744e-08 |
|   1.400000e-01 |   4.386947e-06 |   3.719337e-08 |   3.820380e-08 |
|   1.450000e-01 |   4.542901e-06 |   3.851285e-08 |   3.955921e-08 |
|   1.500000e-01 |   4.698740e-06 |   3.983136e-08 |   4.091363e-08 |
|   1.550000e-01 |   4.854462e-06 |   4.114887e-08 |   4.226703e-08 |
|   1.600000e-01 |   5.010063e-06 |   4.246536e-08 |   4.361937e-08 |
|   1.650000e-01 |   5.165538e-06 |   4.378078e-08 |   4.497062e-08 |
|   1.700000e-01 |   5.320885e-06 |   4.509511e-08 |   4.632075e-08 |
+----------------+----------------+----------------+----------------+


Time Step 35, time = 0.175, dt = 0.005
 * Nonlinear |R| = [32m1.099961e-03[39m (Before preset BCs, predictors, correctors, and constraints)
 0 Nonlinear |R| = [32m4.930087e-03[39m
      0 Linear |R| = [32m4.930087e-03[39m
      1 Linear |R| = [32m2.192398e-17[39m
 1 Nonlinear |R| = [32m1.992625e-15[39m
[32m Solve Converged![39m

Postprocessor Values:
+----------------+----------------+----------------+----------------+
| time           | p_l2           | ux_l2          | uy_l2          |
+----------------+----------------+----------------+----------------+
:                :                :                :                :
|   1.050000e-01 |   3.292425e-06 |   2.793288e-08 |   2.869110e-08 |
|   1.100000e-01 |   3.449063e-06 |   2.925817e-08 |   3.005248e-08 |
|   1.150000e-01 |   3.605616e-06 |   3.058272e-08 |   3.141311e-08 |
|   1.200000e-01 |   3.762078e-06 |   3.190651e-08 |   3.277296e-08 |
|   1.250000e-01 |   3.918446e-06 |   3.322951e-08 |   3.413198e-08 |
|   1.300000e-01 |   4.074716e-06 |   3.455167e-08 |   3.549015e-08 |
|   1.350000e-01 |   4.230885e-06 |   3.587297e-08 |   3.684744e-08 |
|   1.400000e-01 |   4.386947e-06 |   3.719337e-08 |   3.820380e-08 |
|   1.450000e-01 |   4.542901e-06 |   3.851285e-08 |   3.955921e-08 |
|   1.500000e-01 |   4.698740e-06 |   3.983136e-08 |   4.091363e-08 |
|   1.550000e-01 |   4.854462e-06 |   4.114887e-08 |   4.226703e-08 |
|   1.600000e-01 |   5.010063e-06 |   4.246536e-08 |   4.361937e-08 |
|   1.650000e-01 |   5.165538e-06 |   4.378078e-08 |   4.497062e-08 |
|   1.700000e-01 |   5.320885e-06 |   4.509511e-08 |   4.632075e-08 |
|   1.750000e-01 |   5.476098e-06 |   4.640831e-08 |   4.766972e-08 |
+----------------+----------------+----------------+----------------+


Time Step 36, time = 0.18, dt = 0.005
 * Nonlinear |R| = [32m1.098989e-03[39m (Before preset BCs, predictors, correctors, and constraints)
 0 Nonlinear |R| = [32m4.925731e-03[39m
      0 Linear |R| = [32m4.925731e-03[39m
      1 Linear |R| = [32m2.698515e-17[39m
 1 Nonlinear |R| = [32m1.971757e-15[39m
[32m Solve Converged![39m

Postprocessor Values:
+----------------+----------------+----------------+----------------+
| time           | p_l2           | ux_l2          | uy_l2          |
+----------------+----------------+----------------+----------------+
:                :                :                :                :
|   1.100000e-01 |   3.449063e-06 |   2.925817e-08 |   3.005248e-08 |
|   1.150000e-01 |   3.605616e-06 |   3.058272e-08 |   3.141311e-08 |
|   1.200000e-01 |   3.762078e-06 |   3.190651e-08 |   3.277296e-08 |
|   1.250000e-01 |   3.918446e-06 |   3.322951e-08 |   3.413198e-08 |
|   1.300000e-01 |   4.074716e-06 |   3.455167e-08 |   3.549015e-08 |
|   1.350000e-01 |   4.230885e-06 |   3.587297e-08 |   3.684744e-08 |
|   1.400000e-01 |   4.386947e-06 |   3.719337e-08 |   3.820380e-08 |
|   1.450000e-01 |   4.542901e-06 |   3.851285e-08 |   3.955921e-08 |
|   1.500000e-01 |   4.698740e-06 |   3.983136e-08 |   4.091363e-08 |
|   1.550000e-01 |   4.854462e-06 |   4.114887e-08 |   4.226703e-08 |
|   1.600000e-01 |   5.010063e-06 |   4.246536e-08 |   4.361937e-08 |
|   1.650000e-01 |   5.165538e-06 |   4.378078e-08 |   4.497062e-08 |
|   1.700000e-01 |   5.320885e-06 |   4.509511e-08 |   4.632075e-08 |
|   1.750000e-01 |   5.476098e-06 |   4.640831e-08 |   4.766972e-08 |
|   1.800000e-01 |   5.631174e-06 |   4.772035e-08 |   4.901749e-08 |
+----------------+----------------+----------------+----------------+


Time Step 37, time = 0.185, dt = 0.005
 * Nonlinear |R| = [32m1.097989e-03[39m (Before preset BCs, predictors, correctors, and constraints)
 0 Nonlinear |R| = [32m4.921251e-03[39m
      0 Linear |R| = [32m4.921251e-03[39m
      1 Linear |R| = [32m2.353161e-17[39m
 1 Nonlinear |R| = [32m1.977894e-15[39m
[32m Solve Converged![39m

Postprocessor Values:
+----------------+----------------+----------------+----------------+
| time           | p_l2           | ux_l2          | uy_l2          |
+----------------+----------------+----------------+----------------+
:                :                :                :                :
|   1.150000e-01 |   3.605616e-06 |   3.058272e-08 |   3.141311e-08 |
|   1.200000e-01 |   3.762078e-06 |   3.190651e-08 |   3.277296e-08 |
|   1.250000e-01 |   3.918446e-06 |   3.322951e-08 |   3.413198e-08 |
|   1.300000e-01 |   4.074716e-06 |   3.455167e-08 |   3.549015e-08 |
|   1.350000e-01 |   4.230885e-06 |   3.587297e-08 |   3.684744e-08 |
|   1.400000e-01 |   4.386947e-06 |   3.719337e-08 |   3.820380e-08 |
|   1.450000e-01 |   4.542901e-06 |   3.851285e-08 |   3.955921e-08 |
|   1.500000e-01 |   4.698740e-06 |   3.983136e-08 |   4.091363e-08 |
|   1.550000e-01 |   4.854462e-06 |   4.114887e-08 |   4.226703e-08 |
|   1.600000e-01 |   5.010063e-06 |   4.246536e-08 |   4.361937e-08 |
|   1.650000e-01 |   5.165538e-06 |   4.378078e-08 |   4.497062e-08 |
|   1.700000e-01 |   5.320885e-06 |   4.509511e-08 |   4.632075e-08 |
|   1.750000e-01 |   5.476098e-06 |   4.640831e-08 |   4.766972e-08 |
|   1.800000e-01 |   5.631174e-06 |   4.772035e-08 |   4.901749e-08 |
|   1.850000e-01 |   5.786110e-06 |   4.903120e-08 |   5.036404e-08 |
+----------------+----------------+----------------+----------------+


Time Step 38, time = 0.19, dt = 0.005
 * Nonlinear |R| = [32m1.096962e-03[39m (Before preset BCs, predictors, correctors, and constraints)
 0 Nonlinear |R| = [32m4.916648e-03[39m
      0 Linear |R| = [32m4.916648e-03[39m
      1 Linear |R| = [32m2.423189e-17[39m
 1 Nonlinear |R| = [32m1.930246e-15[39m
[32m Solve Converged![39m

Postprocessor Values:
+----------------+----------------+----------------+----------------+
| time           | p_l2           | ux_l2          | uy_l2          |
+----------------+----------------+----------------+----------------+
:                :                :                :                :
|   1.200000e-01 |   3.762078e-06 |   3.190651e-08 |   3.277296e-08 |
|   1.250000e-01 |   3.918446e-06 |   3.322951e-08 |   3.413198e-08 |
|   1.300000e-01 |   4.074716e-06 |   3.455167e-08 |   3.549015e-08 |
|   1.350000e-01 |   4.230885e-06 |   3.587297e-08 |   3.684744e-08 |
|   1.400000e-01 |   4.386947e-06 |   3.719337e-08 |   3.820380e-08 |
|   1.450000e-01 |   4.542901e-06 |   3.851285e-08 |   3.955921e-08 |
|   1.500000e-01 |   4.698740e-06 |   3.983136e-08 |   4.091363e-08 |
|   1.550000e-01 |   4.854462e-06 |   4.114887e-08 |   4.226703e-08 |
|   1.600000e-01 |   5.010063e-06 |   4.246536e-08 |   4.361937e-08 |
|   1.650000e-01 |   5.165538e-06 |   4.378078e-08 |   4.497062e-08 |
|   1.700000e-01 |   5.320885e-06 |   4.509511e-08 |   4.632075e-08 |
|   1.750000e-01 |   5.476098e-06 |   4.640831e-08 |   4.766972e-08 |
|   1.800000e-01 |   5.631174e-06 |   4.772035e-08 |   4.901749e-08 |
|   1.850000e-01 |   5.786110e-06 |   4.903120e-08 |   5.036404e-08 |
|   1.900000e-01 |   5.940901e-06 |   5.034083e-08 |   5.170933e-08 |
+----------------+----------------+----------------+----------------+


Time Step 39, time = 0.195, dt = 0.005
 * Nonlinear |R| = [32m1.095908e-03[39m (Before preset BCs, predictors, correctors, and constraints)
 0 Nonlinear |R| = [32m4.911923e-03[39m
      0 Linear |R| = [32m4.911923e-03[39m
      1 Linear |R| = [32m2.189612e-17[39m
 1 Nonlinear |R| = [32m1.969912e-15[39m
[32m Solve Converged![39m

Postprocessor Values:
+----------------+----------------+----------------+----------------+
| time           | p_l2           | ux_l2          | uy_l2          |
+----------------+----------------+----------------+----------------+
:                :                :                :                :
|   1.250000e-01 |   3.918446e-06 |   3.322951e-08 |   3.413198e-08 |
|   1.300000e-01 |   4.074716e-06 |   3.455167e-08 |   3.549015e-08 |
|   1.350000e-01 |   4.230885e-06 |   3.587297e-08 |   3.684744e-08 |
|   1.400000e-01 |   4.386947e-06 |   3.719337e-08 |   3.820380e-08 |
|   1.450000e-01 |   4.542901e-06 |   3.851285e-08 |   3.955921e-08 |
|   1.500000e-01 |   4.698740e-06 |   3.983136e-08 |   4.091363e-08 |
|   1.550000e-01 |   4.854462e-06 |   4.114887e-08 |   4.226703e-08 |
|   1.600000e-01 |   5.010063e-06 |   4.246536e-08 |   4.361937e-08 |
|   1.650000e-01 |   5.165538e-06 |   4.378078e-08 |   4.497062e-08 |
|   1.700000e-01 |   5.320885e-06 |   4.509511e-08 |   4.632075e-08 |
|   1.750000e-01 |   5.476098e-06 |   4.640831e-08 |   4.766972e-08 |
|   1.800000e-01 |   5.631174e-06 |   4.772035e-08 |   4.901749e-08 |
|   1.850000e-01 |   5.786110e-06 |   4.903120e-08 |   5.036404e-08 |
|   1.900000e-01 |   5.940901e-06 |   5.034083e-08 |   5.170933e-08 |
|   1.950000e-01 |   6.095544e-06 |   5.164919e-08 |   5.305333e-08 |
+----------------+----------------+----------------+----------------+


Time Step 40, time = 0.2, dt = 0.005
 * Nonlinear |R| = [32m1.094826e-03[39m (Before preset BCs, predictors, correctors, and constraints)
 0 Nonlinear |R| = [32m4.907075e-03[39m
      0 Linear |R| = [32m4.907075e-03[39m
      1 Linear |R| = [32m1.997431e-17[39m
 1 Nonlinear |R| = [32m1.953557e-15[39m
[32m Solve Converged![39m

Postprocessor Values:
+----------------+----------------+----------------+----------------+
| time           | p_l2           | ux_l2          | uy_l2          |
+----------------+----------------+----------------+----------------+
:                :                :                :                :
|   1.300000e-01 |   4.074716e-06 |   3.455167e-08 |   3.549015e-08 |
|   1.350000e-01 |   4.230885e-06 |   3.587297e-08 |   3.684744e-08 |
|   1.400000e-01 |   4.386947e-06 |   3.719337e-08 |   3.820380e-08 |
|   1.450000e-01 |   4.542901e-06 |   3.851285e-08 |   3.955921e-08 |
|   1.500000e-01 |   4.698740e-06 |   3.983136e-08 |   4.091363e-08 |
|   1.550000e-01 |   4.854462e-06 |   4.114887e-08 |   4.226703e-08 |
|   1.600000e-01 |   5.010063e-06 |   4.246536e-08 |   4.361937e-08 |
|   1.650000e-01 |   5.165538e-06 |   4.378078e-08 |   4.497062e-08 |
|   1.700000e-01 |   5.320885e-06 |   4.509511e-08 |   4.632075e-08 |
|   1.750000e-01 |   5.476098e-06 |   4.640831e-08 |   4.766972e-08 |
|   1.800000e-01 |   5.631174e-06 |   4.772035e-08 |   4.901749e-08 |
|   1.850000e-01 |   5.786110e-06 |   4.903120e-08 |   5.036404e-08 |
|   1.900000e-01 |   5.940901e-06 |   5.034083e-08 |   5.170933e-08 |
|   1.950000e-01 |   6.095544e-06 |   5.164919e-08 |   5.305333e-08 |
|   2.000000e-01 |   6.250034e-06 |   5.295627e-08 |   5.439601e-08 |
+----------------+----------------+----------------+----------------+

Finished Executing                                                                       [[33m 13.14 s[39m] [[33m  152 MB[39m]
