
[36m
*** Info ***
'execute_on' parameter specified in [Outputs] block is ignored for object 'checkpoint'.
Define this object in its own sub-block of [Outputs] to modify its execution schedule.[39m
Framework Information:
MOOSE Version:           git commit abafb58b on 2026-02-20
LibMesh Version:         
PETSc Version:           3.24.4
SLEPc Version:           3.24.0
Current Time:            Sun Sep 20 15:06:02 2026
Executable Timestamp:    Sun Sep 20 14:26:45 2026

Input File(s):
  /home/jfoster/projects/research/reactive_transport/anisotropic-biot-tensor/.agent-runtime/moose-fe-goal-2026-09-20/implementation/runs/mms_time_fine64_0.005/input.i

Command Line Argument(s):
  --n-threads=1

Command Line Input Argument(s):
  Outputs/file_base=/home/jfoster/projects/research/reactive_transport/anisotropic-biot-tensor/.agent-runtime/moose-fe-goal-2026-09-20/implementation/runs/mms_time_fine64_0.005/solution

Checkpoint:
  Wall Time Interval:      Every 3600 s
  User Checkpoint:         Disabled
  # Checkpoints Kept:      2
  Execute On:              TIMESTEP_END 

Parallelism:
  Num Processors:          1
  Num Threads:             1

Mesh: 
  Parallel Type:           replicated
  Mesh Dimension:          2
  Spatial Dimension:       2
  Nodes:                   16641
  Elems:                   4096
  Num Subdomains:          1

Nonlinear System:
  Num DOFs:                37507
  Num Local DOFs:          37507
  Variables:               { "ux" "uy" } "p" 
  Finite Element Types:    "LAGRANGE" "LAGRANGE" 
  Approximation Orders:    "SECOND" "FIRST" 

Auxiliary System:
  Num DOFs:                57730
  Num Local DOFs:          57730
  Variables:               { "J" "Jbar" "solid_fraction" "stability" "energy" "B12" "sigma11" "sigma22" 
                             "sigma12" } "mass_reaction" "force_reaction" 
  Finite Element Types:    "MONOMIAL" "LAGRANGE" "LAGRANGE" 
  Approximation Orders:    "CONSTANT" "FIRST" "SECOND" 

Execution Information:
  Executioner:             Transient
  TimeStepper:             ConstantDT
  TimeIntegrator(s):       ImplicitEuler
  Solver Mode:             NEWTON 
  PETSc Preconditioner:    lu 
  MOOSE Preconditioner:    SMP 
[31mLEGACY MODES ENABLED:[39m
 This application uses the legacy material output option: material properties are output only on TIMESTEP_END, not INITIAL. To remove this message, set 'use_legacy_material_output' to false in this application. If there are gold output files that contain material property output for which output occurs on INITIAL, then these will generate diffs due to zero values being stored, and these tests should be re-golded.
[39m
[31mLEGACY MODES ENABLED:[39m
 This application uses the legacy initial residual evaluation behavior. The legacy behavior performs an often times redundant residual evaluation before the solution modifying objects are executed prior to the initial (0th nonlinear iteration) residual evaluation. The new behavior skips that redundant residual evaluation unless the parameter Executioner/use_pre_smo_residual is set to true. To remove this message and enable the new behavior, set the parameter 'use_legacy_initial_residual_evaluation_behavior' to false in *App.C. Some tests that rely on the side effects of the legacy behavior may fail/diff and should be re-golded.
[39m

Time Step 0, time = 0

Postprocessor Values:
+----------------+----------------+----------------+----------------+
| time           | p_l2           | ux_l2          | uy_l2          |
+----------------+----------------+----------------+----------------+
|   0.000000e+00 |   0.000000e+00 |   0.000000e+00 |   0.000000e+00 |
+----------------+----------------+----------------+----------------+

Warning, Exodus files cannot have titles longer than 80 characters.  Your title will be truncated.

Time Step 1, time = 0.005, dt = 0.005
 * Nonlinear |R| = [32m8.476392e-04[39m (Before preset BCs, predictors, correctors, and constraints)
 0 Nonlinear |R| = [32m9.512063e-03[39m
      0 Linear |R| = [32m9.512063e-03[39m
      1 Linear |R| = [32m9.690700e-17[39m
 1 Nonlinear |R| = [32m1.411104e-15[39m
[32m Solve Converged![39m

Postprocessor Values:
+----------------+----------------+----------------+----------------+
| time           | p_l2           | ux_l2          | uy_l2          |
+----------------+----------------+----------------+----------------+
|   0.000000e+00 |   0.000000e+00 |   0.000000e+00 |   0.000000e+00 |
|   5.000000e-03 |   9.715809e-09 |   3.141103e-11 |   3.165210e-11 |
+----------------+----------------+----------------+----------------+


Time Step 2, time = 0.01, dt = 0.005
 * Nonlinear |R| = [32m8.476172e-04[39m (Before preset BCs, predictors, correctors, and constraints)
 0 Nonlinear |R| = [32m9.511825e-03[39m
      0 Linear |R| = [32m9.511825e-03[39m
      1 Linear |R| = [32m1.440285e-16[39m
 1 Nonlinear |R| = [32m2.024996e-15[39m
[32m Solve Converged![39m

Postprocessor Values:
+----------------+----------------+----------------+----------------+
| time           | p_l2           | ux_l2          | uy_l2          |
+----------------+----------------+----------------+----------------+
|   0.000000e+00 |   0.000000e+00 |   0.000000e+00 |   0.000000e+00 |
|   5.000000e-03 |   9.715809e-09 |   3.141103e-11 |   3.165210e-11 |
|   1.000000e-02 |   2.024917e-08 |   6.539012e-11 |   6.521430e-11 |
+----------------+----------------+----------------+----------------+


Time Step 3, time = 0.015, dt = 0.005
 * Nonlinear |R| = [32m8.475748e-04[39m (Before preset BCs, predictors, correctors, and constraints)
 0 Nonlinear |R| = [32m9.511349e-03[39m
      0 Linear |R| = [32m9.511349e-03[39m
      1 Linear |R| = [32m1.057130e-16[39m
 1 Nonlinear |R| = [32m1.990310e-15[39m
[32m Solve Converged![39m

Postprocessor Values:
+----------------+----------------+----------------+----------------+
| time           | p_l2           | ux_l2          | uy_l2          |
+----------------+----------------+----------------+----------------+
|   0.000000e+00 |   0.000000e+00 |   0.000000e+00 |   0.000000e+00 |
|   5.000000e-03 |   9.715809e-09 |   3.141103e-11 |   3.165210e-11 |
|   1.000000e-02 |   2.024917e-08 |   6.539012e-11 |   6.521430e-11 |
|   1.500000e-02 |   3.088573e-08 |   9.979822e-11 |   9.900189e-11 |
+----------------+----------------+----------------+----------------+


Time Step 4, time = 0.02, dt = 0.005
 * Nonlinear |R| = [32m8.475112e-04[39m (Before preset BCs, predictors, correctors, and constraints)
 0 Nonlinear |R| = [32m9.510636e-03[39m
      0 Linear |R| = [32m9.510636e-03[39m
      1 Linear |R| = [32m9.878965e-17[39m
 1 Nonlinear |R| = [32m1.991530e-15[39m
[32m Solve Converged![39m

Postprocessor Values:
+----------------+----------------+----------------+----------------+
| time           | p_l2           | ux_l2          | uy_l2          |
+----------------+----------------+----------------+----------------+
|   0.000000e+00 |   0.000000e+00 |   0.000000e+00 |   0.000000e+00 |
|   5.000000e-03 |   9.715809e-09 |   3.141103e-11 |   3.165210e-11 |
|   1.000000e-02 |   2.024917e-08 |   6.539012e-11 |   6.521430e-11 |
|   1.500000e-02 |   3.088573e-08 |   9.979822e-11 |   9.900189e-11 |
|   2.000000e-02 |   4.153755e-08 |   1.342876e-10 |   1.328178e-10 |
+----------------+----------------+----------------+----------------+


Time Step 5, time = 0.025, dt = 0.005
 * Nonlinear |R| = [32m8.474264e-04[39m (Before preset BCs, predictors, correctors, and constraints)
 0 Nonlinear |R| = [32m9.509685e-03[39m
      0 Linear |R| = [32m9.509685e-03[39m
      1 Linear |R| = [32m9.805181e-17[39m
 1 Nonlinear |R| = [32m1.985716e-15[39m
[32m Solve Converged![39m

Postprocessor Values:
+----------------+----------------+----------------+----------------+
| time           | p_l2           | ux_l2          | uy_l2          |
+----------------+----------------+----------------+----------------+
|   0.000000e+00 |   0.000000e+00 |   0.000000e+00 |   0.000000e+00 |
|   5.000000e-03 |   9.715809e-09 |   3.141103e-11 |   3.165210e-11 |
|   1.000000e-02 |   2.024917e-08 |   6.539012e-11 |   6.521430e-11 |
|   1.500000e-02 |   3.088573e-08 |   9.979822e-11 |   9.900189e-11 |
|   2.000000e-02 |   4.153755e-08 |   1.342876e-10 |   1.328178e-10 |
|   2.500000e-02 |   5.219180e-08 |   1.687953e-10 |   1.666359e-10 |
+----------------+----------------+----------------+----------------+


Time Step 6, time = 0.03, dt = 0.005
 * Nonlinear |R| = [32m8.473205e-04[39m (Before preset BCs, predictors, correctors, and constraints)
 0 Nonlinear |R| = [32m9.508496e-03[39m
      0 Linear |R| = [32m9.508496e-03[39m
      1 Linear |R| = [32m1.181203e-16[39m
 1 Nonlinear |R| = [32m2.007472e-15[39m
[32m Solve Converged![39m

Postprocessor Values:
+----------------+----------------+----------------+----------------+
| time           | p_l2           | ux_l2          | uy_l2          |
+----------------+----------------+----------------+----------------+
|   0.000000e+00 |   0.000000e+00 |   0.000000e+00 |   0.000000e+00 |
|   5.000000e-03 |   9.715809e-09 |   3.141103e-11 |   3.165210e-11 |
|   1.000000e-02 |   2.024917e-08 |   6.539012e-11 |   6.521430e-11 |
|   1.500000e-02 |   3.088573e-08 |   9.979822e-11 |   9.900189e-11 |
|   2.000000e-02 |   4.153755e-08 |   1.342876e-10 |   1.328178e-10 |
|   2.500000e-02 |   5.219180e-08 |   1.687953e-10 |   1.666359e-10 |
|   3.000000e-02 |   6.284593e-08 |   2.033069e-10 |   2.004517e-10 |
+----------------+----------------+----------------+----------------+


Time Step 7, time = 0.035, dt = 0.005
 * Nonlinear |R| = [32m8.471933e-04[39m (Before preset BCs, predictors, correctors, and constraints)
 0 Nonlinear |R| = [32m9.507069e-03[39m
      0 Linear |R| = [32m9.507069e-03[39m
      1 Linear |R| = [32m1.135788e-16[39m
 1 Nonlinear |R| = [32m2.001418e-15[39m
[32m Solve Converged![39m

Postprocessor Values:
+----------------+----------------+----------------+----------------+
| time           | p_l2           | ux_l2          | uy_l2          |
+----------------+----------------+----------------+----------------+
|   0.000000e+00 |   0.000000e+00 |   0.000000e+00 |   0.000000e+00 |
|   5.000000e-03 |   9.715809e-09 |   3.141103e-11 |   3.165210e-11 |
|   1.000000e-02 |   2.024917e-08 |   6.539012e-11 |   6.521430e-11 |
|   1.500000e-02 |   3.088573e-08 |   9.979822e-11 |   9.900189e-11 |
|   2.000000e-02 |   4.153755e-08 |   1.342876e-10 |   1.328178e-10 |
|   2.500000e-02 |   5.219180e-08 |   1.687953e-10 |   1.666359e-10 |
|   3.000000e-02 |   6.284593e-08 |   2.033069e-10 |   2.004517e-10 |
|   3.500000e-02 |   7.349906e-08 |   2.378174e-10 |   2.342633e-10 |
+----------------+----------------+----------------+----------------+


Time Step 8, time = 0.04, dt = 0.005
 * Nonlinear |R| = [32m8.470450e-04[39m (Before preset BCs, predictors, correctors, and constraints)
 0 Nonlinear |R| = [32m9.505405e-03[39m
      0 Linear |R| = [32m9.505405e-03[39m
      1 Linear |R| = [32m9.763830e-17[39m
 1 Nonlinear |R| = [32m2.018654e-15[39m
[32m Solve Converged![39m

Postprocessor Values:
+----------------+----------------+----------------+----------------+
| time           | p_l2           | ux_l2          | uy_l2          |
+----------------+----------------+----------------+----------------+
|   0.000000e+00 |   0.000000e+00 |   0.000000e+00 |   0.000000e+00 |
|   5.000000e-03 |   9.715809e-09 |   3.141103e-11 |   3.165210e-11 |
|   1.000000e-02 |   2.024917e-08 |   6.539012e-11 |   6.521430e-11 |
|   1.500000e-02 |   3.088573e-08 |   9.979822e-11 |   9.900189e-11 |
|   2.000000e-02 |   4.153755e-08 |   1.342876e-10 |   1.328178e-10 |
|   2.500000e-02 |   5.219180e-08 |   1.687953e-10 |   1.666359e-10 |
|   3.000000e-02 |   6.284593e-08 |   2.033069e-10 |   2.004517e-10 |
|   3.500000e-02 |   7.349906e-08 |   2.378174e-10 |   2.342633e-10 |
|   4.000000e-02 |   8.415069e-08 |   2.723244e-10 |   2.680695e-10 |
+----------------+----------------+----------------+----------------+


Time Step 9, time = 0.045, dt = 0.005
 * Nonlinear |R| = [32m8.468756e-04[39m (Before preset BCs, predictors, correctors, and constraints)
 0 Nonlinear |R| = [32m9.503503e-03[39m
      0 Linear |R| = [32m9.503503e-03[39m
      1 Linear |R| = [32m1.288283e-16[39m
 1 Nonlinear |R| = [32m2.031032e-15[39m
[32m Solve Converged![39m

Postprocessor Values:
+----------------+----------------+----------------+----------------+
| time           | p_l2           | ux_l2          | uy_l2          |
+----------------+----------------+----------------+----------------+
|   0.000000e+00 |   0.000000e+00 |   0.000000e+00 |   0.000000e+00 |
|   5.000000e-03 |   9.715809e-09 |   3.141103e-11 |   3.165210e-11 |
|   1.000000e-02 |   2.024917e-08 |   6.539012e-11 |   6.521430e-11 |
|   1.500000e-02 |   3.088573e-08 |   9.979822e-11 |   9.900189e-11 |
|   2.000000e-02 |   4.153755e-08 |   1.342876e-10 |   1.328178e-10 |
|   2.500000e-02 |   5.219180e-08 |   1.687953e-10 |   1.666359e-10 |
|   3.000000e-02 |   6.284593e-08 |   2.033069e-10 |   2.004517e-10 |
|   3.500000e-02 |   7.349906e-08 |   2.378174e-10 |   2.342633e-10 |
|   4.000000e-02 |   8.415069e-08 |   2.723244e-10 |   2.680695e-10 |
|   4.500000e-02 |   9.480045e-08 |   3.068261e-10 |   3.018693e-10 |
+----------------+----------------+----------------+----------------+


Time Step 10, time = 0.05, dt = 0.005
 * Nonlinear |R| = [32m8.466849e-04[39m (Before preset BCs, predictors, correctors, and constraints)
 0 Nonlinear |R| = [32m9.501364e-03[39m
      0 Linear |R| = [32m9.501364e-03[39m
      1 Linear |R| = [32m1.108697e-16[39m
 1 Nonlinear |R| = [32m2.014053e-15[39m
[32m Solve Converged![39m

Postprocessor Values:
+----------------+----------------+----------------+----------------+
| time           | p_l2           | ux_l2          | uy_l2          |
+----------------+----------------+----------------+----------------+
|   0.000000e+00 |   0.000000e+00 |   0.000000e+00 |   0.000000e+00 |
|   5.000000e-03 |   9.715809e-09 |   3.141103e-11 |   3.165210e-11 |
|   1.000000e-02 |   2.024917e-08 |   6.539012e-11 |   6.521430e-11 |
|   1.500000e-02 |   3.088573e-08 |   9.979822e-11 |   9.900189e-11 |
|   2.000000e-02 |   4.153755e-08 |   1.342876e-10 |   1.328178e-10 |
|   2.500000e-02 |   5.219180e-08 |   1.687953e-10 |   1.666359e-10 |
|   3.000000e-02 |   6.284593e-08 |   2.033069e-10 |   2.004517e-10 |
|   3.500000e-02 |   7.349906e-08 |   2.378174e-10 |   2.342633e-10 |
|   4.000000e-02 |   8.415069e-08 |   2.723244e-10 |   2.680695e-10 |
|   4.500000e-02 |   9.480045e-08 |   3.068261e-10 |   3.018693e-10 |
|   5.000000e-02 |   1.054480e-07 |   3.413213e-10 |   3.356619e-10 |
+----------------+----------------+----------------+----------------+


Time Step 11, time = 0.055, dt = 0.005
 * Nonlinear |R| = [32m8.464731e-04[39m (Before preset BCs, predictors, correctors, and constraints)
 0 Nonlinear |R| = [32m9.498987e-03[39m
      0 Linear |R| = [32m9.498987e-03[39m
      1 Linear |R| = [32m2.017832e-16[39m
 1 Nonlinear |R| = [32m2.012524e-15[39m
[32m Solve Converged![39m

Postprocessor Values:
+----------------+----------------+----------------+----------------+
| time           | p_l2           | ux_l2          | uy_l2          |
+----------------+----------------+----------------+----------------+
|   0.000000e+00 |   0.000000e+00 |   0.000000e+00 |   0.000000e+00 |
|   5.000000e-03 |   9.715809e-09 |   3.141103e-11 |   3.165210e-11 |
|   1.000000e-02 |   2.024917e-08 |   6.539012e-11 |   6.521430e-11 |
|   1.500000e-02 |   3.088573e-08 |   9.979822e-11 |   9.900189e-11 |
|   2.000000e-02 |   4.153755e-08 |   1.342876e-10 |   1.328178e-10 |
|   2.500000e-02 |   5.219180e-08 |   1.687953e-10 |   1.666359e-10 |
|   3.000000e-02 |   6.284593e-08 |   2.033069e-10 |   2.004517e-10 |
|   3.500000e-02 |   7.349906e-08 |   2.378174e-10 |   2.342633e-10 |
|   4.000000e-02 |   8.415069e-08 |   2.723244e-10 |   2.680695e-10 |
|   4.500000e-02 |   9.480045e-08 |   3.068261e-10 |   3.018693e-10 |
|   5.000000e-02 |   1.054480e-07 |   3.413213e-10 |   3.356619e-10 |
|   5.500000e-02 |   1.160930e-07 |   3.758087e-10 |   3.694462e-10 |
+----------------+----------------+----------------+----------------+


Time Step 12, time = 0.06, dt = 0.005
 * Nonlinear |R| = [32m8.462401e-04[39m (Before preset BCs, predictors, correctors, and constraints)
 0 Nonlinear |R| = [32m9.496372e-03[39m
      0 Linear |R| = [32m9.496372e-03[39m
      1 Linear |R| = [32m1.280742e-16[39m
 1 Nonlinear |R| = [32m2.037157e-15[39m
[32m Solve Converged![39m

Postprocessor Values:
+----------------+----------------+----------------+----------------+
| time           | p_l2           | ux_l2          | uy_l2          |
+----------------+----------------+----------------+----------------+
|   0.000000e+00 |   0.000000e+00 |   0.000000e+00 |   0.000000e+00 |
|   5.000000e-03 |   9.715809e-09 |   3.141103e-11 |   3.165210e-11 |
|   1.000000e-02 |   2.024917e-08 |   6.539012e-11 |   6.521430e-11 |
|   1.500000e-02 |   3.088573e-08 |   9.979822e-11 |   9.900189e-11 |
|   2.000000e-02 |   4.153755e-08 |   1.342876e-10 |   1.328178e-10 |
|   2.500000e-02 |   5.219180e-08 |   1.687953e-10 |   1.666359e-10 |
|   3.000000e-02 |   6.284593e-08 |   2.033069e-10 |   2.004517e-10 |
|   3.500000e-02 |   7.349906e-08 |   2.378174e-10 |   2.342633e-10 |
|   4.000000e-02 |   8.415069e-08 |   2.723244e-10 |   2.680695e-10 |
|   4.500000e-02 |   9.480045e-08 |   3.068261e-10 |   3.018693e-10 |
|   5.000000e-02 |   1.054480e-07 |   3.413213e-10 |   3.356619e-10 |
|   5.500000e-02 |   1.160930e-07 |   3.758087e-10 |   3.694462e-10 |
|   6.000000e-02 |   1.267352e-07 |   4.102872e-10 |   4.032214e-10 |
+----------------+----------------+----------------+----------------+


Time Step 13, time = 0.065, dt = 0.005
 * Nonlinear |R| = [32m8.459860e-04[39m (Before preset BCs, predictors, correctors, and constraints)
 0 Nonlinear |R| = [32m9.493520e-03[39m
      0 Linear |R| = [32m9.493520e-03[39m
      1 Linear |R| = [32m1.051963e-16[39m
 1 Nonlinear |R| = [32m2.037866e-15[39m
[32m Solve Converged![39m

Postprocessor Values:
+----------------+----------------+----------------+----------------+
| time           | p_l2           | ux_l2          | uy_l2          |
+----------------+----------------+----------------+----------------+
|   0.000000e+00 |   0.000000e+00 |   0.000000e+00 |   0.000000e+00 |
|   5.000000e-03 |   9.715809e-09 |   3.141103e-11 |   3.165210e-11 |
|   1.000000e-02 |   2.024917e-08 |   6.539012e-11 |   6.521430e-11 |
|   1.500000e-02 |   3.088573e-08 |   9.979822e-11 |   9.900189e-11 |
|   2.000000e-02 |   4.153755e-08 |   1.342876e-10 |   1.328178e-10 |
|   2.500000e-02 |   5.219180e-08 |   1.687953e-10 |   1.666359e-10 |
|   3.000000e-02 |   6.284593e-08 |   2.033069e-10 |   2.004517e-10 |
|   3.500000e-02 |   7.349906e-08 |   2.378174e-10 |   2.342633e-10 |
|   4.000000e-02 |   8.415069e-08 |   2.723244e-10 |   2.680695e-10 |
|   4.500000e-02 |   9.480045e-08 |   3.068261e-10 |   3.018693e-10 |
|   5.000000e-02 |   1.054480e-07 |   3.413213e-10 |   3.356619e-10 |
|   5.500000e-02 |   1.160930e-07 |   3.758087e-10 |   3.694462e-10 |
|   6.000000e-02 |   1.267352e-07 |   4.102872e-10 |   4.032214e-10 |
|   6.500000e-02 |   1.373743e-07 |   4.447560e-10 |   4.369866e-10 |
+----------------+----------------+----------------+----------------+


Time Step 14, time = 0.07, dt = 0.005
 * Nonlinear |R| = [32m8.457107e-04[39m (Before preset BCs, predictors, correctors, and constraints)
 0 Nonlinear |R| = [32m9.490431e-03[39m
      0 Linear |R| = [32m9.490431e-03[39m
      1 Linear |R| = [32m1.230762e-16[39m
 1 Nonlinear |R| = [32m2.036123e-15[39m
[32m Solve Converged![39m

Postprocessor Values:
+----------------+----------------+----------------+----------------+
| time           | p_l2           | ux_l2          | uy_l2          |
+----------------+----------------+----------------+----------------+
|   0.000000e+00 |   0.000000e+00 |   0.000000e+00 |   0.000000e+00 |
|   5.000000e-03 |   9.715809e-09 |   3.141103e-11 |   3.165210e-11 |
|   1.000000e-02 |   2.024917e-08 |   6.539012e-11 |   6.521430e-11 |
|   1.500000e-02 |   3.088573e-08 |   9.979822e-11 |   9.900189e-11 |
|   2.000000e-02 |   4.153755e-08 |   1.342876e-10 |   1.328178e-10 |
|   2.500000e-02 |   5.219180e-08 |   1.687953e-10 |   1.666359e-10 |
|   3.000000e-02 |   6.284593e-08 |   2.033069e-10 |   2.004517e-10 |
|   3.500000e-02 |   7.349906e-08 |   2.378174e-10 |   2.342633e-10 |
|   4.000000e-02 |   8.415069e-08 |   2.723244e-10 |   2.680695e-10 |
|   4.500000e-02 |   9.480045e-08 |   3.068261e-10 |   3.018693e-10 |
|   5.000000e-02 |   1.054480e-07 |   3.413213e-10 |   3.356619e-10 |
|   5.500000e-02 |   1.160930e-07 |   3.758087e-10 |   3.694462e-10 |
|   6.000000e-02 |   1.267352e-07 |   4.102872e-10 |   4.032214e-10 |
|   6.500000e-02 |   1.373743e-07 |   4.447560e-10 |   4.369866e-10 |
|   7.000000e-02 |   1.480100e-07 |   4.792140e-10 |   4.707410e-10 |
+----------------+----------------+----------------+----------------+


Time Step 15, time = 0.075, dt = 0.005
 * Nonlinear |R| = [32m8.454142e-04[39m (Before preset BCs, predictors, correctors, and constraints)
 0 Nonlinear |R| = [32m9.487105e-03[39m
      0 Linear |R| = [32m9.487105e-03[39m
      1 Linear |R| = [32m1.078424e-16[39m
 1 Nonlinear |R| = [32m2.028610e-15[39m
[32m Solve Converged![39m

Postprocessor Values:
+----------------+----------------+----------------+----------------+
| time           | p_l2           | ux_l2          | uy_l2          |
+----------------+----------------+----------------+----------------+
:                :                :                :                :
|   5.000000e-03 |   9.715809e-09 |   3.141103e-11 |   3.165210e-11 |
|   1.000000e-02 |   2.024917e-08 |   6.539012e-11 |   6.521430e-11 |
|   1.500000e-02 |   3.088573e-08 |   9.979822e-11 |   9.900189e-11 |
|   2.000000e-02 |   4.153755e-08 |   1.342876e-10 |   1.328178e-10 |
|   2.500000e-02 |   5.219180e-08 |   1.687953e-10 |   1.666359e-10 |
|   3.000000e-02 |   6.284593e-08 |   2.033069e-10 |   2.004517e-10 |
|   3.500000e-02 |   7.349906e-08 |   2.378174e-10 |   2.342633e-10 |
|   4.000000e-02 |   8.415069e-08 |   2.723244e-10 |   2.680695e-10 |
|   4.500000e-02 |   9.480045e-08 |   3.068261e-10 |   3.018693e-10 |
|   5.000000e-02 |   1.054480e-07 |   3.413213e-10 |   3.356619e-10 |
|   5.500000e-02 |   1.160930e-07 |   3.758087e-10 |   3.694462e-10 |
|   6.000000e-02 |   1.267352e-07 |   4.102872e-10 |   4.032214e-10 |
|   6.500000e-02 |   1.373743e-07 |   4.447560e-10 |   4.369866e-10 |
|   7.000000e-02 |   1.480100e-07 |   4.792140e-10 |   4.707410e-10 |
|   7.500000e-02 |   1.586421e-07 |   5.136604e-10 |   5.044836e-10 |
+----------------+----------------+----------------+----------------+


Time Step 16, time = 0.08, dt = 0.005
 * Nonlinear |R| = [32m8.450967e-04[39m (Before preset BCs, predictors, correctors, and constraints)
 0 Nonlinear |R| = [32m9.483541e-03[39m
      0 Linear |R| = [32m9.483541e-03[39m
      1 Linear |R| = [32m1.417533e-16[39m
 1 Nonlinear |R| = [32m2.037130e-15[39m
[32m Solve Converged![39m

Postprocessor Values:
+----------------+----------------+----------------+----------------+
| time           | p_l2           | ux_l2          | uy_l2          |
+----------------+----------------+----------------+----------------+
:                :                :                :                :
|   1.000000e-02 |   2.024917e-08 |   6.539012e-11 |   6.521430e-11 |
|   1.500000e-02 |   3.088573e-08 |   9.979822e-11 |   9.900189e-11 |
|   2.000000e-02 |   4.153755e-08 |   1.342876e-10 |   1.328178e-10 |
|   2.500000e-02 |   5.219180e-08 |   1.687953e-10 |   1.666359e-10 |
|   3.000000e-02 |   6.284593e-08 |   2.033069e-10 |   2.004517e-10 |
|   3.500000e-02 |   7.349906e-08 |   2.378174e-10 |   2.342633e-10 |
|   4.000000e-02 |   8.415069e-08 |   2.723244e-10 |   2.680695e-10 |
|   4.500000e-02 |   9.480045e-08 |   3.068261e-10 |   3.018693e-10 |
|   5.000000e-02 |   1.054480e-07 |   3.413213e-10 |   3.356619e-10 |
|   5.500000e-02 |   1.160930e-07 |   3.758087e-10 |   3.694462e-10 |
|   6.000000e-02 |   1.267352e-07 |   4.102872e-10 |   4.032214e-10 |
|   6.500000e-02 |   1.373743e-07 |   4.447560e-10 |   4.369866e-10 |
|   7.000000e-02 |   1.480100e-07 |   4.792140e-10 |   4.707410e-10 |
|   7.500000e-02 |   1.586421e-07 |   5.136604e-10 |   5.044836e-10 |
|   8.000000e-02 |   1.692702e-07 |   5.480941e-10 |   5.382138e-10 |
+----------------+----------------+----------------+----------------+


Time Step 17, time = 0.085, dt = 0.005
 * Nonlinear |R| = [32m8.447580e-04[39m (Before preset BCs, predictors, correctors, and constraints)
 0 Nonlinear |R| = [32m9.479740e-03[39m
      0 Linear |R| = [32m9.479740e-03[39m
      1 Linear |R| = [32m1.075872e-16[39m
 1 Nonlinear |R| = [32m2.028328e-15[39m
[32m Solve Converged![39m

Postprocessor Values:
+----------------+----------------+----------------+----------------+
| time           | p_l2           | ux_l2          | uy_l2          |
+----------------+----------------+----------------+----------------+
:                :                :                :                :
|   1.500000e-02 |   3.088573e-08 |   9.979822e-11 |   9.900189e-11 |
|   2.000000e-02 |   4.153755e-08 |   1.342876e-10 |   1.328178e-10 |
|   2.500000e-02 |   5.219180e-08 |   1.687953e-10 |   1.666359e-10 |
|   3.000000e-02 |   6.284593e-08 |   2.033069e-10 |   2.004517e-10 |
|   3.500000e-02 |   7.349906e-08 |   2.378174e-10 |   2.342633e-10 |
|   4.000000e-02 |   8.415069e-08 |   2.723244e-10 |   2.680695e-10 |
|   4.500000e-02 |   9.480045e-08 |   3.068261e-10 |   3.018693e-10 |
|   5.000000e-02 |   1.054480e-07 |   3.413213e-10 |   3.356619e-10 |
|   5.500000e-02 |   1.160930e-07 |   3.758087e-10 |   3.694462e-10 |
|   6.000000e-02 |   1.267352e-07 |   4.102872e-10 |   4.032214e-10 |
|   6.500000e-02 |   1.373743e-07 |   4.447560e-10 |   4.369866e-10 |
|   7.000000e-02 |   1.480100e-07 |   4.792140e-10 |   4.707410e-10 |
|   7.500000e-02 |   1.586421e-07 |   5.136604e-10 |   5.044836e-10 |
|   8.000000e-02 |   1.692702e-07 |   5.480941e-10 |   5.382138e-10 |
|   8.500000e-02 |   1.798941e-07 |   5.825143e-10 |   5.719304e-10 |
+----------------+----------------+----------------+----------------+


Time Step 18, time = 0.09, dt = 0.005
 * Nonlinear |R| = [32m8.443982e-04[39m (Before preset BCs, predictors, correctors, and constraints)
 0 Nonlinear |R| = [32m9.475702e-03[39m
      0 Linear |R| = [32m9.475702e-03[39m
      1 Linear |R| = [32m1.232622e-16[39m
 1 Nonlinear |R| = [32m2.043357e-15[39m
[32m Solve Converged![39m

Postprocessor Values:
+----------------+----------------+----------------+----------------+
| time           | p_l2           | ux_l2          | uy_l2          |
+----------------+----------------+----------------+----------------+
:                :                :                :                :
|   2.000000e-02 |   4.153755e-08 |   1.342876e-10 |   1.328178e-10 |
|   2.500000e-02 |   5.219180e-08 |   1.687953e-10 |   1.666359e-10 |
|   3.000000e-02 |   6.284593e-08 |   2.033069e-10 |   2.004517e-10 |
|   3.500000e-02 |   7.349906e-08 |   2.378174e-10 |   2.342633e-10 |
|   4.000000e-02 |   8.415069e-08 |   2.723244e-10 |   2.680695e-10 |
|   4.500000e-02 |   9.480045e-08 |   3.068261e-10 |   3.018693e-10 |
|   5.000000e-02 |   1.054480e-07 |   3.413213e-10 |   3.356619e-10 |
|   5.500000e-02 |   1.160930e-07 |   3.758087e-10 |   3.694462e-10 |
|   6.000000e-02 |   1.267352e-07 |   4.102872e-10 |   4.032214e-10 |
|   6.500000e-02 |   1.373743e-07 |   4.447560e-10 |   4.369866e-10 |
|   7.000000e-02 |   1.480100e-07 |   4.792140e-10 |   4.707410e-10 |
|   7.500000e-02 |   1.586421e-07 |   5.136604e-10 |   5.044836e-10 |
|   8.000000e-02 |   1.692702e-07 |   5.480941e-10 |   5.382138e-10 |
|   8.500000e-02 |   1.798941e-07 |   5.825143e-10 |   5.719304e-10 |
|   9.000000e-02 |   1.905135e-07 |   6.169201e-10 |   6.056329e-10 |
+----------------+----------------+----------------+----------------+


Time Step 19, time = 0.095, dt = 0.005
 * Nonlinear |R| = [32m8.440172e-04[39m (Before preset BCs, predictors, correctors, and constraints)
 0 Nonlinear |R| = [32m9.471428e-03[39m
      0 Linear |R| = [32m9.471428e-03[39m
      1 Linear |R| = [32m1.013998e-16[39m
 1 Nonlinear |R| = [32m2.076472e-15[39m
[32m Solve Converged![39m

Postprocessor Values:
+----------------+----------------+----------------+----------------+
| time           | p_l2           | ux_l2          | uy_l2          |
+----------------+----------------+----------------+----------------+
:                :                :                :                :
|   2.500000e-02 |   5.219180e-08 |   1.687953e-10 |   1.666359e-10 |
|   3.000000e-02 |   6.284593e-08 |   2.033069e-10 |   2.004517e-10 |
|   3.500000e-02 |   7.349906e-08 |   2.378174e-10 |   2.342633e-10 |
|   4.000000e-02 |   8.415069e-08 |   2.723244e-10 |   2.680695e-10 |
|   4.500000e-02 |   9.480045e-08 |   3.068261e-10 |   3.018693e-10 |
|   5.000000e-02 |   1.054480e-07 |   3.413213e-10 |   3.356619e-10 |
|   5.500000e-02 |   1.160930e-07 |   3.758087e-10 |   3.694462e-10 |
|   6.000000e-02 |   1.267352e-07 |   4.102872e-10 |   4.032214e-10 |
|   6.500000e-02 |   1.373743e-07 |   4.447560e-10 |   4.369866e-10 |
|   7.000000e-02 |   1.480100e-07 |   4.792140e-10 |   4.707410e-10 |
|   7.500000e-02 |   1.586421e-07 |   5.136604e-10 |   5.044836e-10 |
|   8.000000e-02 |   1.692702e-07 |   5.480941e-10 |   5.382138e-10 |
|   8.500000e-02 |   1.798941e-07 |   5.825143e-10 |   5.719304e-10 |
|   9.000000e-02 |   1.905135e-07 |   6.169201e-10 |   6.056329e-10 |
|   9.500000e-02 |   2.011282e-07 |   6.513105e-10 |   6.393202e-10 |
+----------------+----------------+----------------+----------------+


Time Step 20, time = 0.1, dt = 0.005
 * Nonlinear |R| = [32m8.436152e-04[39m (Before preset BCs, predictors, correctors, and constraints)
 0 Nonlinear |R| = [32m9.466916e-03[39m
      0 Linear |R| = [32m9.466916e-03[39m
      1 Linear |R| = [32m1.391661e-16[39m
 1 Nonlinear |R| = [32m2.072935e-15[39m
[32m Solve Converged![39m

Postprocessor Values:
+----------------+----------------+----------------+----------------+
| time           | p_l2           | ux_l2          | uy_l2          |
+----------------+----------------+----------------+----------------+
:                :                :                :                :
|   3.000000e-02 |   6.284593e-08 |   2.033069e-10 |   2.004517e-10 |
|   3.500000e-02 |   7.349906e-08 |   2.378174e-10 |   2.342633e-10 |
|   4.000000e-02 |   8.415069e-08 |   2.723244e-10 |   2.680695e-10 |
|   4.500000e-02 |   9.480045e-08 |   3.068261e-10 |   3.018693e-10 |
|   5.000000e-02 |   1.054480e-07 |   3.413213e-10 |   3.356619e-10 |
|   5.500000e-02 |   1.160930e-07 |   3.758087e-10 |   3.694462e-10 |
|   6.000000e-02 |   1.267352e-07 |   4.102872e-10 |   4.032214e-10 |
|   6.500000e-02 |   1.373743e-07 |   4.447560e-10 |   4.369866e-10 |
|   7.000000e-02 |   1.480100e-07 |   4.792140e-10 |   4.707410e-10 |
|   7.500000e-02 |   1.586421e-07 |   5.136604e-10 |   5.044836e-10 |
|   8.000000e-02 |   1.692702e-07 |   5.480941e-10 |   5.382138e-10 |
|   8.500000e-02 |   1.798941e-07 |   5.825143e-10 |   5.719304e-10 |
|   9.000000e-02 |   1.905135e-07 |   6.169201e-10 |   6.056329e-10 |
|   9.500000e-02 |   2.011282e-07 |   6.513105e-10 |   6.393202e-10 |
|   1.000000e-01 |   2.117379e-07 |   6.856849e-10 |   6.729915e-10 |
+----------------+----------------+----------------+----------------+


Time Step 21, time = 0.105, dt = 0.005
 * Nonlinear |R| = [32m8.431921e-04[39m (Before preset BCs, predictors, correctors, and constraints)
 0 Nonlinear |R| = [32m9.462168e-03[39m
      0 Linear |R| = [32m9.462168e-03[39m
      1 Linear |R| = [32m1.090292e-16[39m
 1 Nonlinear |R| = [32m2.069075e-15[39m
[32m Solve Converged![39m

Postprocessor Values:
+----------------+----------------+----------------+----------------+
| time           | p_l2           | ux_l2          | uy_l2          |
+----------------+----------------+----------------+----------------+
:                :                :                :                :
|   3.500000e-02 |   7.349906e-08 |   2.378174e-10 |   2.342633e-10 |
|   4.000000e-02 |   8.415069e-08 |   2.723244e-10 |   2.680695e-10 |
|   4.500000e-02 |   9.480045e-08 |   3.068261e-10 |   3.018693e-10 |
|   5.000000e-02 |   1.054480e-07 |   3.413213e-10 |   3.356619e-10 |
|   5.500000e-02 |   1.160930e-07 |   3.758087e-10 |   3.694462e-10 |
|   6.000000e-02 |   1.267352e-07 |   4.102872e-10 |   4.032214e-10 |
|   6.500000e-02 |   1.373743e-07 |   4.447560e-10 |   4.369866e-10 |
|   7.000000e-02 |   1.480100e-07 |   4.792140e-10 |   4.707410e-10 |
|   7.500000e-02 |   1.586421e-07 |   5.136604e-10 |   5.044836e-10 |
|   8.000000e-02 |   1.692702e-07 |   5.480941e-10 |   5.382138e-10 |
|   8.500000e-02 |   1.798941e-07 |   5.825143e-10 |   5.719304e-10 |
|   9.000000e-02 |   1.905135e-07 |   6.169201e-10 |   6.056329e-10 |
|   9.500000e-02 |   2.011282e-07 |   6.513105e-10 |   6.393202e-10 |
|   1.000000e-01 |   2.117379e-07 |   6.856849e-10 |   6.729915e-10 |
|   1.050000e-01 |   2.223423e-07 |   7.200422e-10 |   7.066461e-10 |
+----------------+----------------+----------------+----------------+


Time Step 22, time = 0.11, dt = 0.005
 * Nonlinear |R| = [32m8.427479e-04[39m (Before preset BCs, predictors, correctors, and constraints)
 0 Nonlinear |R| = [32m9.457183e-03[39m
      0 Linear |R| = [32m9.457183e-03[39m
      1 Linear |R| = [32m9.702264e-17[39m
 1 Nonlinear |R| = [32m2.083054e-15[39m
[32m Solve Converged![39m

Postprocessor Values:
+----------------+----------------+----------------+----------------+
| time           | p_l2           | ux_l2          | uy_l2          |
+----------------+----------------+----------------+----------------+
:                :                :                :                :
|   4.000000e-02 |   8.415069e-08 |   2.723244e-10 |   2.680695e-10 |
|   4.500000e-02 |   9.480045e-08 |   3.068261e-10 |   3.018693e-10 |
|   5.000000e-02 |   1.054480e-07 |   3.413213e-10 |   3.356619e-10 |
|   5.500000e-02 |   1.160930e-07 |   3.758087e-10 |   3.694462e-10 |
|   6.000000e-02 |   1.267352e-07 |   4.102872e-10 |   4.032214e-10 |
|   6.500000e-02 |   1.373743e-07 |   4.447560e-10 |   4.369866e-10 |
|   7.000000e-02 |   1.480100e-07 |   4.792140e-10 |   4.707410e-10 |
|   7.500000e-02 |   1.586421e-07 |   5.136604e-10 |   5.044836e-10 |
|   8.000000e-02 |   1.692702e-07 |   5.480941e-10 |   5.382138e-10 |
|   8.500000e-02 |   1.798941e-07 |   5.825143e-10 |   5.719304e-10 |
|   9.000000e-02 |   1.905135e-07 |   6.169201e-10 |   6.056329e-10 |
|   9.500000e-02 |   2.011282e-07 |   6.513105e-10 |   6.393202e-10 |
|   1.000000e-01 |   2.117379e-07 |   6.856849e-10 |   6.729915e-10 |
|   1.050000e-01 |   2.223423e-07 |   7.200422e-10 |   7.066461e-10 |
|   1.100000e-01 |   2.329412e-07 |   7.543815e-10 |   7.402830e-10 |
+----------------+----------------+----------------+----------------+


Time Step 23, time = 0.115, dt = 0.005
 * Nonlinear |R| = [32m8.422826e-04[39m (Before preset BCs, predictors, correctors, and constraints)
 0 Nonlinear |R| = [32m9.451962e-03[39m
      0 Linear |R| = [32m9.451962e-03[39m
      1 Linear |R| = [32m1.031037e-16[39m
 1 Nonlinear |R| = [32m2.113336e-15[39m
[32m Solve Converged![39m

Postprocessor Values:
+----------------+----------------+----------------+----------------+
| time           | p_l2           | ux_l2          | uy_l2          |
+----------------+----------------+----------------+----------------+
:                :                :                :                :
|   4.500000e-02 |   9.480045e-08 |   3.068261e-10 |   3.018693e-10 |
|   5.000000e-02 |   1.054480e-07 |   3.413213e-10 |   3.356619e-10 |
|   5.500000e-02 |   1.160930e-07 |   3.758087e-10 |   3.694462e-10 |
|   6.000000e-02 |   1.267352e-07 |   4.102872e-10 |   4.032214e-10 |
|   6.500000e-02 |   1.373743e-07 |   4.447560e-10 |   4.369866e-10 |
|   7.000000e-02 |   1.480100e-07 |   4.792140e-10 |   4.707410e-10 |
|   7.500000e-02 |   1.586421e-07 |   5.136604e-10 |   5.044836e-10 |
|   8.000000e-02 |   1.692702e-07 |   5.480941e-10 |   5.382138e-10 |
|   8.500000e-02 |   1.798941e-07 |   5.825143e-10 |   5.719304e-10 |
|   9.000000e-02 |   1.905135e-07 |   6.169201e-10 |   6.056329e-10 |
|   9.500000e-02 |   2.011282e-07 |   6.513105e-10 |   6.393202e-10 |
|   1.000000e-01 |   2.117379e-07 |   6.856849e-10 |   6.729915e-10 |
|   1.050000e-01 |   2.223423e-07 |   7.200422e-10 |   7.066461e-10 |
|   1.100000e-01 |   2.329412e-07 |   7.543815e-10 |   7.402830e-10 |
|   1.150000e-01 |   2.435342e-07 |   7.887021e-10 |   7.739014e-10 |
+----------------+----------------+----------------+----------------+


Time Step 24, time = 0.12, dt = 0.005
 * Nonlinear |R| = [32m8.417963e-04[39m (Before preset BCs, predictors, correctors, and constraints)
 0 Nonlinear |R| = [32m9.446505e-03[39m
      0 Linear |R| = [32m9.446505e-03[39m
      1 Linear |R| = [32m1.832984e-16[39m
 1 Nonlinear |R| = [32m2.108841e-15[39m
[32m Solve Converged![39m

Postprocessor Values:
+----------------+----------------+----------------+----------------+
| time           | p_l2           | ux_l2          | uy_l2          |
+----------------+----------------+----------------+----------------+
:                :                :                :                :
|   5.000000e-02 |   1.054480e-07 |   3.413213e-10 |   3.356619e-10 |
|   5.500000e-02 |   1.160930e-07 |   3.758087e-10 |   3.694462e-10 |
|   6.000000e-02 |   1.267352e-07 |   4.102872e-10 |   4.032214e-10 |
|   6.500000e-02 |   1.373743e-07 |   4.447560e-10 |   4.369866e-10 |
|   7.000000e-02 |   1.480100e-07 |   4.792140e-10 |   4.707410e-10 |
|   7.500000e-02 |   1.586421e-07 |   5.136604e-10 |   5.044836e-10 |
|   8.000000e-02 |   1.692702e-07 |   5.480941e-10 |   5.382138e-10 |
|   8.500000e-02 |   1.798941e-07 |   5.825143e-10 |   5.719304e-10 |
|   9.000000e-02 |   1.905135e-07 |   6.169201e-10 |   6.056329e-10 |
|   9.500000e-02 |   2.011282e-07 |   6.513105e-10 |   6.393202e-10 |
|   1.000000e-01 |   2.117379e-07 |   6.856849e-10 |   6.729915e-10 |
|   1.050000e-01 |   2.223423e-07 |   7.200422e-10 |   7.066461e-10 |
|   1.100000e-01 |   2.329412e-07 |   7.543815e-10 |   7.402830e-10 |
|   1.150000e-01 |   2.435342e-07 |   7.887021e-10 |   7.739014e-10 |
|   1.200000e-01 |   2.541212e-07 |   8.230030e-10 |   8.075005e-10 |
+----------------+----------------+----------------+----------------+


Time Step 25, time = 0.125, dt = 0.005
 * Nonlinear |R| = [32m8.412890e-04[39m (Before preset BCs, predictors, correctors, and constraints)
 0 Nonlinear |R| = [32m9.440811e-03[39m
      0 Linear |R| = [32m9.440811e-03[39m
      1 Linear |R| = [32m1.008995e-16[39m
 1 Nonlinear |R| = [32m2.101674e-15[39m
[32m Solve Converged![39m

Postprocessor Values:
+----------------+----------------+----------------+----------------+
| time           | p_l2           | ux_l2          | uy_l2          |
+----------------+----------------+----------------+----------------+
:                :                :                :                :
|   5.500000e-02 |   1.160930e-07 |   3.758087e-10 |   3.694462e-10 |
|   6.000000e-02 |   1.267352e-07 |   4.102872e-10 |   4.032214e-10 |
|   6.500000e-02 |   1.373743e-07 |   4.447560e-10 |   4.369866e-10 |
|   7.000000e-02 |   1.480100e-07 |   4.792140e-10 |   4.707410e-10 |
|   7.500000e-02 |   1.586421e-07 |   5.136604e-10 |   5.044836e-10 |
|   8.000000e-02 |   1.692702e-07 |   5.480941e-10 |   5.382138e-10 |
|   8.500000e-02 |   1.798941e-07 |   5.825143e-10 |   5.719304e-10 |
|   9.000000e-02 |   1.905135e-07 |   6.169201e-10 |   6.056329e-10 |
|   9.500000e-02 |   2.011282e-07 |   6.513105e-10 |   6.393202e-10 |
|   1.000000e-01 |   2.117379e-07 |   6.856849e-10 |   6.729915e-10 |
|   1.050000e-01 |   2.223423e-07 |   7.200422e-10 |   7.066461e-10 |
|   1.100000e-01 |   2.329412e-07 |   7.543815e-10 |   7.402830e-10 |
|   1.150000e-01 |   2.435342e-07 |   7.887021e-10 |   7.739014e-10 |
|   1.200000e-01 |   2.541212e-07 |   8.230030e-10 |   8.075005e-10 |
|   1.250000e-01 |   2.647018e-07 |   8.572834e-10 |   8.410794e-10 |
+----------------+----------------+----------------+----------------+


Time Step 26, time = 0.13, dt = 0.005
 * Nonlinear |R| = [32m8.407606e-04[39m (Before preset BCs, predictors, correctors, and constraints)
 0 Nonlinear |R| = [32m9.434882e-03[39m
      0 Linear |R| = [32m9.434882e-03[39m
      1 Linear |R| = [32m1.120307e-16[39m
 1 Nonlinear |R| = [32m2.129225e-15[39m
[32m Solve Converged![39m

Postprocessor Values:
+----------------+----------------+----------------+----------------+
| time           | p_l2           | ux_l2          | uy_l2          |
+----------------+----------------+----------------+----------------+
:                :                :                :                :
|   6.000000e-02 |   1.267352e-07 |   4.102872e-10 |   4.032214e-10 |
|   6.500000e-02 |   1.373743e-07 |   4.447560e-10 |   4.369866e-10 |
|   7.000000e-02 |   1.480100e-07 |   4.792140e-10 |   4.707410e-10 |
|   7.500000e-02 |   1.586421e-07 |   5.136604e-10 |   5.044836e-10 |
|   8.000000e-02 |   1.692702e-07 |   5.480941e-10 |   5.382138e-10 |
|   8.500000e-02 |   1.798941e-07 |   5.825143e-10 |   5.719304e-10 |
|   9.000000e-02 |   1.905135e-07 |   6.169201e-10 |   6.056329e-10 |
|   9.500000e-02 |   2.011282e-07 |   6.513105e-10 |   6.393202e-10 |
|   1.000000e-01 |   2.117379e-07 |   6.856849e-10 |   6.729915e-10 |
|   1.050000e-01 |   2.223423e-07 |   7.200422e-10 |   7.066461e-10 |
|   1.100000e-01 |   2.329412e-07 |   7.543815e-10 |   7.402830e-10 |
|   1.150000e-01 |   2.435342e-07 |   7.887021e-10 |   7.739014e-10 |
|   1.200000e-01 |   2.541212e-07 |   8.230030e-10 |   8.075005e-10 |
|   1.250000e-01 |   2.647018e-07 |   8.572834e-10 |   8.410794e-10 |
|   1.300000e-01 |   2.752758e-07 |   8.915424e-10 |   8.746373e-10 |
+----------------+----------------+----------------+----------------+


Time Step 27, time = 0.135, dt = 0.005
 * Nonlinear |R| = [32m8.402111e-04[39m (Before preset BCs, predictors, correctors, and constraints)
 0 Nonlinear |R| = [32m9.428716e-03[39m
      0 Linear |R| = [32m9.428716e-03[39m
      1 Linear |R| = [32m1.447879e-16[39m
 1 Nonlinear |R| = [32m2.124257e-15[39m
[32m Solve Converged![39m

Postprocessor Values:
+----------------+----------------+----------------+----------------+
| time           | p_l2           | ux_l2          | uy_l2          |
+----------------+----------------+----------------+----------------+
:                :                :                :                :
|   6.500000e-02 |   1.373743e-07 |   4.447560e-10 |   4.369866e-10 |
|   7.000000e-02 |   1.480100e-07 |   4.792140e-10 |   4.707410e-10 |
|   7.500000e-02 |   1.586421e-07 |   5.136604e-10 |   5.044836e-10 |
|   8.000000e-02 |   1.692702e-07 |   5.480941e-10 |   5.382138e-10 |
|   8.500000e-02 |   1.798941e-07 |   5.825143e-10 |   5.719304e-10 |
|   9.000000e-02 |   1.905135e-07 |   6.169201e-10 |   6.056329e-10 |
|   9.500000e-02 |   2.011282e-07 |   6.513105e-10 |   6.393202e-10 |
|   1.000000e-01 |   2.117379e-07 |   6.856849e-10 |   6.729915e-10 |
|   1.050000e-01 |   2.223423e-07 |   7.200422e-10 |   7.066461e-10 |
|   1.100000e-01 |   2.329412e-07 |   7.543815e-10 |   7.402830e-10 |
|   1.150000e-01 |   2.435342e-07 |   7.887021e-10 |   7.739014e-10 |
|   1.200000e-01 |   2.541212e-07 |   8.230030e-10 |   8.075005e-10 |
|   1.250000e-01 |   2.647018e-07 |   8.572834e-10 |   8.410794e-10 |
|   1.300000e-01 |   2.752758e-07 |   8.915424e-10 |   8.746373e-10 |
|   1.350000e-01 |   2.858430e-07 |   9.257792e-10 |   9.081733e-10 |
+----------------+----------------+----------------+----------------+


Time Step 28, time = 0.14, dt = 0.005
 * Nonlinear |R| = [32m8.396407e-04[39m (Before preset BCs, predictors, correctors, and constraints)
 0 Nonlinear |R| = [32m9.422315e-03[39m
      0 Linear |R| = [32m9.422315e-03[39m
      1 Linear |R| = [32m1.266113e-16[39m
 1 Nonlinear |R| = [32m2.134938e-15[39m
[32m Solve Converged![39m

Postprocessor Values:
+----------------+----------------+----------------+----------------+
| time           | p_l2           | ux_l2          | uy_l2          |
+----------------+----------------+----------------+----------------+
:                :                :                :                :
|   7.000000e-02 |   1.480100e-07 |   4.792140e-10 |   4.707410e-10 |
|   7.500000e-02 |   1.586421e-07 |   5.136604e-10 |   5.044836e-10 |
|   8.000000e-02 |   1.692702e-07 |   5.480941e-10 |   5.382138e-10 |
|   8.500000e-02 |   1.798941e-07 |   5.825143e-10 |   5.719304e-10 |
|   9.000000e-02 |   1.905135e-07 |   6.169201e-10 |   6.056329e-10 |
|   9.500000e-02 |   2.011282e-07 |   6.513105e-10 |   6.393202e-10 |
|   1.000000e-01 |   2.117379e-07 |   6.856849e-10 |   6.729915e-10 |
|   1.050000e-01 |   2.223423e-07 |   7.200422e-10 |   7.066461e-10 |
|   1.100000e-01 |   2.329412e-07 |   7.543815e-10 |   7.402830e-10 |
|   1.150000e-01 |   2.435342e-07 |   7.887021e-10 |   7.739014e-10 |
|   1.200000e-01 |   2.541212e-07 |   8.230030e-10 |   8.075005e-10 |
|   1.250000e-01 |   2.647018e-07 |   8.572834e-10 |   8.410794e-10 |
|   1.300000e-01 |   2.752758e-07 |   8.915424e-10 |   8.746373e-10 |
|   1.350000e-01 |   2.858430e-07 |   9.257792e-10 |   9.081733e-10 |
|   1.400000e-01 |   2.964029e-07 |   9.599929e-10 |   9.416867e-10 |
+----------------+----------------+----------------+----------------+


Time Step 29, time = 0.145, dt = 0.005
 * Nonlinear |R| = [32m8.390493e-04[39m (Before preset BCs, predictors, correctors, and constraints)
 0 Nonlinear |R| = [32m9.415678e-03[39m
      0 Linear |R| = [32m9.415678e-03[39m
      1 Linear |R| = [32m1.003071e-16[39m
 1 Nonlinear |R| = [32m2.154200e-15[39m
[32m Solve Converged![39m

Postprocessor Values:
+----------------+----------------+----------------+----------------+
| time           | p_l2           | ux_l2          | uy_l2          |
+----------------+----------------+----------------+----------------+
:                :                :                :                :
|   7.500000e-02 |   1.586421e-07 |   5.136604e-10 |   5.044836e-10 |
|   8.000000e-02 |   1.692702e-07 |   5.480941e-10 |   5.382138e-10 |
|   8.500000e-02 |   1.798941e-07 |   5.825143e-10 |   5.719304e-10 |
|   9.000000e-02 |   1.905135e-07 |   6.169201e-10 |   6.056329e-10 |
|   9.500000e-02 |   2.011282e-07 |   6.513105e-10 |   6.393202e-10 |
|   1.000000e-01 |   2.117379e-07 |   6.856849e-10 |   6.729915e-10 |
|   1.050000e-01 |   2.223423e-07 |   7.200422e-10 |   7.066461e-10 |
|   1.100000e-01 |   2.329412e-07 |   7.543815e-10 |   7.402830e-10 |
|   1.150000e-01 |   2.435342e-07 |   7.887021e-10 |   7.739014e-10 |
|   1.200000e-01 |   2.541212e-07 |   8.230030e-10 |   8.075005e-10 |
|   1.250000e-01 |   2.647018e-07 |   8.572834e-10 |   8.410794e-10 |
|   1.300000e-01 |   2.752758e-07 |   8.915424e-10 |   8.746373e-10 |
|   1.350000e-01 |   2.858430e-07 |   9.257792e-10 |   9.081733e-10 |
|   1.400000e-01 |   2.964029e-07 |   9.599929e-10 |   9.416867e-10 |
|   1.450000e-01 |   3.069555e-07 |   9.941826e-10 |   9.751765e-10 |
+----------------+----------------+----------------+----------------+


Time Step 30, time = 0.15, dt = 0.005
 * Nonlinear |R| = [32m8.384369e-04[39m (Before preset BCs, predictors, correctors, and constraints)
 0 Nonlinear |R| = [32m9.408806e-03[39m
      0 Linear |R| = [32m9.408806e-03[39m
      1 Linear |R| = [32m9.736145e-17[39m
 1 Nonlinear |R| = [32m2.175709e-15[39m
[32m Solve Converged![39m

Postprocessor Values:
+----------------+----------------+----------------+----------------+
| time           | p_l2           | ux_l2          | uy_l2          |
+----------------+----------------+----------------+----------------+
:                :                :                :                :
|   8.000000e-02 |   1.692702e-07 |   5.480941e-10 |   5.382138e-10 |
|   8.500000e-02 |   1.798941e-07 |   5.825143e-10 |   5.719304e-10 |
|   9.000000e-02 |   1.905135e-07 |   6.169201e-10 |   6.056329e-10 |
|   9.500000e-02 |   2.011282e-07 |   6.513105e-10 |   6.393202e-10 |
|   1.000000e-01 |   2.117379e-07 |   6.856849e-10 |   6.729915e-10 |
|   1.050000e-01 |   2.223423e-07 |   7.200422e-10 |   7.066461e-10 |
|   1.100000e-01 |   2.329412e-07 |   7.543815e-10 |   7.402830e-10 |
|   1.150000e-01 |   2.435342e-07 |   7.887021e-10 |   7.739014e-10 |
|   1.200000e-01 |   2.541212e-07 |   8.230030e-10 |   8.075005e-10 |
|   1.250000e-01 |   2.647018e-07 |   8.572834e-10 |   8.410794e-10 |
|   1.300000e-01 |   2.752758e-07 |   8.915424e-10 |   8.746373e-10 |
|   1.350000e-01 |   2.858430e-07 |   9.257792e-10 |   9.081733e-10 |
|   1.400000e-01 |   2.964029e-07 |   9.599929e-10 |   9.416867e-10 |
|   1.450000e-01 |   3.069555e-07 |   9.941826e-10 |   9.751765e-10 |
|   1.500000e-01 |   3.175005e-07 |   1.028347e-09 |   1.008642e-09 |
+----------------+----------------+----------------+----------------+


Time Step 31, time = 0.155, dt = 0.005
 * Nonlinear |R| = [32m8.378036e-04[39m (Before preset BCs, predictors, correctors, and constraints)
 0 Nonlinear |R| = [32m9.401699e-03[39m
      0 Linear |R| = [32m9.401699e-03[39m
      1 Linear |R| = [32m9.698373e-17[39m
 1 Nonlinear |R| = [32m2.175242e-15[39m
[32m Solve Converged![39m

Postprocessor Values:
+----------------+----------------+----------------+----------------+
| time           | p_l2           | ux_l2          | uy_l2          |
+----------------+----------------+----------------+----------------+
:                :                :                :                :
|   8.500000e-02 |   1.798941e-07 |   5.825143e-10 |   5.719304e-10 |
|   9.000000e-02 |   1.905135e-07 |   6.169201e-10 |   6.056329e-10 |
|   9.500000e-02 |   2.011282e-07 |   6.513105e-10 |   6.393202e-10 |
|   1.000000e-01 |   2.117379e-07 |   6.856849e-10 |   6.729915e-10 |
|   1.050000e-01 |   2.223423e-07 |   7.200422e-10 |   7.066461e-10 |
|   1.100000e-01 |   2.329412e-07 |   7.543815e-10 |   7.402830e-10 |
|   1.150000e-01 |   2.435342e-07 |   7.887021e-10 |   7.739014e-10 |
|   1.200000e-01 |   2.541212e-07 |   8.230030e-10 |   8.075005e-10 |
|   1.250000e-01 |   2.647018e-07 |   8.572834e-10 |   8.410794e-10 |
|   1.300000e-01 |   2.752758e-07 |   8.915424e-10 |   8.746373e-10 |
|   1.350000e-01 |   2.858430e-07 |   9.257792e-10 |   9.081733e-10 |
|   1.400000e-01 |   2.964029e-07 |   9.599929e-10 |   9.416867e-10 |
|   1.450000e-01 |   3.069555e-07 |   9.941826e-10 |   9.751765e-10 |
|   1.500000e-01 |   3.175005e-07 |   1.028347e-09 |   1.008642e-09 |
|   1.550000e-01 |   3.280374e-07 |   1.062487e-09 |   1.042082e-09 |
+----------------+----------------+----------------+----------------+


Time Step 32, time = 0.16, dt = 0.005
 * Nonlinear |R| = [32m8.371493e-04[39m (Before preset BCs, predictors, correctors, and constraints)
 0 Nonlinear |R| = [32m9.394357e-03[39m
      0 Linear |R| = [32m9.394357e-03[39m
      1 Linear |R| = [32m9.859493e-17[39m
 1 Nonlinear |R| = [32m2.196840e-15[39m
[32m Solve Converged![39m

Postprocessor Values:
+----------------+----------------+----------------+----------------+
| time           | p_l2           | ux_l2          | uy_l2          |
+----------------+----------------+----------------+----------------+
:                :                :                :                :
|   9.000000e-02 |   1.905135e-07 |   6.169201e-10 |   6.056329e-10 |
|   9.500000e-02 |   2.011282e-07 |   6.513105e-10 |   6.393202e-10 |
|   1.000000e-01 |   2.117379e-07 |   6.856849e-10 |   6.729915e-10 |
|   1.050000e-01 |   2.223423e-07 |   7.200422e-10 |   7.066461e-10 |
|   1.100000e-01 |   2.329412e-07 |   7.543815e-10 |   7.402830e-10 |
|   1.150000e-01 |   2.435342e-07 |   7.887021e-10 |   7.739014e-10 |
|   1.200000e-01 |   2.541212e-07 |   8.230030e-10 |   8.075005e-10 |
|   1.250000e-01 |   2.647018e-07 |   8.572834e-10 |   8.410794e-10 |
|   1.300000e-01 |   2.752758e-07 |   8.915424e-10 |   8.746373e-10 |
|   1.350000e-01 |   2.858430e-07 |   9.257792e-10 |   9.081733e-10 |
|   1.400000e-01 |   2.964029e-07 |   9.599929e-10 |   9.416867e-10 |
|   1.450000e-01 |   3.069555e-07 |   9.941826e-10 |   9.751765e-10 |
|   1.500000e-01 |   3.175005e-07 |   1.028347e-09 |   1.008642e-09 |
|   1.550000e-01 |   3.280374e-07 |   1.062487e-09 |   1.042082e-09 |
|   1.600000e-01 |   3.385662e-07 |   1.096599e-09 |   1.075496e-09 |
+----------------+----------------+----------------+----------------+


Time Step 33, time = 0.165, dt = 0.005
 * Nonlinear |R| = [32m8.364741e-04[39m (Before preset BCs, predictors, correctors, and constraints)
 0 Nonlinear |R| = [32m9.386779e-03[39m
      0 Linear |R| = [32m9.386779e-03[39m
      1 Linear |R| = [32m1.155183e-16[39m
 1 Nonlinear |R| = [32m2.199281e-15[39m
[32m Solve Converged![39m

Postprocessor Values:
+----------------+----------------+----------------+----------------+
| time           | p_l2           | ux_l2          | uy_l2          |
+----------------+----------------+----------------+----------------+
:                :                :                :                :
|   9.500000e-02 |   2.011282e-07 |   6.513105e-10 |   6.393202e-10 |
|   1.000000e-01 |   2.117379e-07 |   6.856849e-10 |   6.729915e-10 |
|   1.050000e-01 |   2.223423e-07 |   7.200422e-10 |   7.066461e-10 |
|   1.100000e-01 |   2.329412e-07 |   7.543815e-10 |   7.402830e-10 |
|   1.150000e-01 |   2.435342e-07 |   7.887021e-10 |   7.739014e-10 |
|   1.200000e-01 |   2.541212e-07 |   8.230030e-10 |   8.075005e-10 |
|   1.250000e-01 |   2.647018e-07 |   8.572834e-10 |   8.410794e-10 |
|   1.300000e-01 |   2.752758e-07 |   8.915424e-10 |   8.746373e-10 |
|   1.350000e-01 |   2.858430e-07 |   9.257792e-10 |   9.081733e-10 |
|   1.400000e-01 |   2.964029e-07 |   9.599929e-10 |   9.416867e-10 |
|   1.450000e-01 |   3.069555e-07 |   9.941826e-10 |   9.751765e-10 |
|   1.500000e-01 |   3.175005e-07 |   1.028347e-09 |   1.008642e-09 |
|   1.550000e-01 |   3.280374e-07 |   1.062487e-09 |   1.042082e-09 |
|   1.600000e-01 |   3.385662e-07 |   1.096599e-09 |   1.075496e-09 |
|   1.650000e-01 |   3.490866e-07 |   1.130685e-09 |   1.108884e-09 |
+----------------+----------------+----------------+----------------+


Time Step 34, time = 0.17, dt = 0.005
 * Nonlinear |R| = [32m8.357779e-04[39m (Before preset BCs, predictors, correctors, and constraints)
 0 Nonlinear |R| = [32m9.378967e-03[39m
      0 Linear |R| = [32m9.378967e-03[39m
      1 Linear |R| = [32m1.130700e-16[39m
 1 Nonlinear |R| = [32m2.197462e-15[39m
[32m Solve Converged![39m

Postprocessor Values:
+----------------+----------------+----------------+----------------+
| time           | p_l2           | ux_l2          | uy_l2          |
+----------------+----------------+----------------+----------------+
:                :                :                :                :
|   1.000000e-01 |   2.117379e-07 |   6.856849e-10 |   6.729915e-10 |
|   1.050000e-01 |   2.223423e-07 |   7.200422e-10 |   7.066461e-10 |
|   1.100000e-01 |   2.329412e-07 |   7.543815e-10 |   7.402830e-10 |
|   1.150000e-01 |   2.435342e-07 |   7.887021e-10 |   7.739014e-10 |
|   1.200000e-01 |   2.541212e-07 |   8.230030e-10 |   8.075005e-10 |
|   1.250000e-01 |   2.647018e-07 |   8.572834e-10 |   8.410794e-10 |
|   1.300000e-01 |   2.752758e-07 |   8.915424e-10 |   8.746373e-10 |
|   1.350000e-01 |   2.858430e-07 |   9.257792e-10 |   9.081733e-10 |
|   1.400000e-01 |   2.964029e-07 |   9.599929e-10 |   9.416867e-10 |
|   1.450000e-01 |   3.069555e-07 |   9.941826e-10 |   9.751765e-10 |
|   1.500000e-01 |   3.175005e-07 |   1.028347e-09 |   1.008642e-09 |
|   1.550000e-01 |   3.280374e-07 |   1.062487e-09 |   1.042082e-09 |
|   1.600000e-01 |   3.385662e-07 |   1.096599e-09 |   1.075496e-09 |
|   1.650000e-01 |   3.490866e-07 |   1.130685e-09 |   1.108884e-09 |
|   1.700000e-01 |   3.595982e-07 |   1.164742e-09 |   1.142243e-09 |
+----------------+----------------+----------------+----------------+


Time Step 35, time = 0.175, dt = 0.005
 * Nonlinear |R| = [32m8.350609e-04[39m (Before preset BCs, predictors, correctors, and constraints)
 0 Nonlinear |R| = [32m9.370921e-03[39m
      0 Linear |R| = [32m9.370921e-03[39m
      1 Linear |R| = [32m1.010491e-16[39m
 1 Nonlinear |R| = [32m2.193301e-15[39m
[32m Solve Converged![39m

Postprocessor Values:
+----------------+----------------+----------------+----------------+
| time           | p_l2           | ux_l2          | uy_l2          |
+----------------+----------------+----------------+----------------+
:                :                :                :                :
|   1.050000e-01 |   2.223423e-07 |   7.200422e-10 |   7.066461e-10 |
|   1.100000e-01 |   2.329412e-07 |   7.543815e-10 |   7.402830e-10 |
|   1.150000e-01 |   2.435342e-07 |   7.887021e-10 |   7.739014e-10 |
|   1.200000e-01 |   2.541212e-07 |   8.230030e-10 |   8.075005e-10 |
|   1.250000e-01 |   2.647018e-07 |   8.572834e-10 |   8.410794e-10 |
|   1.300000e-01 |   2.752758e-07 |   8.915424e-10 |   8.746373e-10 |
|   1.350000e-01 |   2.858430e-07 |   9.257792e-10 |   9.081733e-10 |
|   1.400000e-01 |   2.964029e-07 |   9.599929e-10 |   9.416867e-10 |
|   1.450000e-01 |   3.069555e-07 |   9.941826e-10 |   9.751765e-10 |
|   1.500000e-01 |   3.175005e-07 |   1.028347e-09 |   1.008642e-09 |
|   1.550000e-01 |   3.280374e-07 |   1.062487e-09 |   1.042082e-09 |
|   1.600000e-01 |   3.385662e-07 |   1.096599e-09 |   1.075496e-09 |
|   1.650000e-01 |   3.490866e-07 |   1.130685e-09 |   1.108884e-09 |
|   1.700000e-01 |   3.595982e-07 |   1.164742e-09 |   1.142243e-09 |
|   1.750000e-01 |   3.701008e-07 |   1.198770e-09 |   1.175574e-09 |
+----------------+----------------+----------------+----------------+


Time Step 36, time = 0.18, dt = 0.005
 * Nonlinear |R| = [32m8.343230e-04[39m (Before preset BCs, predictors, correctors, and constraints)
 0 Nonlinear |R| = [32m9.362640e-03[39m
      0 Linear |R| = [32m9.362640e-03[39m
      1 Linear |R| = [32m1.186587e-16[39m
 1 Nonlinear |R| = [32m2.194312e-15[39m
[32m Solve Converged![39m

Postprocessor Values:
+----------------+----------------+----------------+----------------+
| time           | p_l2           | ux_l2          | uy_l2          |
+----------------+----------------+----------------+----------------+
:                :                :                :                :
|   1.100000e-01 |   2.329412e-07 |   7.543815e-10 |   7.402830e-10 |
|   1.150000e-01 |   2.435342e-07 |   7.887021e-10 |   7.739014e-10 |
|   1.200000e-01 |   2.541212e-07 |   8.230030e-10 |   8.075005e-10 |
|   1.250000e-01 |   2.647018e-07 |   8.572834e-10 |   8.410794e-10 |
|   1.300000e-01 |   2.752758e-07 |   8.915424e-10 |   8.746373e-10 |
|   1.350000e-01 |   2.858430e-07 |   9.257792e-10 |   9.081733e-10 |
|   1.400000e-01 |   2.964029e-07 |   9.599929e-10 |   9.416867e-10 |
|   1.450000e-01 |   3.069555e-07 |   9.941826e-10 |   9.751765e-10 |
|   1.500000e-01 |   3.175005e-07 |   1.028347e-09 |   1.008642e-09 |
|   1.550000e-01 |   3.280374e-07 |   1.062487e-09 |   1.042082e-09 |
|   1.600000e-01 |   3.385662e-07 |   1.096599e-09 |   1.075496e-09 |
|   1.650000e-01 |   3.490866e-07 |   1.130685e-09 |   1.108884e-09 |
|   1.700000e-01 |   3.595982e-07 |   1.164742e-09 |   1.142243e-09 |
|   1.750000e-01 |   3.701008e-07 |   1.198770e-09 |   1.175574e-09 |
|   1.800000e-01 |   3.805941e-07 |   1.232767e-09 |   1.208876e-09 |
+----------------+----------------+----------------+----------------+


Time Step 37, time = 0.185, dt = 0.005
 * Nonlinear |R| = [32m8.335642e-04[39m (Before preset BCs, predictors, correctors, and constraints)
 0 Nonlinear |R| = [32m9.354126e-03[39m
      0 Linear |R| = [32m9.354126e-03[39m
      1 Linear |R| = [32m9.706187e-17[39m
 1 Nonlinear |R| = [32m2.233569e-15[39m
[32m Solve Converged![39m

Postprocessor Values:
+----------------+----------------+----------------+----------------+
| time           | p_l2           | ux_l2          | uy_l2          |
+----------------+----------------+----------------+----------------+
:                :                :                :                :
|   1.150000e-01 |   2.435342e-07 |   7.887021e-10 |   7.739014e-10 |
|   1.200000e-01 |   2.541212e-07 |   8.230030e-10 |   8.075005e-10 |
|   1.250000e-01 |   2.647018e-07 |   8.572834e-10 |   8.410794e-10 |
|   1.300000e-01 |   2.752758e-07 |   8.915424e-10 |   8.746373e-10 |
|   1.350000e-01 |   2.858430e-07 |   9.257792e-10 |   9.081733e-10 |
|   1.400000e-01 |   2.964029e-07 |   9.599929e-10 |   9.416867e-10 |
|   1.450000e-01 |   3.069555e-07 |   9.941826e-10 |   9.751765e-10 |
|   1.500000e-01 |   3.175005e-07 |   1.028347e-09 |   1.008642e-09 |
|   1.550000e-01 |   3.280374e-07 |   1.062487e-09 |   1.042082e-09 |
|   1.600000e-01 |   3.385662e-07 |   1.096599e-09 |   1.075496e-09 |
|   1.650000e-01 |   3.490866e-07 |   1.130685e-09 |   1.108884e-09 |
|   1.700000e-01 |   3.595982e-07 |   1.164742e-09 |   1.142243e-09 |
|   1.750000e-01 |   3.701008e-07 |   1.198770e-09 |   1.175574e-09 |
|   1.800000e-01 |   3.805941e-07 |   1.232767e-09 |   1.208876e-09 |
|   1.850000e-01 |   3.910780e-07 |   1.266735e-09 |   1.242147e-09 |
+----------------+----------------+----------------+----------------+


Time Step 38, time = 0.19, dt = 0.005
 * Nonlinear |R| = [32m8.327846e-04[39m (Before preset BCs, predictors, correctors, and constraints)
 0 Nonlinear |R| = [32m9.345377e-03[39m
      0 Linear |R| = [32m9.345377e-03[39m
      1 Linear |R| = [32m9.932360e-17[39m
 1 Nonlinear |R| = [32m2.241512e-15[39m
[32m Solve Converged![39m

Postprocessor Values:
+----------------+----------------+----------------+----------------+
| time           | p_l2           | ux_l2          | uy_l2          |
+----------------+----------------+----------------+----------------+
:                :                :                :                :
|   1.200000e-01 |   2.541212e-07 |   8.230030e-10 |   8.075005e-10 |
|   1.250000e-01 |   2.647018e-07 |   8.572834e-10 |   8.410794e-10 |
|   1.300000e-01 |   2.752758e-07 |   8.915424e-10 |   8.746373e-10 |
|   1.350000e-01 |   2.858430e-07 |   9.257792e-10 |   9.081733e-10 |
|   1.400000e-01 |   2.964029e-07 |   9.599929e-10 |   9.416867e-10 |
|   1.450000e-01 |   3.069555e-07 |   9.941826e-10 |   9.751765e-10 |
|   1.500000e-01 |   3.175005e-07 |   1.028347e-09 |   1.008642e-09 |
|   1.550000e-01 |   3.280374e-07 |   1.062487e-09 |   1.042082e-09 |
|   1.600000e-01 |   3.385662e-07 |   1.096599e-09 |   1.075496e-09 |
|   1.650000e-01 |   3.490866e-07 |   1.130685e-09 |   1.108884e-09 |
|   1.700000e-01 |   3.595982e-07 |   1.164742e-09 |   1.142243e-09 |
|   1.750000e-01 |   3.701008e-07 |   1.198770e-09 |   1.175574e-09 |
|   1.800000e-01 |   3.805941e-07 |   1.232767e-09 |   1.208876e-09 |
|   1.850000e-01 |   3.910780e-07 |   1.266735e-09 |   1.242147e-09 |
|   1.900000e-01 |   4.015521e-07 |   1.300670e-09 |   1.275388e-09 |
+----------------+----------------+----------------+----------------+


Time Step 39, time = 0.195, dt = 0.005
 * Nonlinear |R| = [32m8.319842e-04[39m (Before preset BCs, predictors, correctors, and constraints)
 0 Nonlinear |R| = [32m9.336395e-03[39m
      0 Linear |R| = [32m9.336395e-03[39m
      1 Linear |R| = [32m1.161396e-16[39m
 1 Nonlinear |R| = [32m2.256840e-15[39m
[32m Solve Converged![39m

Postprocessor Values:
+----------------+----------------+----------------+----------------+
| time           | p_l2           | ux_l2          | uy_l2          |
+----------------+----------------+----------------+----------------+
:                :                :                :                :
|   1.250000e-01 |   2.647018e-07 |   8.572834e-10 |   8.410794e-10 |
|   1.300000e-01 |   2.752758e-07 |   8.915424e-10 |   8.746373e-10 |
|   1.350000e-01 |   2.858430e-07 |   9.257792e-10 |   9.081733e-10 |
|   1.400000e-01 |   2.964029e-07 |   9.599929e-10 |   9.416867e-10 |
|   1.450000e-01 |   3.069555e-07 |   9.941826e-10 |   9.751765e-10 |
|   1.500000e-01 |   3.175005e-07 |   1.028347e-09 |   1.008642e-09 |
|   1.550000e-01 |   3.280374e-07 |   1.062487e-09 |   1.042082e-09 |
|   1.600000e-01 |   3.385662e-07 |   1.096599e-09 |   1.075496e-09 |
|   1.650000e-01 |   3.490866e-07 |   1.130685e-09 |   1.108884e-09 |
|   1.700000e-01 |   3.595982e-07 |   1.164742e-09 |   1.142243e-09 |
|   1.750000e-01 |   3.701008e-07 |   1.198770e-09 |   1.175574e-09 |
|   1.800000e-01 |   3.805941e-07 |   1.232767e-09 |   1.208876e-09 |
|   1.850000e-01 |   3.910780e-07 |   1.266735e-09 |   1.242147e-09 |
|   1.900000e-01 |   4.015521e-07 |   1.300670e-09 |   1.275388e-09 |
|   1.950000e-01 |   4.120161e-07 |   1.334573e-09 |   1.308596e-09 |
+----------------+----------------+----------------+----------------+


Time Step 40, time = 0.2, dt = 0.005
 * Nonlinear |R| = [32m8.311630e-04[39m (Before preset BCs, predictors, correctors, and constraints)
 0 Nonlinear |R| = [32m9.327179e-03[39m
      0 Linear |R| = [32m9.327179e-03[39m
      1 Linear |R| = [32m9.753350e-17[39m
 1 Nonlinear |R| = [32m2.264564e-15[39m
[32m Solve Converged![39m

Postprocessor Values:
+----------------+----------------+----------------+----------------+
| time           | p_l2           | ux_l2          | uy_l2          |
+----------------+----------------+----------------+----------------+
:                :                :                :                :
|   1.300000e-01 |   2.752758e-07 |   8.915424e-10 |   8.746373e-10 |
|   1.350000e-01 |   2.858430e-07 |   9.257792e-10 |   9.081733e-10 |
|   1.400000e-01 |   2.964029e-07 |   9.599929e-10 |   9.416867e-10 |
|   1.450000e-01 |   3.069555e-07 |   9.941826e-10 |   9.751765e-10 |
|   1.500000e-01 |   3.175005e-07 |   1.028347e-09 |   1.008642e-09 |
|   1.550000e-01 |   3.280374e-07 |   1.062487e-09 |   1.042082e-09 |
|   1.600000e-01 |   3.385662e-07 |   1.096599e-09 |   1.075496e-09 |
|   1.650000e-01 |   3.490866e-07 |   1.130685e-09 |   1.108884e-09 |
|   1.700000e-01 |   3.595982e-07 |   1.164742e-09 |   1.142243e-09 |
|   1.750000e-01 |   3.701008e-07 |   1.198770e-09 |   1.175574e-09 |
|   1.800000e-01 |   3.805941e-07 |   1.232767e-09 |   1.208876e-09 |
|   1.850000e-01 |   3.910780e-07 |   1.266735e-09 |   1.242147e-09 |
|   1.900000e-01 |   4.015521e-07 |   1.300670e-09 |   1.275388e-09 |
|   1.950000e-01 |   4.120161e-07 |   1.334573e-09 |   1.308596e-09 |
|   2.000000e-01 |   4.224699e-07 |   1.368443e-09 |   1.341772e-09 |
+----------------+----------------+----------------+----------------+

Finished Executing                                                                       [[33m217.59 s[39m] [[33m  200 MB[39m]
